Archive member included to satisfy reference by file (symbol)

c:/engineer/program/truestudio for arm 5.5.2/armtools/bin/../lib/gcc/arm-atollic-eabi/5.3.1/../../../../arm-atollic-eabi/lib/armv7e-m/fpu\libc.a(lib_a-init.o)
                              Drivers\CMSIS\Device\ST\STM32F4xx\Source\Templates\gcc\startup_stm32f407xx.o (__libc_init_array)
c:/engineer/program/truestudio for arm 5.5.2/armtools/bin/../lib/gcc/arm-atollic-eabi/5.3.1/armv7e-m/fpu\libgcc.a(_arm_truncdfsf2.o)
                              Src\usart.o (__aeabi_d2f)

Allocating common symbols
Common symbol       size              file

MONITOR_CommandEvent
                    0x1               Src\monitor.o
USART_RxBuffer      0x1               Src\usart.o
MONITOR_CommandLength
                    0x1               Src\monitor.o
MONITOR_CommandReadable
                    0x1               Src\monitor.o
Arg2Num             0x4               Src\command.o
MONITOR_CommandReceivedBackspace
                    0x1               Src\monitor.o
USART_ReceivedChar  0x1               Src\usart.o
MONITOR_CommandReceivedNotLastChar
                    0x1               Src\monitor.o
uwTick              0x4               Drivers\STM32F4xx_HAL_Driver\Src\stm32f4xx_hal.o
xQueueRegistry      0x40              Middlewares\Third_Party\FreeRTOS\Source\queue.o
pFlash              0x20              Drivers\STM32F4xx_HAL_Driver\Src\stm32f4xx_hal_flash.o
MONITOR_CommandActual
                    0xff              Src\monitor.o
MONITOR_CommandCursorPosition
                    0x1               Src\monitor.o
HOMEAUTMESSAGE_MessageInformation
                    0xc               Src\homeautmessage.o
Arg3Num             0x4               Src\command.o
USART_TxBuffer      0xff              Src\usart.o
Debug_UartHandle    0x40              Src\usart.o
MONITOR_CommandActualEscape
                    0x3               Src\monitor.o
MONITOR_CommandEscapeEnd_flag
                    0x1               Src\monitor.o
MONITOR_CommandReceivedLastChar
                    0x1               Src\monitor.o
MONITOR_CommandEscape_cnt
                    0x1               Src\monitor.o
USART_SendEnable_flag
                    0x1               Src\usart.o
MONITOR_CommandEscapeStart_flag
                    0x1               Src\monitor.o
USART_ReceiveEnable_flag
                    0x1               Src\usart.o

Discarded input sections

 .text          0x00000000        0x0 c:/engineer/program/truestudio for arm 5.5.2/armtools/bin/../lib/gcc/arm-atollic-eabi/5.3.1/armv7e-m/fpu/crti.o
 .data          0x00000000        0x0 c:/engineer/program/truestudio for arm 5.5.2/armtools/bin/../lib/gcc/arm-atollic-eabi/5.3.1/armv7e-m/fpu/crti.o
 .bss           0x00000000        0x0 c:/engineer/program/truestudio for arm 5.5.2/armtools/bin/../lib/gcc/arm-atollic-eabi/5.3.1/armv7e-m/fpu/crti.o
 .data          0x00000000        0x4 c:/engineer/program/truestudio for arm 5.5.2/armtools/bin/../lib/gcc/arm-atollic-eabi/5.3.1/armv7e-m/fpu/crtbegin.o
 .text          0x00000000        0x0 Src\usart.o
 .data          0x00000000        0x0 Src\usart.o
 .bss           0x00000000        0x0 Src\usart.o
 .text.USART_SendFloat
                0x00000000       0x16 Src\usart.o
 .text          0x00000000        0x0 Src\template.o
 .data          0x00000000        0x0 Src\template.o
 .bss           0x00000000        0x0 Src\template.o
 .text.MODULNAME_FunctionName
                0x00000000        0x2 Src\template.o
 .text.MODULNAME_OtherFunc
                0x00000000        0x2 Src\template.o
 .debug_info    0x00000000       0xbf Src\template.o
 .debug_abbrev  0x00000000       0x6e Src\template.o
 .debug_aranges
                0x00000000       0x20 Src\template.o
 .debug_ranges  0x00000000       0x10 Src\template.o
 .debug_line    0x00000000      0x134 Src\template.o
 .debug_str     0x00000000      0x1df Src\template.o
 .comment       0x00000000       0x7f Src\template.o
 .debug_frame   0x00000000       0x30 Src\template.o
 .ARM.attributes
                0x00000000       0x39 Src\template.o
 .text          0x00000000        0x0 Src\temperature.o
 .data          0x00000000        0x0 Src\temperature.o
 .bss           0x00000000        0x0 Src\temperature.o
 .debug_info    0x00000000       0xa0 Src\temperature.o
 .debug_abbrev  0x00000000       0x4b Src\temperature.o
 .debug_aranges
                0x00000000       0x18 Src\temperature.o
 .debug_line    0x00000000      0x10f Src\temperature.o
 .debug_str     0x00000000      0x1ce Src\temperature.o
 .comment       0x00000000       0x7f Src\temperature.o
 .ARM.attributes
                0x00000000       0x39 Src\temperature.o
 .text          0x00000000        0x0 Src\string.o
 .data          0x00000000        0x0 Src\string.o
 .bss           0x00000000        0x0 Src\string.o
 .text.StringIsUnsignedDecimalString
                0x00000000       0x1a Src\string.o
 .text.StringIsSignedDecimalString
                0x00000000       0x20 Src\string.o
[...]
Memory Configuration

Name             Origin             Length             Attributes
FLASH            0x08000000         0x00100000         xr
RAM              0x20000000         0x00020000         xrw
CCMRAM           0x10000000         0x00010000         rw
*default*        0x00000000         0xffffffff

Linker script and memory map

LOAD c:/engineer/program/truestudio for arm 5.5.2/armtools/bin/../lib/gcc/arm-atollic-eabi/5.3.1/armv7e-m/fpu/crti.o
LOAD c:/engineer/program/truestudio for arm 5.5.2/armtools/bin/../lib/gcc/arm-atollic-eabi/5.3.1/armv7e-m/fpu/crtbegin.o
LOAD Src\usart.o
LOAD Src\template.o
LOAD Src\temperature.o
LOAD Src\string.o
LOAD Src\stm32f4xx_it.o
LOAD Src\stm32f4xx_hal_msp.o
LOAD Src\raspberrypi.o
LOAD Src\monitor.o
LOAD Src\main.o
LOAD Src\led.o
LOAD Src\it.o
LOAD Src\homeautmessage.o
LOAD Src\freertos.o
LOAD Src\flash.o
LOAD Src\command.o
LOAD Src\button.o
LOAD Src\adc.o
LOAD Src\SysManager.o
LOAD Src\MEM.o
LOAD Src\IO.o
LOAD Src\ESP8266.o
LOAD Middlewares\Third_Party\FreeRTOS\Source\timers.o
LOAD Middlewares\Third_Party\FreeRTOS\Source\tasks.o
LOAD Middlewares\Third_Party\FreeRTOS\Source\queue.o
LOAD Middlewares\Third_Party\FreeRTOS\Source\portable\MemMang\heap_4.o
LOAD Middlewares\Third_Party\FreeRTOS\Source\portable\GCC\ARM_CM4F\port.o
LOAD Middlewares\Third_Party\FreeRTOS\Source\list.o
LOAD Middlewares\Third_Party\FreeRTOS\Source\event_groups.o
LOAD Middlewares\Third_Party\FreeRTOS\Source\croutine.o
LOAD Middlewares\Third_Party\FreeRTOS\Source\CMSIS_RTOS\cmsis_os.o
LOAD Drivers\STM32F4xx_HAL_Driver\Src\stm32f4xx_hal_uart.o
LOAD Drivers\STM32F4xx_HAL_Driver\Src\stm32f4xx_hal_tim_ex.o
LOAD Drivers\STM32F4xx_HAL_Driver\Src\stm32f4xx_hal_tim.o
LOAD Drivers\STM32F4xx_HAL_Driver\Src\stm32f4xx_hal_rcc_ex.o
LOAD Drivers\STM32F4xx_HAL_Driver\Src\stm32f4xx_hal_rcc.o
LOAD Drivers\STM32F4xx_HAL_Driver\Src\stm32f4xx_hal_pwr_ex.o
LOAD Drivers\STM32F4xx_HAL_Driver\Src\stm32f4xx_hal_pwr.o
LOAD Drivers\STM32F4xx_HAL_Driver\Src\stm32f4xx_hal_gpio.o
LOAD Drivers\STM32F4xx_HAL_Driver\Src\stm32f4xx_hal_flash_ramfunc.o
LOAD Drivers\STM32F4xx_HAL_Driver\Src\stm32f4xx_hal_flash_ex.o
LOAD Drivers\STM32F4xx_HAL_Driver\Src\stm32f4xx_hal_flash.o
LOAD Drivers\STM32F4xx_HAL_Driver\Src\stm32f4xx_hal_dma_ex.o
LOAD Drivers\STM32F4xx_HAL_Driver\Src\stm32f4xx_hal_dma.o
LOAD Drivers\STM32F4xx_HAL_Driver\Src\stm32f4xx_hal_cortex.o
LOAD Drivers\STM32F4xx_HAL_Driver\Src\stm32f4xx_hal.o
LOAD Drivers\CMSIS\Device\ST\STM32F4xx\Source\Templates\system_stm32f4xx.o
LOAD Drivers\CMSIS\Device\ST\STM32F4xx\Source\Templates\gcc\startup_stm32f407xx.o
START GROUP
LOAD c:/engineer/program/truestudio for arm 5.5.2/armtools/bin/../lib/gcc/arm-atollic-eabi/5.3.1/../../../../arm-atollic-eabi/lib/armv7e-m/fpu\libc.a
LOAD c:/engineer/program/truestudio for arm 5.5.2/armtools/bin/../lib/gcc/arm-atollic-eabi/5.3.1/../../../../arm-atollic-eabi/lib/armv7e-m/fpu\libm.a
END GROUP
                0x00000080                malloc_getpagesize_P = 0x80
START GROUP
LOAD c:/engineer/program/truestudio for arm 5.5.2/armtools/bin/../lib/gcc/arm-atollic-eabi/5.3.1/armv7e-m/fpu\libgcc.a
LOAD c:/engineer/program/truestudio for arm 5.5.2/armtools/bin/../lib/gcc/arm-atollic-eabi/5.3.1/../../../../arm-atollic-eabi/lib/armv7e-m/fpu\libc.a
END GROUP
START GROUP
LOAD c:/engineer/program/truestudio for arm 5.5.2/armtools/bin/../lib/gcc/arm-atollic-eabi/5.3.1/armv7e-m/fpu\libgcc.a
LOAD c:/engineer/program/truestudio for arm 5.5.2/armtools/bin/../lib/gcc/arm-atollic-eabi/5.3.1/../../../../arm-atollic-eabi/lib/armv7e-m/fpu\libc.a
LOAD c:/engineer/program/truestudio for arm 5.5.2/armtools/bin/../lib/gcc/arm-atollic-eabi/5.3.1/../../../../arm-atollic-eabi/lib/armv7e-m/fpu\libnosys.a
END GROUP
LOAD c:/engineer/program/truestudio for arm 5.5.2/armtools/bin/../lib/gcc/arm-atollic-eabi/5.3.1/armv7e-m/fpu/crtend.o
LOAD c:/engineer/program/truestudio for arm 5.5.2/armtools/bin/../lib/gcc/arm-atollic-eabi/5.3.1/armv7e-m/fpu/crtn.o
                0x20020000                _estack = 0x20020000
                0x00000200                _Min_Heap_Size = 0x200
                0x00000400                _Min_Stack_Size = 0x400

.isr_vector     0x08000000      0x188
                0x08000000                . = ALIGN (0x4)
 *(.isr_vector)
 .isr_vector    0x08000000      0x188 Drivers\CMSIS\Device\ST\STM32F4xx\Source\Templates\gcc\startup_stm32f407xx.o
                0x08000000                g_pfnVectors
                0x08000188                . = ALIGN (0x4)

.text           0x08000188     0x1ee8
                0x08000188                . = ALIGN (0x4)
 *(.text)
 .text          0x08000188       0x40 c:/engineer/program/truestudio for arm 5.5.2/armtools/bin/../lib/gcc/arm-atollic-eabi/5.3.1/armv7e-m/fpu/crtbegin.o
 .text          0x080001c8       0xa0 c:/engineer/program/truestudio for arm 5.5.2/armtools/bin/../lib/gcc/arm-atollic-eabi/5.3.1/armv7e-m/fpu\libgcc.a(_arm_truncdfsf2.o)
                0x080001c8                __truncdfsf2
                0x080001c8                __aeabi_d2f
 *(.text*)
 .text.USART_Init
                0x08000268       0x5c Src\usart.o
                0x08000268                USART_Init
 .text.HAL_UART_MspInit
                0x080002c4       0x80 Src\usart.o
                0x080002c4                HAL_UART_MspInit
 .text.USART1_IRQHandler
                0x08000344        0x2 Src\usart.o
                0x08000344                USART1_IRQHandler
 *fill*         0x08000346        0x2 
 .text.USART2_IRQHandler
                0x08000348        0xc Src\usart.o
                0x08000348                USART2_IRQHandler
 .text.HAL_UART_TxCpltCallback
                0x08000354        0xc Src\usart.o
                0x08000354                HAL_UART_TxCpltCallback
 .text.HAL_UART_RxCpltCallback
                0x08000360      0x130 Src\usart.o
                0x08000360                HAL_UART_RxCpltCallback
 .text.HAL_UART_ErrorCallback
                0x08000490       0x4c Src\usart.o
                0x08000490                HAL_UART_ErrorCallback
 .text.USART_ReceiveMessage
                0x080004dc       0x14 Src\usart.o
                0x080004dc                USART_ReceiveMessage
 .text.USART_WaitForSend
                0x080004f0       0x24 Src\usart.o
                0x080004f0                USART_WaitForSend
 .text.USART_SendMessage
                0x08000514       0x4c Src\usart.o
                0x08000514                USART_SendMessage
 .text.USART_SendChar
                0x08000560       0x48 Src\usart.o
                0x08000560                USART_SendChar
 .text.uprintf  0x080005a8      0x100 Src\usart.o
                0x080005a8                uprintf
 .text.UnsignedDecimalToString
                0x080006a8       0x3c Src\string.o
                0x080006a8                UnsignedDecimalToString
 .text.SignedDecimalToString
                0x080006e4       0x24 Src\string.o
                0x080006e4                SignedDecimalToString
 .text.OctetToChar
                0x08000708       0x1a Src\string.o
                0x08000708                OctetToChar
 .text.ByteToHexaString
                0x08000722       0x1e Src\string.o
                0x08000722                ByteToHexaString
 .text.DecimalToHexaString
                0x08000740       0x44 Src\string.o
                0x08000740                DecimalToHexaString
 .text.FloatToString
                0x08000784       0x82 Src\string.o
                0x08000784                FloatToString
 .text.IsHexChar
                0x08000806       0x20 Src\string.o
                0x08000806                IsHexChar
 .text.StringIsHexadecimalString
                0x08000826       0x20 Src\string.o
                0x08000826                StringIsHexadecimalString
 .text.HexCharToOctet
                0x08000846       0x28 Src\string.o
                0x08000846                HexCharToOctet
 .text.StringByteToNum
                0x0800086e       0x24 Src\string.o
                0x0800086e                StringByteToNum
 .text.StringHexToNum
                0x08000892       0x58 Src\string.o
                0x08000892                StringHexToNum
 .text.UnsignedDecimalStringToNum
                0x080008ea       0x2c Src\string.o
                0x080008ea                UnsignedDecimalStringToNum
 .text.StringLength
                0x08000916       0x12 Src\string.o
                0x08000916                StringLength
 .text.StrCmp   0x08000928       0x22 Src\string.o
                0x08000928                StrCmp
 .text.StrCpy   0x0800094a       0x2a Src\string.o
                0x0800094a                StrCpy
 .text.SysTick_Handler
                0x08000974        0xe Src\stm32f4xx_it.o
                0x08000974                SysTick_Handler
 .text.HAL_MspInit
                0x08000982       0x60 Src\stm32f4xx_hal_msp.o
                0x08000982                HAL_MspInit
 *fill*         0x080009e2        0x2 
 .text.MONITOR_Init
                0x080009e4       0x58 Src\monitor.o
                0x080009e4                MONITOR_Init
 .text.MONITOR_SendPrimitiveWelcome
                0x08000a3c       0x40 Src\monitor.o
                0x08000a3c                MONITOR_SendPrimitiveWelcome
 .text.MONITOR_CommandSeparate
                0x08000a7c       0x6c Src\monitor.o
                0x08000a7c                MONITOR_CommandSeparate
 .text.MONITOR_CommandFind
                0x08000ae8       0x60 Src\monitor.o
                0x08000ae8                MONITOR_CommandFind
 .text.MONITOR_EndCommand
                0x08000b48       0x2c Src\monitor.o
                0x08000b48                MONITOR_EndCommand
 .text.MONITOR_CommandBackspace
                0x08000b74       0xc4 Src\monitor.o
                0x08000b74                MONITOR_CommandBackspace
 .text.MONITOR_CommandResendLine
                0x08000c38       0x54 Src\monitor.o
                0x08000c38                MONITOR_CommandResendLine
 .text.MONITOR_CommandEscapeCharValidation
                0x08000c8c       0x6c Src\monitor.o
                0x08000c8c                MONITOR_CommandEscapeCharValidation
 .text.MONITOR_ConvertSmallLetter
                0x08000cf8       0x20 Src\monitor.o
                0x08000cf8                MONITOR_ConvertSmallLetter
 .text.MONITOR_CheckCommand
                0x08000d18      0x110 Src\monitor.o
                0x08000d18                MONITOR_CheckCommand
 .text.Error_Handler
                0x08000e28        0x2 Src\main.o
                0x08000e28                Error_Handler
 *fill*         0x08000e2a        0x2 
 .text.SystemClock_Config
                0x08000e2c       0x6c Src\main.o
                0x08000e2c                SystemClock_Config
 .text.startup.main
                0x08000e98       0x20 Src\main.o
                0x08000e98                main
 .text.CommandFunction_raspberrypi
                0x08000eb8        0x4 Src\command.o
                0x08000eb8                CommandFunction_raspberrypi
 .text.CommandFunction_cls
                0x08000ebc       0x1c Src\command.o
                0x08000ebc                CommandFunction_cls
 .text.CommandFunction_reset
                0x08000ed8       0x30 Src\command.o
                0x08000ed8                CommandFunction_reset
 .text.CommandFunction_test
                0x08000f08       0x1c Src\command.o
                0x08000f08                CommandFunction_test
 .text.CommandFunction_flashdel
                0x08000f24       0x50 Src\command.o
                0x08000f24                CommandFunction_flashdel
 .text.CommandFunction_flashread
                0x08000f74       0x44 Src\command.o
                0x08000f74                CommandFunction_flashread
 .text.CommandFunction_help
                0x08000fb8       0x88 Src\command.o
                0x08000fb8                CommandFunction_help
 .text.CommandFunction_led
                0x08001040       0x40 Src\command.o
                0x08001040                CommandFunction_led
 .text.CommandFunction_flashwrite
                0x08001080       0x64 Src\command.o
                0x08001080                CommandFunction_flashwrite
 .text.CommandFunction_temp
                0x080010e4        0x4 Src\command.o
                0x080010e4                CommandFunction_temp
 .text.COMMAND_GetCommandNum
                0x080010e8        0x4 Src\command.o
                0x080010e8                COMMAND_GetCommandNum
 .text.prvResetNextTaskUnblockTime
                0x080010ec       0x24 Middlewares\Third_Party\FreeRTOS\Source\tasks.o
 .text.xTaskIncrementTick
                0x08001110      0x130 Middlewares\Third_Party\FreeRTOS\Source\tasks.o
                0x08001110                xTaskIncrementTick
 .text.vTaskSwitchContext
                0x08001240       0x74 Middlewares\Third_Party\FreeRTOS\Source\tasks.o
                0x08001240                vTaskSwitchContext
 .text.xTaskGetSchedulerState
                0x080012b4       0x20 Middlewares\Third_Party\FreeRTOS\Source\tasks.o
                0x080012b4                xTaskGetSchedulerState
 .text.SVC_Handler
                0x080012d4       0x20 Middlewares\Third_Party\FreeRTOS\Source\portable\GCC\ARM_CM4F\port.o
                0x080012d4                SVC_Handler
 .text.PendSV_Handler
                0x080012f4       0x60 Middlewares\Third_Party\FreeRTOS\Source\portable\GCC\ARM_CM4F\port.o
                0x080012f4                PendSV_Handler
 .text.xPortSysTickHandler
                0x08001354       0x30 Middlewares\Third_Party\FreeRTOS\Source\portable\GCC\ARM_CM4F\port.o
                0x08001354                xPortSysTickHandler
 .text.vListInsertEnd
                0x08001384       0x18 Middlewares\Third_Party\FreeRTOS\Source\list.o
                0x08001384                vListInsertEnd
 .text.uxListRemove
                0x0800139c       0x20 Middlewares\Third_Party\FreeRTOS\Source\list.o
                0x0800139c                uxListRemove
 .text.osSystickHandler
                0x080013bc       0x14 Middlewares\Third_Party\FreeRTOS\Source\CMSIS_RTOS\cmsis_os.o
                0x080013bc                osSystickHandler
 .text.UART_EndRxTransfer
                0x080013d0       0x1a Drivers\STM32F4xx_HAL_Driver\Src\stm32f4xx_hal_uart.o
 *fill*         0x080013ea        0x2 
 .text.UART_SetConfig
                0x080013ec      0x23c Drivers\STM32F4xx_HAL_Driver\Src\stm32f4xx_hal_uart.o
 .text.HAL_UART_Init
                0x08001628       0x5c Drivers\STM32F4xx_HAL_Driver\Src\stm32f4xx_hal_uart.o
                0x08001628                HAL_UART_Init
 .text.HAL_UART_Transmit_IT
                0x08001684       0x3e Drivers\STM32F4xx_HAL_Driver\Src\stm32f4xx_hal_uart.o
                0x08001684                HAL_UART_Transmit_IT
 .text.HAL_UART_Receive_IT
                0x080016c2       0x46 Drivers\STM32F4xx_HAL_Driver\Src\stm32f4xx_hal_uart.o
                0x080016c2                HAL_UART_Receive_IT
 .text.UART_Receive_IT
                0x08001708       0x78 Drivers\STM32F4xx_HAL_Driver\Src\stm32f4xx_hal_uart.o
 .text.HAL_UART_IRQHandler
                0x08001780      0x140 Drivers\STM32F4xx_HAL_Driver\Src\stm32f4xx_hal_uart.o
                0x08001780                HAL_UART_IRQHandler
 .text.UART_DMAAbortOnError
                0x080018c0       0x10 Drivers\STM32F4xx_HAL_Driver\Src\stm32f4xx_hal_uart.o
 .text.HAL_RCC_OscConfig
                0x080018d0      0x2d0 Drivers\STM32F4xx_HAL_Driver\Src\stm32f4xx_hal_rcc.o
                0x080018d0                HAL_RCC_OscConfig
 .text.HAL_RCC_GetHCLKFreq
                0x08001ba0        0xc Drivers\STM32F4xx_HAL_Driver\Src\stm32f4xx_hal_rcc.o
                0x08001ba0                HAL_RCC_GetHCLKFreq
 .text.HAL_RCC_GetPCLK1Freq
                0x08001bac       0x30 Drivers\STM32F4xx_HAL_Driver\Src\stm32f4xx_hal_rcc.o
                0x08001bac                HAL_RCC_GetPCLK1Freq
 .text.HAL_RCC_GetPCLK2Freq
                0x08001bdc       0x30 Drivers\STM32F4xx_HAL_Driver\Src\stm32f4xx_hal_rcc.o
                0x08001bdc                HAL_RCC_GetPCLK2Freq
 .text.HAL_GPIO_Init
                0x08001c0c      0x1c0 Drivers\STM32F4xx_HAL_Driver\Src\stm32f4xx_hal_gpio.o
                0x08001c0c                HAL_GPIO_Init
 .text.HAL_DMA_Abort_IT
                0x08001dcc       0x24 Drivers\STM32F4xx_HAL_Driver\Src\stm32f4xx_hal_dma.o
                0x08001dcc                HAL_DMA_Abort_IT
 .text.HAL_NVIC_SetPriorityGrouping
                0x08001df0       0x24 Drivers\STM32F4xx_HAL_Driver\Src\stm32f4xx_hal_cortex.o
                0x08001df0                HAL_NVIC_SetPriorityGrouping
 .text.HAL_NVIC_SetPriority
                0x08001e14       0x68 Drivers\STM32F4xx_HAL_Driver\Src\stm32f4xx_hal_cortex.o
                0x08001e14                HAL_NVIC_SetPriority
 .text.HAL_NVIC_EnableIRQ
                0x08001e7c       0x18 Drivers\STM32F4xx_HAL_Driver\Src\stm32f4xx_hal_cortex.o
                0x08001e7c                HAL_NVIC_EnableIRQ
 .text.HAL_SYSTICK_Config
                0x08001e94       0x2c Drivers\STM32F4xx_HAL_Driver\Src\stm32f4xx_hal_cortex.o
                0x08001e94                HAL_SYSTICK_Config
 .text.HAL_SYSTICK_CLKSourceConfig
                0x08001ec0       0x18 Drivers\STM32F4xx_HAL_Driver\Src\stm32f4xx_hal_cortex.o
                0x08001ec0                HAL_SYSTICK_CLKSourceConfig
 .text.HAL_InitTick
                0x08001ed8       0x28 Drivers\STM32F4xx_HAL_Driver\Src\stm32f4xx_hal.o
                0x08001ed8                HAL_InitTick
 .text.HAL_Init
                0x08001f00       0x34 Drivers\STM32F4xx_HAL_Driver\Src\stm32f4xx_hal.o
                0x08001f00                HAL_Init
 .text.HAL_IncTick
                0x08001f34       0x10 Drivers\STM32F4xx_HAL_Driver\Src\stm32f4xx_hal.o
                0x08001f34                HAL_IncTick
 .text.HAL_GetTick
                0x08001f44        0xc Drivers\STM32F4xx_HAL_Driver\Src\stm32f4xx_hal.o
                0x08001f44                HAL_GetTick
 .text.HAL_Delay
                0x08001f50       0x1a Drivers\STM32F4xx_HAL_Driver\Src\stm32f4xx_hal.o
                0x08001f50                HAL_Delay
 *fill*         0x08001f6a        0x2 
 .text.SystemInit
                0x08001f6c       0x4c Drivers\CMSIS\Device\ST\STM32F4xx\Source\Templates\system_stm32f4xx.o
                0x08001f6c                SystemInit
 .text.Reset_Handler
                0x08001fb8       0x50 Drivers\CMSIS\Device\ST\STM32F4xx\Source\Templates\gcc\startup_stm32f407xx.o
                0x08001fb8                Reset_Handler
 .text.Default_Handler
                0x08002008        0x2 Drivers\CMSIS\Device\ST\STM32F4xx\Source\Templates\gcc\startup_stm32f407xx.o
                0x08002008                RTC_Alarm_IRQHandler
                0x08002008                HASH_RNG_IRQHandler
                0x08002008                EXTI2_IRQHandler
                0x08002008                TIM8_CC_IRQHandler
                0x08002008                DebugMon_Handler
                0x08002008                TIM1_CC_IRQHandler
                0x08002008                DMA2_Stream5_IRQHandler
                0x08002008                HardFault_Handler
                0x08002008                DMA1_Stream5_IRQHandler
                0x08002008                PVD_IRQHandler
                0x08002008                SDIO_IRQHandler
                0x08002008                TAMP_STAMP_IRQHandler
                0x08002008                NMI_Handler
                0x08002008                CAN2_RX1_IRQHandler
                0x08002008                EXTI3_IRQHandler
                0x08002008                TIM8_TRG_COM_TIM14_IRQHandler
                0x08002008                TIM1_UP_TIM10_IRQHandler
                0x08002008                TIM8_UP_TIM13_IRQHandler
                0x08002008                I2C3_ER_IRQHandler
                0x08002008                EXTI0_IRQHandler
                0x08002008                I2C2_EV_IRQHandler
                0x08002008                DMA1_Stream2_IRQHandler
                0x08002008                CAN1_RX0_IRQHandler
                0x08002008                FPU_IRQHandler
                0x08002008                OTG_HS_WKUP_IRQHandler
                0x08002008                UsageFault_Handler
                0x08002008                CAN2_SCE_IRQHandler
                0x08002008                DMA2_Stream2_IRQHandler
                0x08002008                SPI1_IRQHandler
                0x08002008                TIM6_DAC_IRQHandler
                0x08002008                TIM1_BRK_TIM9_IRQHandler
                0x08002008                DCMI_IRQHandler
                0x08002008                CAN2_RX0_IRQHandler
                0x08002008                DMA2_Stream3_IRQHandler
                0x08002008                USART6_IRQHandler
                0x08002008                USART3_IRQHandler
                0x08002008                CAN1_RX1_IRQHandler
                0x08002008                UART5_IRQHandler
                0x08002008                DMA2_Stream0_IRQHandler
                0x08002008                TIM4_IRQHandler
                0x08002008                I2C1_EV_IRQHandler
                0x08002008                DMA1_Stream6_IRQHandler
                0x08002008                DMA1_Stream1_IRQHandler
                0x08002008                UART4_IRQHandler
                0x08002008                TIM3_IRQHandler
                0x08002008                RCC_IRQHandler
                0x08002008                TIM8_BRK_TIM12_IRQHandler
                0x08002008                Default_Handler
                0x08002008                EXTI15_10_IRQHandler
                0x08002008                ADC_IRQHandler
                0x08002008                DMA1_Stream7_IRQHandler
                0x08002008                TIM7_IRQHandler
                0x08002008                CAN2_TX_IRQHandler
                0x08002008                TIM5_IRQHandler
                0x08002008                DMA2_Stream7_IRQHandler
                0x08002008                I2C3_EV_IRQHandler
                0x08002008                EXTI9_5_IRQHandler
                0x08002008                RTC_WKUP_IRQHandler
                0x08002008                ETH_WKUP_IRQHandler
                0x08002008                SPI2_IRQHandler
                0x08002008                OTG_HS_EP1_IN_IRQHandler
                0x08002008                MemManage_Handler
                0x08002008                DMA1_Stream0_IRQHandler
                0x08002008                CAN1_TX_IRQHandler
                0x08002008                EXTI4_IRQHandler
                0x08002008                FSMC_IRQHandler
                0x08002008                ETH_IRQHandler
                0x08002008                OTG_HS_EP1_OUT_IRQHandler
                0x08002008                WWDG_IRQHandler
                0x08002008                TIM2_IRQHandler
                0x08002008                OTG_FS_WKUP_IRQHandler
                0x08002008                TIM1_TRG_COM_TIM11_IRQHandler
                0x08002008                OTG_HS_IRQHandler
                0x08002008                EXTI1_IRQHandler
                0x08002008                I2C2_ER_IRQHandler
                0x08002008                DMA2_Stream1_IRQHandler
                0x08002008                CAN1_SCE_IRQHandler
                0x08002008                FLASH_IRQHandler
                0x08002008                DMA2_Stream4_IRQHandler
                0x08002008                BusFault_Handler
                0x08002008                OTG_FS_IRQHandler
                0x08002008                SPI3_IRQHandler
                0x08002008                DMA1_Stream4_IRQHandler
                0x08002008                I2C1_ER_IRQHandler
                0x08002008                DMA2_Stream6_IRQHandler
                0x08002008                DMA1_Stream3_IRQHandler
 *fill*         0x0800200a        0x2 
 .text.__libc_init_array
                0x0800200c       0x4c c:/engineer/program/truestudio for arm 5.5.2/armtools/bin/../lib/gcc/arm-atollic-eabi/5.3.1/../../../../arm-atollic-eabi/lib/armv7e-m/fpu\libc.a(lib_a-init.o)
                0x0800200c                __libc_init_array
 *(.glue_7)
 .glue_7        0x08002058        0x0 linker stubs
 *(.glue_7t)
 .glue_7t       0x08002058        0x0 linker stubs
 *(.eh_frame)
 .eh_frame      0x08002058        0x0 c:/engineer/program/truestudio for arm 5.5.2/armtools/bin/../lib/gcc/arm-atollic-eabi/5.3.1/armv7e-m/fpu/crtbegin.o
 *(.init)
 .init          0x08002058        0x4 c:/engineer/program/truestudio for arm 5.5.2/armtools/bin/../lib/gcc/arm-atollic-eabi/5.3.1/armv7e-m/fpu/crti.o
                0x08002058                _init
 .init          0x0800205c        0x8 c:/engineer/program/truestudio for arm 5.5.2/armtools/bin/../lib/gcc/arm-atollic-eabi/5.3.1/armv7e-m/fpu/crtn.o
 *(.fini)
 .fini          0x08002064        0x4 c:/engineer/program/truestudio for arm 5.5.2/armtools/bin/../lib/gcc/arm-atollic-eabi/5.3.1/armv7e-m/fpu/crti.o
                0x08002064                _fini
 .fini          0x08002068        0x8 c:/engineer/program/truestudio for arm 5.5.2/armtools/bin/../lib/gcc/arm-atollic-eabi/5.3.1/armv7e-m/fpu/crtn.o
                0x08002070                . = ALIGN (0x4)
                0x08002070                _etext = .

.vfp11_veneer   0x08002070        0x0
 .vfp11_veneer  0x08002070        0x0 linker stubs

.v4_bx          0x08002070        0x0
 .v4_bx         0x08002070        0x0 linker stubs

.iplt           0x08002070        0x0
 .iplt          0x08002070        0x0 c:/engineer/program/truestudio for arm 5.5.2/armtools/bin/../lib/gcc/arm-atollic-eabi/5.3.1/armv7e-m/fpu/crtbegin.o

.rodata         0x08002070      0x4a4
                0x08002070                . = ALIGN (0x4)
 *(.rodata)
 *(.rodata*)
 .rodata.str1.1
                0x08002070        0x2 Src\usart.o
 .rodata.str1.1
                0x08002072      0x157 Src\monitor.o
                                0x15a (size before relaxing)
 .rodata.str1.1
                0x080021c9      0x2c2 Src\command.o
                                0x2e4 (size before relaxing)
 *fill*         0x0800248b        0x1 
 .rodata.CommandList
                0x0800248c       0x78 Src\command.o
                0x0800248c                CommandList
 .rodata.APBAHBPrescTable
                0x08002504       0x10 Drivers\STM32F4xx_HAL_Driver\Src\stm32f4xx_hal_rcc.o
                0x08002504                APBAHBPrescTable
                0x08002514                . = ALIGN (0x4)

.rel.dyn        0x08002514        0x0
 .rel.iplt      0x08002514        0x0 c:/engineer/program/truestudio for arm 5.5.2/armtools/bin/../lib/gcc/arm-atollic-eabi/5.3.1/armv7e-m/fpu/crtbegin.o

.ARM.extab
 *(.ARM.extab* .gnu.linkonce.armextab.*)

.ARM            0x08002514        0x0
                0x08002514                __exidx_start = .
 *(.ARM.exidx*)
                0x08002514                __exidx_end = .

.preinit_array  0x08002514        0x0
                0x08002514                PROVIDE (__preinit_array_start, .)
 *(.preinit_array*)
                0x08002514                PROVIDE (__preinit_array_end, .)

.init_array     0x08002514        0x4
                0x08002514                PROVIDE (__init_array_start, .)
 *(SORT(.init_array.*))
 *(.init_array*)
 .init_array    0x08002514        0x4 c:/engineer/program/truestudio for arm 5.5.2/armtools/bin/../lib/gcc/arm-atollic-eabi/5.3.1/armv7e-m/fpu/crtbegin.o
                0x08002518                PROVIDE (__init_array_end, .)

.fini_array     0x08002518        0x4
                [!provide]                PROVIDE (__fini_array_start, .)
 *(SORT(.fini_array.*))
 *(.fini_array*)
 .fini_array    0x08002518        0x4 c:/engineer/program/truestudio for arm 5.5.2/armtools/bin/../lib/gcc/arm-atollic-eabi/5.3.1/armv7e-m/fpu/crtbegin.o
                [!provide]                PROVIDE (__fini_array_end, .)
                0x0800251c                _sidata = LOADADDR (.data)

.data           0x20000000        0x4 load address 0x0800251c
                0x20000000                . = ALIGN (0x4)
                0x20000000                _sdata = .
 *(.data)
 *(.data*)
 .data.SystemCoreClock
                0x20000000        0x4 Drivers\CMSIS\Device\ST\STM32F4xx\Source\Templates\system_stm32f4xx.o
                0x20000000                SystemCoreClock
                0x20000004                . = ALIGN (0x4)
                0x20000004                _edata = .
                0x08002520                _siccmram = LOADADDR (.ccmram)

.igot.plt       0x20000004        0x0 load address 0x08002520
 .igot.plt      0x20000004        0x0 c:/engineer/program/truestudio for arm 5.5.2/armtools/bin/../lib/gcc/arm-atollic-eabi/5.3.1/armv7e-m/fpu/crtbegin.o

.ccmram         0x10000000        0x0 load address 0x08002520
                0x10000000                . = ALIGN (0x4)
                0x10000000                _sccmram = .
 *(.ccmram)
 *(.ccmram*)
                0x10000000                . = ALIGN (0x4)
                0x10000000                _eccmram = .
                0x10000000                . = ALIGN (0x4)

.bss            0x20000004      0x338
                0x20000004                _sbss = .
                0x20000004                __bss_start__ = _sbss
 *(.bss)
 .bss           0x20000004       0x1c c:/engineer/program/truestudio for arm 5.5.2/armtools/bin/../lib/gcc/arm-atollic-eabi/5.3.1/armv7e-m/fpu/crtbegin.o
 *(.bss*)
 .bss.MONITOR_CommandSendBackChar_Enable
                0x20000020        0x1 Src\monitor.o
                0x20000020                MONITOR_CommandSendBackChar_Enable
 .bss.MONITOR_CommandEnable
                0x20000021        0x1 Src\monitor.o
                0x20000021                MONITOR_CommandEnable
 *fill*         0x20000022        0x2 
 .bss.xNumOfOverflows
                0x20000024        0x4 Middlewares\Third_Party\FreeRTOS\Source\tasks.o
 .bss.pxDelayedTaskList
                0x20000028        0x4 Middlewares\Third_Party\FreeRTOS\Source\tasks.o
 .bss.xSchedulerRunning
                0x2000002c        0x4 Middlewares\Third_Party\FreeRTOS\Source\tasks.o
 .bss.uxPendedTicks
                0x20000030        0x4 Middlewares\Third_Party\FreeRTOS\Source\tasks.o
 .bss.pxReadyTasksLists
                0x20000034       0x8c Middlewares\Third_Party\FreeRTOS\Source\tasks.o
 .bss.uxSchedulerSuspended
                0x200000c0        0x4 Middlewares\Third_Party\FreeRTOS\Source\tasks.o
 .bss.pxCurrentTCB
                0x200000c4        0x4 Middlewares\Third_Party\FreeRTOS\Source\tasks.o
                0x200000c4                pxCurrentTCB
 .bss.xNextTaskUnblockTime
                0x200000c8        0x4 Middlewares\Third_Party\FreeRTOS\Source\tasks.o
 .bss.xTickCount
                0x200000cc        0x4 Middlewares\Third_Party\FreeRTOS\Source\tasks.o
 .bss.pxOverflowDelayedTaskList
                0x200000d0        0x4 Middlewares\Third_Party\FreeRTOS\Source\tasks.o
 .bss.uxTopReadyPriority
                0x200000d4        0x4 Middlewares\Third_Party\FreeRTOS\Source\tasks.o
 .bss.xYieldPending
                0x200000d8        0x4 Middlewares\Third_Party\FreeRTOS\Source\tasks.o
 *(COMMON)
 COMMON         0x200000dc      0x146 Src\usart.o
                0x200000dc                USART_RxBuffer
                0x200000dd                USART_ReceivedChar
                0x200000de                USART_TxBuffer
                0x200001e0                Debug_UartHandle
                0x20000220                USART_SendEnable_flag
                0x20000221                USART_ReceiveEnable_flag
 COMMON         0x20000222      0x10c Src\monitor.o
                0x20000222                MONITOR_CommandEvent
                0x20000223                MONITOR_CommandLength
                0x20000224                MONITOR_CommandReadable
                0x20000225                MONITOR_CommandReceivedBackspace
                0x20000226                MONITOR_CommandReceivedNotLastChar
                0x20000227                MONITOR_CommandActual
                0x20000326                MONITOR_CommandCursorPosition
                0x20000327                MONITOR_CommandActualEscape
                0x2000032a                MONITOR_CommandEscapeEnd_flag
                0x2000032b                MONITOR_CommandReceivedLastChar
                0x2000032c                MONITOR_CommandEscape_cnt
                0x2000032d                MONITOR_CommandEscapeStart_flag
 *fill*         0x2000032e        0x2 
 COMMON         0x20000330        0x8 Src\command.o
                0x20000330                Arg2Num
                0x20000334                Arg3Num
 COMMON         0x20000338        0x4 Drivers\STM32F4xx_HAL_Driver\Src\stm32f4xx_hal.o
                0x20000338                uwTick
                0x2000033c                . = ALIGN (0x4)
                0x2000033c                _ebss = .
                0x2000033c                __bss_end__ = _ebss

._user_heap_stack
                0x2000033c      0x600
                0x2000033c                . = ALIGN (0x4)
                [!provide]                PROVIDE (end, .)
                [!provide]                PROVIDE (_end, .)
                0x2000053c                . = (. + _Min_Heap_Size)
 *fill*         0x2000033c      0x200 
                0x2000093c                . = (. + _Min_Stack_Size)
 *fill*         0x2000053c      0x400 
                0x2000093c                . = ALIGN (0x4)

/DISCARD/
 libc.a(*)
 libm.a(*)
 libgcc.a(*)

.ARM.attributes
                0x00000000       0x30
 *(.ARM.attributes)
 .ARM.attributes
                0x00000000       0x22 c:/engineer/program/truestudio for arm 5.5.2/armtools/bin/../lib/gcc/arm-atollic-eabi/5.3.1/armv7e-m/fpu/crti.o
 .ARM.attributes
                0x00000022       0x34 c:/engineer/program/truestudio for arm 5.5.2/armtools/bin/../lib/gcc/arm-atollic-eabi/5.3.1/armv7e-m/fpu/crtbegin.o
 .ARM.attributes
                0x00000056       0x39 Src\usart.o
 .ARM.attributes
                0x0000008f       0x39 Src\string.o
 .ARM.attributes
                0x000000c8       0x39 Src\stm32f4xx_it.o
 .ARM.attributes
                0x00000101       0x39 Src\stm32f4xx_hal_msp.o
 .ARM.attributes
                0x0000013a       0x39 Src\monitor.o
 .ARM.attributes
                0x00000173       0x39 Src\main.o
 .ARM.attributes
                0x000001ac       0x39 Src\command.o
 .ARM.attributes
                0x000001e5       0x39 Middlewares\Third_Party\FreeRTOS\Source\tasks.o
 .ARM.attributes
                0x0000021e       0x39 Middlewares\Third_Party\FreeRTOS\Source\portable\GCC\ARM_CM4F\port.o
 .ARM.attributes
                0x00000257       0x39 Middlewares\Third_Party\FreeRTOS\Source\list.o
 .ARM.attributes
                0x00000290       0x39 Middlewares\Third_Party\FreeRTOS\Source\CMSIS_RTOS\cmsis_os.o
 .ARM.attributes
                0x000002c9       0x39 Drivers\STM32F4xx_HAL_Driver\Src\stm32f4xx_hal_uart.o
 .ARM.attributes
                0x00000302       0x39 Drivers\STM32F4xx_HAL_Driver\Src\stm32f4xx_hal_rcc.o
 .ARM.attributes
                0x0000033b       0x39 Drivers\STM32F4xx_HAL_Driver\Src\stm32f4xx_hal_gpio.o
 .ARM.attributes
                0x00000374       0x39 Drivers\STM32F4xx_HAL_Driver\Src\stm32f4xx_hal_dma.o
 .ARM.attributes
                0x000003ad       0x39 Drivers\STM32F4xx_HAL_Driver\Src\stm32f4xx_hal_cortex.o
 .ARM.attributes
                0x000003e6       0x39 Drivers\STM32F4xx_HAL_Driver\Src\stm32f4xx_hal.o
 .ARM.attributes
                0x0000041f       0x39 Drivers\CMSIS\Device\ST\STM32F4xx\Source\Templates\system_stm32f4xx.o
 .ARM.attributes
                0x00000458       0x21 Drivers\CMSIS\Device\ST\STM32F4xx\Source\Templates\gcc\startup_stm32f407xx.o
 .ARM.attributes
                0x00000479       0x34 c:/engineer/program/truestudio for arm 5.5.2/armtools/bin/../lib/gcc/arm-atollic-eabi/5.3.1/../../../../arm-atollic-eabi/lib/armv7e-m/fpu\libc.a(lib_a-init.o)
 .ARM.attributes
                0x000004ad       0x22 c:/engineer/program/truestudio for arm 5.5.2/armtools/bin/../lib/gcc/arm-atollic-eabi/5.3.1/armv7e-m/fpu\libgcc.a(_arm_truncdfsf2.o)
 .ARM.attributes
                0x000004cf       0x22 c:/engineer/program/truestudio for arm 5.5.2/armtools/bin/../lib/gcc/arm-atollic-eabi/5.3.1/armv7e-m/fpu/crtn.o
OUTPUT(STM32F407DiscoHomeAut.elf elf32-littlearm)

.debug_info     0x00000000     0xde94
 .debug_info    0x00000000     0x11a9 Src\usart.o
 .debug_info    0x000011a9      0xbed Src\string.o
 .debug_info    0x00001d96       0xe7 Src\stm32f4xx_it.o
 .debug_info    0x00001e7d      0xaf7 Src\stm32f4xx_hal_msp.o
 .debug_info    0x00002974      0xaa4 Src\monitor.o
 .debug_info    0x00003418      0x90d Src\main.o
 .debug_info    0x00003d25      0xa0a Src\command.o
 .debug_info    0x0000472f     0x2729 Middlewares\Third_Party\FreeRTOS\Source\tasks.o
 .debug_info    0x00006e58      0x557 Middlewares\Third_Party\FreeRTOS\Source\portable\GCC\ARM_CM4F\port.o
 .debug_info    0x000073af      0x2a1 Middlewares\Third_Party\FreeRTOS\Source\list.o
 .debug_info    0x00007650     0x1aed Middlewares\Third_Party\FreeRTOS\Source\CMSIS_RTOS\cmsis_os.o
 .debug_info    0x0000913d     0x128c Drivers\STM32F4xx_HAL_Driver\Src\stm32f4xx_hal_uart.o
 .debug_info    0x0000a3c9      0xc93 Drivers\STM32F4xx_HAL_Driver\Src\stm32f4xx_hal_rcc.o
 .debug_info    0x0000b05c      0x72d Drivers\STM32F4xx_HAL_Driver\Src\stm32f4xx_hal_gpio.o
 .debug_info    0x0000b789      0xa28 Drivers\STM32F4xx_HAL_Driver\Src\stm32f4xx_hal_dma.o
 .debug_info    0x0000c1b1      0xe7b Drivers\STM32F4xx_HAL_Driver\Src\stm32f4xx_hal_cortex.o
 .debug_info    0x0000d02c      0x8dc Drivers\STM32F4xx_HAL_Driver\Src\stm32f4xx_hal.o
 .debug_info    0x0000d908      0x4d6 Drivers\CMSIS\Device\ST\STM32F4xx\Source\Templates\system_stm32f4xx.o
 .debug_info    0x0000ddde       0xb6 Drivers\CMSIS\Device\ST\STM32F4xx\Source\Templates\gcc\startup_stm32f407xx.o

.debug_abbrev   0x00000000     0x296b
 .debug_abbrev  0x00000000      0x2f6 Src\usart.o
 .debug_abbrev  0x000002f6      0x23b Src\string.o
 .debug_abbrev  0x00000531       0xa4 Src\stm32f4xx_it.o
 .debug_abbrev  0x000005d5      0x177 Src\stm32f4xx_hal_msp.o
 .debug_abbrev  0x0000074c      0x250 Src\monitor.o
 .debug_abbrev  0x0000099c      0x1ed Src\main.o
 .debug_abbrev  0x00000b89      0x29e Src\command.o
 .debug_abbrev  0x00000e27      0x394 Middlewares\Third_Party\FreeRTOS\Source\tasks.o
 .debug_abbrev  0x000011bb      0x21b Middlewares\Third_Party\FreeRTOS\Source\portable\GCC\ARM_CM4F\port.o
 .debug_abbrev  0x000013d6       0xdc Middlewares\Third_Party\FreeRTOS\Source\list.o
 .debug_abbrev  0x000014b2      0x384 Middlewares\Third_Party\FreeRTOS\Source\CMSIS_RTOS\cmsis_os.o
 .debug_abbrev  0x00001836      0x2ec Drivers\STM32F4xx_HAL_Driver\Src\stm32f4xx_hal_uart.o
 .debug_abbrev  0x00001b22      0x31e Drivers\STM32F4xx_HAL_Driver\Src\stm32f4xx_hal_rcc.o
 .debug_abbrev  0x00001e40      0x1c8 Drivers\STM32F4xx_HAL_Driver\Src\stm32f4xx_hal_gpio.o
 .debug_abbrev  0x00002008      0x2dd Drivers\STM32F4xx_HAL_Driver\Src\stm32f4xx_hal_dma.o
 .debug_abbrev  0x000022e5      0x32f Drivers\STM32F4xx_HAL_Driver\Src\stm32f4xx_hal_cortex.o
 .debug_abbrev  0x00002614      0x244 Drivers\STM32F4xx_HAL_Driver\Src\stm32f4xx_hal.o
 .debug_abbrev  0x00002858      0x101 Drivers\CMSIS\Device\ST\STM32F4xx\Source\Templates\system_stm32f4xx.o
 .debug_abbrev  0x00002959       0x12 Drivers\CMSIS\Device\ST\STM32F4xx\Source\Templates\gcc\startup_stm32f407xx.o

.debug_loc      0x00000000     0x69f6
 .debug_loc     0x00000000      0x2b9 Src\usart.o
 .debug_loc     0x000002b9      0xe55 Src\string.o
 .debug_loc     0x0000110e       0x2c Src\stm32f4xx_hal_msp.o
 .debug_loc     0x0000113a      0x341 Src\monitor.o
 .debug_loc     0x0000147b      0x5e8 Src\command.o
 .debug_loc     0x00001a63     0x17c5 Middlewares\Third_Party\FreeRTOS\Source\tasks.o
 .debug_loc     0x00003228       0xae Middlewares\Third_Party\FreeRTOS\Source\portable\GCC\ARM_CM4F\port.o
 .debug_loc     0x000032d6       0x94 Middlewares\Third_Party\FreeRTOS\Source\list.o
 .debug_loc     0x0000336a      0xf7e Middlewares\Third_Party\FreeRTOS\Source\CMSIS_RTOS\cmsis_os.o
 .debug_loc     0x000042e8     0x1194 Drivers\STM32F4xx_HAL_Driver\Src\stm32f4xx_hal_uart.o
 .debug_loc     0x0000547c      0x49b Drivers\STM32F4xx_HAL_Driver\Src\stm32f4xx_hal_rcc.o
 .debug_loc     0x00005917      0x374 Drivers\STM32F4xx_HAL_Driver\Src\stm32f4xx_hal_gpio.o
 .debug_loc     0x00005c8b      0x757 Drivers\STM32F4xx_HAL_Driver\Src\stm32f4xx_hal_dma.o
 .debug_loc     0x000063e2      0x4ab Drivers\STM32F4xx_HAL_Driver\Src\stm32f4xx_hal_cortex.o
 .debug_loc     0x0000688d       0x92 Drivers\STM32F4xx_HAL_Driver\Src\stm32f4xx_hal.o
 .debug_loc     0x0000691f       0xd7 Drivers\CMSIS\Device\ST\STM32F4xx\Source\Templates\system_stm32f4xx.o

.debug_aranges  0x00000000      0xaa0
 .debug_aranges
                0x00000000       0x80 Src\usart.o
 .debug_aranges
                0x00000080       0xe0 Src\string.o
 .debug_aranges
                0x00000160       0x20 Src\stm32f4xx_it.o
 .debug_aranges
                0x00000180       0x28 Src\stm32f4xx_hal_msp.o
 .debug_aranges
                0x000001a8       0x78 Src\monitor.o
 .debug_aranges
                0x00000220       0x30 Src\main.o
 .debug_aranges
                0x00000250       0x70 Src\command.o
 .debug_aranges
                0x000002c0      0x190 Middlewares\Third_Party\FreeRTOS\Source\tasks.o
 .debug_aranges
                0x00000450       0x80 Middlewares\Third_Party\FreeRTOS\Source\portable\GCC\ARM_CM4F\port.o
 .debug_aranges
                0x000004d0       0x40 Middlewares\Third_Party\FreeRTOS\Source\list.o
 .debug_aranges
                0x00000510      0x178 Middlewares\Third_Party\FreeRTOS\Source\CMSIS_RTOS\cmsis_os.o
 .debug_aranges
                0x00000688      0x120 Drivers\STM32F4xx_HAL_Driver\Src\stm32f4xx_hal_uart.o
 .debug_aranges
                0x000007a8       0x80 Drivers\STM32F4xx_HAL_Driver\Src\stm32f4xx_hal_rcc.o
 .debug_aranges
                0x00000828       0x58 Drivers\STM32F4xx_HAL_Driver\Src\stm32f4xx_hal_gpio.o
 .debug_aranges
                0x00000880       0x80 Drivers\STM32F4xx_HAL_Driver\Src\stm32f4xx_hal_dma.o
 .debug_aranges
                0x00000900       0x98 Drivers\STM32F4xx_HAL_Driver\Src\stm32f4xx_hal_cortex.o
 .debug_aranges
                0x00000998       0xb8 Drivers\STM32F4xx_HAL_Driver\Src\stm32f4xx_hal.o
 .debug_aranges
                0x00000a50       0x28 Drivers\CMSIS\Device\ST\STM32F4xx\Source\Templates\system_stm32f4xx.o
 .debug_aranges
                0x00000a78       0x28 Drivers\CMSIS\Device\ST\STM32F4xx\Source\Templates\gcc\startup_stm32f407xx.o

.debug_ranges   0x00000000      0xc78
 .debug_ranges  0x00000000       0xa0 Src\usart.o
 .debug_ranges  0x000000a0       0xf0 Src\string.o
 .debug_ranges  0x00000190       0x10 Src\stm32f4xx_it.o
 .debug_ranges  0x000001a0       0x18 Src\stm32f4xx_hal_msp.o
 .debug_ranges  0x000001b8       0x68 Src\monitor.o
 .debug_ranges  0x00000220       0x38 Src\main.o
 .debug_ranges  0x00000258       0x60 Src\command.o
 .debug_ranges  0x000002b8      0x200 Middlewares\Third_Party\FreeRTOS\Source\tasks.o
 .debug_ranges  0x000004b8       0x70 Middlewares\Third_Party\FreeRTOS\Source\portable\GCC\ARM_CM4F\port.o
 .debug_ranges  0x00000528       0x30 Middlewares\Third_Party\FreeRTOS\Source\list.o
 .debug_ranges  0x00000558      0x168 Middlewares\Third_Party\FreeRTOS\Source\CMSIS_RTOS\cmsis_os.o
 .debug_ranges  0x000006c0      0x128 Drivers\STM32F4xx_HAL_Driver\Src\stm32f4xx_hal_uart.o
 .debug_ranges  0x000007e8      0x150 Drivers\STM32F4xx_HAL_Driver\Src\stm32f4xx_hal_rcc.o
 .debug_ranges  0x00000938       0x70 Drivers\STM32F4xx_HAL_Driver\Src\stm32f4xx_hal_gpio.o
 .debug_ranges  0x000009a8       0xa8 Drivers\STM32F4xx_HAL_Driver\Src\stm32f4xx_hal_dma.o
 .debug_ranges  0x00000a50      0x148 Drivers\STM32F4xx_HAL_Driver\Src\stm32f4xx_hal_cortex.o
 .debug_ranges  0x00000b98       0xa8 Drivers\STM32F4xx_HAL_Driver\Src\stm32f4xx_hal.o
 .debug_ranges  0x00000c40       0x18 Drivers\CMSIS\Device\ST\STM32F4xx\Source\Templates\system_stm32f4xx.o
 .debug_ranges  0x00000c58       0x20 Drivers\CMSIS\Device\ST\STM32F4xx\Source\Templates\gcc\startup_stm32f407xx.o

.debug_line     0x00000000     0x4f99
 .debug_line    0x00000000      0x49a Src\usart.o
 .debug_line    0x0000049a      0x475 Src\string.o
 .debug_line    0x0000090f      0x1b5 Src\stm32f4xx_it.o
 .debug_line    0x00000ac4      0x237 Src\stm32f4xx_hal_msp.o
 .debug_line    0x00000cfb      0x34f Src\monitor.o
 .debug_line    0x0000104a      0x28b Src\main.o
 .debug_line    0x000012d5      0x2a3 Src\command.o
 .debug_line    0x00001578      0xb6b Middlewares\Third_Party\FreeRTOS\Source\tasks.o
 .debug_line    0x000020e3      0x329 Middlewares\Third_Party\FreeRTOS\Source\portable\GCC\ARM_CM4F\port.o
 .debug_line    0x0000240c      0x233 Middlewares\Third_Party\FreeRTOS\Source\list.o
 .debug_line    0x0000263f      0x78c Middlewares\Third_Party\FreeRTOS\Source\CMSIS_RTOS\cmsis_os.o
 .debug_line    0x00002dcb      0x9a4 Drivers\STM32F4xx_HAL_Driver\Src\stm32f4xx_hal_uart.o
 .debug_line    0x0000376f      0x558 Drivers\STM32F4xx_HAL_Driver\Src\stm32f4xx_hal_rcc.o
 .debug_line    0x00003cc7      0x3b4 Drivers\STM32F4xx_HAL_Driver\Src\stm32f4xx_hal_gpio.o
 .debug_line    0x0000407b      0x523 Drivers\STM32F4xx_HAL_Driver\Src\stm32f4xx_hal_dma.o
 .debug_line    0x0000459e      0x3dc Drivers\STM32F4xx_HAL_Driver\Src\stm32f4xx_hal_cortex.o
 .debug_line    0x0000497a      0x395 Drivers\STM32F4xx_HAL_Driver\Src\stm32f4xx_hal.o
 .debug_line    0x00004d0f      0x1dc Drivers\CMSIS\Device\ST\STM32F4xx\Source\Templates\system_stm32f4xx.o
 .debug_line    0x00004eeb       0xae Drivers\CMSIS\Device\ST\STM32F4xx\Source\Templates\gcc\startup_stm32f407xx.o

.debug_str      0x00000000     0x3e37
 .debug_str     0x00000000     0x1012 Src\usart.o
                               0x10ba (size before relaxing)
 .debug_str     0x00001012      0x238 Src\string.o
                                0x493 (size before relaxing)
 .debug_str     0x0000124a       0x43 Src\stm32f4xx_it.o
                                0x1fc (size before relaxing)
 .debug_str     0x0000128d       0x67 Src\stm32f4xx_hal_msp.o
                                0xc7d (size before relaxing)
 .debug_str     0x000012f4      0x210 Src\monitor.o
                                0x5c8 (size before relaxing)
 .debug_str     0x00001504      0x136 Src\main.o
                                0x84e (size before relaxing)
 .debug_str     0x0000163a      0x17e Src\command.o
                                0x42d (size before relaxing)
 .debug_str     0x000017b8      0xd94 Middlewares\Third_Party\FreeRTOS\Source\tasks.o
                                0xfca (size before relaxing)
 .debug_str     0x0000254c      0x19c Middlewares\Third_Party\FreeRTOS\Source\portable\GCC\ARM_CM4F\port.o
                                0x4a9 (size before relaxing)
 .debug_str     0x000026e8       0x73 Middlewares\Third_Party\FreeRTOS\Source\list.o
                                0x31f (size before relaxing)
 .debug_str     0x0000275b      0x7dc Middlewares\Third_Party\FreeRTOS\Source\CMSIS_RTOS\cmsis_os.o
                                0xcdf (size before relaxing)
 .debug_str     0x00002f37      0x392 Drivers\STM32F4xx_HAL_Driver\Src\stm32f4xx_hal_uart.o
                                0xa44 (size before relaxing)
 .debug_str     0x000032c9      0x1fb Drivers\STM32F4xx_HAL_Driver\Src\stm32f4xx_hal_rcc.o
                                0x6ed (size before relaxing)
 .debug_str     0x000034c4      0x156 Drivers\STM32F4xx_HAL_Driver\Src\stm32f4xx_hal_gpio.o
                                0x521 (size before relaxing)
 .debug_str     0x0000361a      0x2de Drivers\STM32F4xx_HAL_Driver\Src\stm32f4xx_hal_dma.o
                                0x7b7 (size before relaxing)
 .debug_str     0x000038f8      0x30b Drivers\STM32F4xx_HAL_Driver\Src\stm32f4xx_hal_cortex.o
                                0xc19 (size before relaxing)
 .debug_str     0x00003c03      0x1c0 Drivers\STM32F4xx_HAL_Driver\Src\stm32f4xx_hal.o
                                0xab9 (size before relaxing)
 .debug_str     0x00003dc3       0x74 Drivers\CMSIS\Device\ST\STM32F4xx\Source\Templates\system_stm32f4xx.o
                                0x3d2 (size before relaxing)

.comment        0x00000000       0x7e
 .comment       0x00000000       0x7e Src\usart.o
                                 0x7f (size before relaxing)
 .comment       0x0000007e       0x7f Src\string.o
 .comment       0x0000007e       0x7f Src\stm32f4xx_it.o
 .comment       0x0000007e       0x7f Src\stm32f4xx_hal_msp.o
 .comment       0x0000007e       0x7f Src\monitor.o
 .comment       0x0000007e       0x7f Src\main.o
 .comment       0x0000007e       0x7f Src\command.o
 .comment       0x0000007e       0x7f Middlewares\Third_Party\FreeRTOS\Source\tasks.o
 .comment       0x0000007e       0x7f Middlewares\Third_Party\FreeRTOS\Source\portable\GCC\ARM_CM4F\port.o
 .comment       0x0000007e       0x7f Middlewares\Third_Party\FreeRTOS\Source\list.o
 .comment       0x0000007e       0x7f Middlewares\Third_Party\FreeRTOS\Source\CMSIS_RTOS\cmsis_os.o
 .comment       0x0000007e       0x7f Drivers\STM32F4xx_HAL_Driver\Src\stm32f4xx_hal_uart.o
 .comment       0x0000007e       0x7f Drivers\STM32F4xx_HAL_Driver\Src\stm32f4xx_hal_rcc.o
 .comment       0x0000007e       0x7f Drivers\STM32F4xx_HAL_Driver\Src\stm32f4xx_hal_gpio.o
 .comment       0x0000007e       0x7f Drivers\STM32F4xx_HAL_Driver\Src\stm32f4xx_hal_dma.o
 .comment       0x0000007e       0x7f Drivers\STM32F4xx_HAL_Driver\Src\stm32f4xx_hal_cortex.o
 .comment       0x0000007e       0x7f Drivers\STM32F4xx_HAL_Driver\Src\stm32f4xx_hal.o
 .comment       0x0000007e       0x7f Drivers\CMSIS\Device\ST\STM32F4xx\Source\Templates\system_stm32f4xx.o

.debug_frame    0x00000000     0x1c18
 .debug_frame   0x00000000      0x18c Src\usart.o
 .debug_frame   0x0000018c      0x270 Src\string.o
 .debug_frame   0x000003fc       0x2c Src\stm32f4xx_it.o
 .debug_frame   0x00000428       0x3c Src\stm32f4xx_hal_msp.o
 .debug_frame   0x00000464      0x140 Src\monitor.o
 .debug_frame   0x000005a4       0x54 Src\main.o
 .debug_frame   0x000005f8      0x12c Src\command.o
 .debug_frame   0x00000724      0x558 Middlewares\Third_Party\FreeRTOS\Source\tasks.o
 .debug_frame   0x00000c7c       0xf0 Middlewares\Third_Party\FreeRTOS\Source\portable\GCC\ARM_CM4F\port.o
 .debug_frame   0x00000d6c       0x6c Middlewares\Third_Party\FreeRTOS\Source\list.o
 .debug_frame   0x00000dd8      0x460 Middlewares\Third_Party\FreeRTOS\Source\CMSIS_RTOS\cmsis_os.o
 .debug_frame   0x00001238      0x374 Drivers\STM32F4xx_HAL_Driver\Src\stm32f4xx_hal_uart.o
 .debug_frame   0x000015ac      0x138 Drivers\STM32F4xx_HAL_Driver\Src\stm32f4xx_hal_rcc.o
 .debug_frame   0x000016e4       0xd4 Drivers\STM32F4xx_HAL_Driver\Src\stm32f4xx_hal_gpio.o
 .debug_frame   0x000017b8      0x150 Drivers\STM32F4xx_HAL_Driver\Src\stm32f4xx_hal_dma.o
 .debug_frame   0x00001908      0x130 Drivers\STM32F4xx_HAL_Driver\Src\stm32f4xx_hal_cortex.o
 .debug_frame   0x00001a38      0x184 Drivers\STM32F4xx_HAL_Driver\Src\stm32f4xx_hal.o
 .debug_frame   0x00001bbc       0x30 Drivers\CMSIS\Device\ST\STM32F4xx\Source\Templates\system_stm32f4xx.o
 .debug_frame   0x00001bec       0x2c c:/engineer/program/truestudio for arm 5.5.2/armtools/bin/../lib/gcc/arm-atollic-eabi/5.3.1/../../../../arm-atollic-eabi/lib/armv7e-m/fpu\libc.a(lib_a-init.o)

Cross Reference Table

Symbol                                            File
ADC_IRQHandler                                    Drivers\CMSIS\Device\ST\STM32F4xx\Source\Templates\gcc\startup_stm32f407xx.o
AHBPrescTable                                     Drivers\CMSIS\Device\ST\STM32F4xx\Source\Templates\system_stm32f4xx.o
APBAHBPrescTable                                  Drivers\STM32F4xx_HAL_Driver\Src\stm32f4xx_hal_rcc.o
Arg2Num                                           Src\command.o
Arg3Num                                           Src\command.o
BusFault_Handler                                  Drivers\CMSIS\Device\ST\STM32F4xx\Source\Templates\gcc\startup_stm32f407xx.o
ByteToHexaString                                  Src\string.o
CAN1_RX0_IRQHandler                               Drivers\CMSIS\Device\ST\STM32F4xx\Source\Templates\gcc\startup_stm32f407xx.o
CAN1_RX1_IRQHandler                               Drivers\CMSIS\Device\ST\STM32F4xx\Source\Templates\gcc\startup_stm32f407xx.o
CAN1_SCE_IRQHandler                               Drivers\CMSIS\Device\ST\STM32F4xx\Source\Templates\gcc\startup_stm32f407xx.o
CAN1_TX_IRQHandler                                Drivers\CMSIS\Device\ST\STM32F4xx\Source\Templates\gcc\startup_stm32f407xx.o
CAN2_RX0_IRQHandler                               Drivers\CMSIS\Device\ST\STM32F4xx\Source\Templates\gcc\startup_stm32f407xx.o
CAN2_RX1_IRQHandler                               Drivers\CMSIS\Device\ST\STM32F4xx\Source\Templates\gcc\startup_stm32f407xx.o
CAN2_SCE_IRQHandler                               Drivers\CMSIS\Device\ST\STM32F4xx\Source\Templates\gcc\startup_stm32f407xx.o
CAN2_TX_IRQHandler                                Drivers\CMSIS\Device\ST\STM32F4xx\Source\Templates\gcc\startup_stm32f407xx.o
COMMAND_GetCommandNum                             Src\command.o
                                                  Src\monitor.o
CommandFunction_cls                               Src\command.o
CommandFunction_flashdel                          Src\command.o
CommandFunction_flashread                         Src\command.o
CommandFunction_flashwrite                        Src\command.o
CommandFunction_go                                Src\command.o
CommandFunction_help                              Src\command.o
CommandFunction_led                               Src\command.o
CommandFunction_raspberrypi                       Src\command.o
CommandFunction_reset                             Src\command.o
CommandFunction_temp                              Src\command.o
CommandFunction_test                              Src\command.o
CommandList                                       Src\command.o
                                                  Src\monitor.o
DCMI_IRQHandler                                   Drivers\CMSIS\Device\ST\STM32F4xx\Source\Templates\gcc\startup_stm32f407xx.o
DMA1_Stream0_IRQHandler                           Drivers\CMSIS\Device\ST\STM32F4xx\Source\Templates\gcc\startup_stm32f407xx.o
DMA1_Stream1_IRQHandler                           Drivers\CMSIS\Device\ST\STM32F4xx\Source\Templates\gcc\startup_stm32f407xx.o
DMA1_Stream2_IRQHandler                           Drivers\CMSIS\Device\ST\STM32F4xx\Source\Templates\gcc\startup_stm32f407xx.o
DMA1_Stream3_IRQHandler                           Drivers\CMSIS\Device\ST\STM32F4xx\Source\Templates\gcc\startup_stm32f407xx.o
DMA1_Stream4_IRQHandler                           Drivers\CMSIS\Device\ST\STM32F4xx\Source\Templates\gcc\startup_stm32f407xx.o
DMA1_Stream5_IRQHandler                           Drivers\CMSIS\Device\ST\STM32F4xx\Source\Templates\gcc\startup_stm32f407xx.o
DMA1_Stream6_IRQHandler                           Drivers\CMSIS\Device\ST\STM32F4xx\Source\Templates\gcc\startup_stm32f407xx.o
DMA1_Stream7_IRQHandler                           Drivers\CMSIS\Device\ST\STM32F4xx\Source\Templates\gcc\startup_stm32f407xx.o
DMA2_Stream0_IRQHandler                           Drivers\CMSIS\Device\ST\STM32F4xx\Source\Templates\gcc\startup_stm32f407xx.o
DMA2_Stream1_IRQHandler                           Drivers\CMSIS\Device\ST\STM32F4xx\Source\Templates\gcc\startup_stm32f407xx.o
DMA2_Stream2_IRQHandler                           Drivers\CMSIS\Device\ST\STM32F4xx\Source\Templates\gcc\startup_stm32f407xx.o
DMA2_Stream3_IRQHandler                           Drivers\CMSIS\Device\ST\STM32F4xx\Source\Templates\gcc\startup_stm32f407xx.o
DMA2_Stream4_IRQHandler                           Drivers\CMSIS\Device\ST\STM32F4xx\Source\Templates\gcc\startup_stm32f407xx.o
DMA2_Stream5_IRQHandler                           Drivers\CMSIS\Device\ST\STM32F4xx\Source\Templates\gcc\startup_stm32f407xx.o
DMA2_Stream6_IRQHandler                           Drivers\CMSIS\Device\ST\STM32F4xx\Source\Templates\gcc\startup_stm32f407xx.o
DMA2_Stream7_IRQHandler                           Drivers\CMSIS\Device\ST\STM32F4xx\Source\Templates\gcc\startup_stm32f407xx.o
DataTypeParity_List                               Src\homeautmessage.o
DebugMon_Handler                                  Drivers\CMSIS\Device\ST\STM32F4xx\Source\Templates\gcc\startup_stm32f407xx.o
Debug_UartHandle                                  Src\usart.o
                                                  Src\main.o
DecimalCharToNum                                  Src\string.o
DecimalToHexaString                               Src\string.o
                                                  Src\homeautmessage.o
                                                  Src\usart.o
Default_Handler                                   Drivers\CMSIS\Device\ST\STM32F4xx\Source\Templates\gcc\startup_stm32f407xx.o
ETH_IRQHandler                                    Drivers\CMSIS\Device\ST\STM32F4xx\Source\Templates\gcc\startup_stm32f407xx.o
ETH_WKUP_IRQHandler                               Drivers\CMSIS\Device\ST\STM32F4xx\Source\Templates\gcc\startup_stm32f407xx.o
EXTI0_IRQHandler                                  Drivers\CMSIS\Device\ST\STM32F4xx\Source\Templates\gcc\startup_stm32f407xx.o
EXTI15_10_IRQHandler                              Drivers\CMSIS\Device\ST\STM32F4xx\Source\Templates\gcc\startup_stm32f407xx.o
EXTI1_IRQHandler                                  Drivers\CMSIS\Device\ST\STM32F4xx\Source\Templates\gcc\startup_stm32f407xx.o
EXTI2_IRQHandler                                  Drivers\CMSIS\Device\ST\STM32F4xx\Source\Templates\gcc\startup_stm32f407xx.o
EXTI3_IRQHandler                                  Drivers\CMSIS\Device\ST\STM32F4xx\Source\Templates\gcc\startup_stm32f407xx.o
EXTI4_IRQHandler                                  Drivers\CMSIS\Device\ST\STM32F4xx\Source\Templates\gcc\startup_stm32f407xx.o
EXTI9_5_IRQHandler                                Drivers\CMSIS\Device\ST\STM32F4xx\Source\Templates\gcc\startup_stm32f407xx.o
Error_Handler                                     Src\main.o
                                                  Src\usart.o
FLASH_Erase_Sector                                Drivers\STM32F4xx_HAL_Driver\Src\stm32f4xx_hal_flash_ex.o
                                                  Drivers\STM32F4xx_HAL_Driver\Src\stm32f4xx_hal_flash.o
FLASH_FlushCaches                                 Drivers\STM32F4xx_HAL_Driver\Src\stm32f4xx_hal_flash_ex.o
                                                  Drivers\STM32F4xx_HAL_Driver\Src\stm32f4xx_hal_flash.o
FLASH_IRQHandler                                  Drivers\CMSIS\Device\ST\STM32F4xx\Source\Templates\gcc\startup_stm32f407xx.o
FLASH_WaitForLastOperation                        Drivers\STM32F4xx_HAL_Driver\Src\stm32f4xx_hal_flash.o
                                                  Drivers\STM32F4xx_HAL_Driver\Src\stm32f4xx_hal_flash_ex.o
FPU_IRQHandler                                    Drivers\CMSIS\Device\ST\STM32F4xx\Source\Templates\gcc\startup_stm32f407xx.o
FSMC_IRQHandler                                   Drivers\CMSIS\Device\ST\STM32F4xx\Source\Templates\gcc\startup_stm32f407xx.o
FloatToString                                     Src\string.o
                                                  Src\usart.o
FunctionTypeParity_List                           Src\homeautmessage.o
HAL_DBGMCU_DisableDBGSleepMode                    Drivers\STM32F4xx_HAL_Driver\Src\stm32f4xx_hal.o
HAL_DBGMCU_DisableDBGStandbyMode                  Drivers\STM32F4xx_HAL_Driver\Src\stm32f4xx_hal.o
HAL_DBGMCU_DisableDBGStopMode                     Drivers\STM32F4xx_HAL_Driver\Src\stm32f4xx_hal.o
HAL_DBGMCU_EnableDBGSleepMode                     Drivers\STM32F4xx_HAL_Driver\Src\stm32f4xx_hal.o
HAL_DBGMCU_EnableDBGStandbyMode                   Drivers\STM32F4xx_HAL_Driver\Src\stm32f4xx_hal.o
HAL_DBGMCU_EnableDBGStopMode                      Drivers\STM32F4xx_HAL_Driver\Src\stm32f4xx_hal.o
HAL_DMAEx_ChangeMemory                            Drivers\STM32F4xx_HAL_Driver\Src\stm32f4xx_hal_dma_ex.o
HAL_DMAEx_MultiBufferStart                        Drivers\STM32F4xx_HAL_Driver\Src\stm32f4xx_hal_dma_ex.o
HAL_DMAEx_MultiBufferStart_IT                     Drivers\STM32F4xx_HAL_Driver\Src\stm32f4xx_hal_dma_ex.o
HAL_DMA_Abort                                     Drivers\STM32F4xx_HAL_Driver\Src\stm32f4xx_hal_dma.o
                                                  Drivers\STM32F4xx_HAL_Driver\Src\stm32f4xx_hal_tim.o
                                                  Drivers\STM32F4xx_HAL_Driver\Src\stm32f4xx_hal_uart.o
HAL_DMA_Abort_IT                                  Drivers\STM32F4xx_HAL_Driver\Src\stm32f4xx_hal_dma.o
                                                  Drivers\STM32F4xx_HAL_Driver\Src\stm32f4xx_hal_uart.o
HAL_DMA_DeInit                                    Drivers\STM32F4xx_HAL_Driver\Src\stm32f4xx_hal_dma.o
HAL_DMA_GetError                                  Drivers\STM32F4xx_HAL_Driver\Src\stm32f4xx_hal_dma.o
HAL_DMA_GetState                                  Drivers\STM32F4xx_HAL_Driver\Src\stm32f4xx_hal_dma.o
HAL_DMA_IRQHandler                                Drivers\STM32F4xx_HAL_Driver\Src\stm32f4xx_hal_dma.o
HAL_DMA_Init                                      Drivers\STM32F4xx_HAL_Driver\Src\stm32f4xx_hal_dma.o
HAL_DMA_PollForTransfer                           Drivers\STM32F4xx_HAL_Driver\Src\stm32f4xx_hal_dma.o
HAL_DMA_RegisterCallback                          Drivers\STM32F4xx_HAL_Driver\Src\stm32f4xx_hal_dma.o
HAL_DMA_Start                                     Drivers\STM32F4xx_HAL_Driver\Src\stm32f4xx_hal_dma.o
HAL_DMA_Start_IT                                  Drivers\STM32F4xx_HAL_Driver\Src\stm32f4xx_hal_dma.o
                                                  Drivers\STM32F4xx_HAL_Driver\Src\stm32f4xx_hal_tim.o
                                                  Drivers\STM32F4xx_HAL_Driver\Src\stm32f4xx_hal_tim_ex.o
                                                  Drivers\STM32F4xx_HAL_Driver\Src\stm32f4xx_hal_uart.o
HAL_DMA_UnRegisterCallback                        Drivers\STM32F4xx_HAL_Driver\Src\stm32f4xx_hal_dma.o
HAL_DeInit                                        Drivers\STM32F4xx_HAL_Driver\Src\stm32f4xx_hal.o
HAL_Delay                                         Drivers\STM32F4xx_HAL_Driver\Src\stm32f4xx_hal.o
                                                  Src\monitor.o
                                                  Src\usart.o
HAL_DisableCompensationCell                       Drivers\STM32F4xx_HAL_Driver\Src\stm32f4xx_hal.o
HAL_EnableCompensationCell                        Drivers\STM32F4xx_HAL_Driver\Src\stm32f4xx_hal.o
HAL_FLASHEx_Erase                                 Drivers\STM32F4xx_HAL_Driver\Src\stm32f4xx_hal_flash_ex.o
HAL_FLASHEx_Erase_IT                              Drivers\STM32F4xx_HAL_Driver\Src\stm32f4xx_hal_flash_ex.o
HAL_FLASHEx_OBGetConfig                           Drivers\STM32F4xx_HAL_Driver\Src\stm32f4xx_hal_flash_ex.o
HAL_FLASHEx_OBProgram                             Drivers\STM32F4xx_HAL_Driver\Src\stm32f4xx_hal_flash_ex.o
HAL_FLASH_EndOfOperationCallback                  Drivers\STM32F4xx_HAL_Driver\Src\stm32f4xx_hal_flash.o
HAL_FLASH_GetError                                Drivers\STM32F4xx_HAL_Driver\Src\stm32f4xx_hal_flash.o
HAL_FLASH_IRQHandler                              Drivers\STM32F4xx_HAL_Driver\Src\stm32f4xx_hal_flash.o
HAL_FLASH_Lock                                    Drivers\STM32F4xx_HAL_Driver\Src\stm32f4xx_hal_flash.o
HAL_FLASH_OB_Launch                               Drivers\STM32F4xx_HAL_Driver\Src\stm32f4xx_hal_flash.o
HAL_FLASH_OB_Lock                                 Drivers\STM32F4xx_HAL_Driver\Src\stm32f4xx_hal_flash.o
HAL_FLASH_OB_Unlock                               Drivers\STM32F4xx_HAL_Driver\Src\stm32f4xx_hal_flash.o
HAL_FLASH_OperationErrorCallback                  Drivers\STM32F4xx_HAL_Driver\Src\stm32f4xx_hal_flash.o
HAL_FLASH_Program                                 Drivers\STM32F4xx_HAL_Driver\Src\stm32f4xx_hal_flash.o
HAL_FLASH_Program_IT                              Drivers\STM32F4xx_HAL_Driver\Src\stm32f4xx_hal_flash.o
HAL_FLASH_Unlock                                  Drivers\STM32F4xx_HAL_Driver\Src\stm32f4xx_hal_flash.o
HAL_GPIO_DeInit                                   Drivers\STM32F4xx_HAL_Driver\Src\stm32f4xx_hal_gpio.o
                                                  Src\stm32f4xx_hal_msp.o
HAL_GPIO_EXTI_Callback                            Src\it.o
HAL_GPIO_EXTI_IRQHandler                          Drivers\STM32F4xx_HAL_Driver\Src\stm32f4xx_hal_gpio.o
HAL_GPIO_Init                                     Drivers\STM32F4xx_HAL_Driver\Src\stm32f4xx_hal_gpio.o
                                                  Drivers\STM32F4xx_HAL_Driver\Src\stm32f4xx_hal_rcc.o
                                                  Src\usart.o
HAL_GPIO_LockPin                                  Drivers\STM32F4xx_HAL_Driver\Src\stm32f4xx_hal_gpio.o
HAL_GPIO_ReadPin                                  Drivers\STM32F4xx_HAL_Driver\Src\stm32f4xx_hal_gpio.o
HAL_GPIO_TogglePin                                Drivers\STM32F4xx_HAL_Driver\Src\stm32f4xx_hal_gpio.o
HAL_GPIO_WritePin                                 Drivers\STM32F4xx_HAL_Driver\Src\stm32f4xx_hal_gpio.o
HAL_GetDEVID                                      Drivers\STM32F4xx_HAL_Driver\Src\stm32f4xx_hal.o
HAL_GetHalVersion                                 Drivers\STM32F4xx_HAL_Driver\Src\stm32f4xx_hal.o
HAL_GetREVID                                      Drivers\STM32F4xx_HAL_Driver\Src\stm32f4xx_hal.o
HAL_GetTick                                       Drivers\STM32F4xx_HAL_Driver\Src\stm32f4xx_hal.o
                                                  Drivers\STM32F4xx_HAL_Driver\Src\stm32f4xx_hal_dma.o
                                                  Drivers\STM32F4xx_HAL_Driver\Src\stm32f4xx_hal_flash.o
                                                  Drivers\STM32F4xx_HAL_Driver\Src\stm32f4xx_hal_pwr_ex.o
                                                  Drivers\STM32F4xx_HAL_Driver\Src\stm32f4xx_hal_rcc.o
                                                  Drivers\STM32F4xx_HAL_Driver\Src\stm32f4xx_hal_rcc_ex.o
                                                  Drivers\STM32F4xx_HAL_Driver\Src\stm32f4xx_hal_uart.o
HAL_HalfDuplex_EnableReceiver                     Drivers\STM32F4xx_HAL_Driver\Src\stm32f4xx_hal_uart.o
HAL_HalfDuplex_EnableTransmitter                  Drivers\STM32F4xx_HAL_Driver\Src\stm32f4xx_hal_uart.o
HAL_HalfDuplex_Init                               Drivers\STM32F4xx_HAL_Driver\Src\stm32f4xx_hal_uart.o
HAL_IncTick                                       Drivers\STM32F4xx_HAL_Driver\Src\stm32f4xx_hal.o
                                                  Src\stm32f4xx_it.o
HAL_Init                                          Drivers\STM32F4xx_HAL_Driver\Src\stm32f4xx_hal.o
                                                  Src\main.o
HAL_InitTick                                      Drivers\STM32F4xx_HAL_Driver\Src\stm32f4xx_hal.o
                                                  Drivers\STM32F4xx_HAL_Driver\Src\stm32f4xx_hal_rcc.o
HAL_LIN_Init                                      Drivers\STM32F4xx_HAL_Driver\Src\stm32f4xx_hal_uart.o
HAL_LIN_SendBreak                                 Drivers\STM32F4xx_HAL_Driver\Src\stm32f4xx_hal_uart.o
HAL_MPU_ConfigRegion                              Drivers\STM32F4xx_HAL_Driver\Src\stm32f4xx_hal_cortex.o
HAL_MspDeInit                                     Drivers\STM32F4xx_HAL_Driver\Src\stm32f4xx_hal.o
HAL_MspInit                                       Src\stm32f4xx_hal_msp.o
HAL_MultiProcessor_EnterMuteMode                  Drivers\STM32F4xx_HAL_Driver\Src\stm32f4xx_hal_uart.o
HAL_MultiProcessor_ExitMuteMode                   Drivers\STM32F4xx_HAL_Driver\Src\stm32f4xx_hal_uart.o
HAL_MultiProcessor_Init                           Drivers\STM32F4xx_HAL_Driver\Src\stm32f4xx_hal_uart.o
HAL_NVIC_ClearPendingIRQ                          Drivers\STM32F4xx_HAL_Driver\Src\stm32f4xx_hal_cortex.o
HAL_NVIC_DisableIRQ                               Drivers\STM32F4xx_HAL_Driver\Src\stm32f4xx_hal_cortex.o
HAL_NVIC_EnableIRQ                                Drivers\STM32F4xx_HAL_Driver\Src\stm32f4xx_hal_cortex.o
                                                  Src\usart.o
HAL_NVIC_GetActive                                Drivers\STM32F4xx_HAL_Driver\Src\stm32f4xx_hal_cortex.o
HAL_NVIC_GetPendingIRQ                            Drivers\STM32F4xx_HAL_Driver\Src\stm32f4xx_hal_cortex.o
HAL_NVIC_GetPriority                              Drivers\STM32F4xx_HAL_Driver\Src\stm32f4xx_hal_cortex.o
HAL_NVIC_GetPriorityGrouping                      Drivers\STM32F4xx_HAL_Driver\Src\stm32f4xx_hal_cortex.o
HAL_NVIC_SetPendingIRQ                            Drivers\STM32F4xx_HAL_Driver\Src\stm32f4xx_hal_cortex.o
HAL_NVIC_SetPriority                              Drivers\STM32F4xx_HAL_Driver\Src\stm32f4xx_hal_cortex.o
                                                  Drivers\STM32F4xx_HAL_Driver\Src\stm32f4xx_hal.o
                                                  Src\stm32f4xx_hal_msp.o
                                                  Src\usart.o
HAL_NVIC_SetPriorityGrouping                      Drivers\STM32F4xx_HAL_Driver\Src\stm32f4xx_hal_cortex.o
                                                  Drivers\STM32F4xx_HAL_Driver\Src\stm32f4xx_hal.o
                                                  Src\stm32f4xx_hal_msp.o
HAL_NVIC_SystemReset                              Drivers\STM32F4xx_HAL_Driver\Src\stm32f4xx_hal_cortex.o
HAL_PWREx_ControlVoltageScaling                   Drivers\STM32F4xx_HAL_Driver\Src\stm32f4xx_hal_pwr_ex.o
HAL_PWREx_DisableBkUpReg                          Drivers\STM32F4xx_HAL_Driver\Src\stm32f4xx_hal_pwr_ex.o
HAL_PWREx_DisableFlashPowerDown                   Drivers\STM32F4xx_HAL_Driver\Src\stm32f4xx_hal_pwr_ex.o
HAL_PWREx_EnableBkUpReg                           Drivers\STM32F4xx_HAL_Driver\Src\stm32f4xx_hal_pwr_ex.o
HAL_PWREx_EnableFlashPowerDown                    Drivers\STM32F4xx_HAL_Driver\Src\stm32f4xx_hal_pwr_ex.o
HAL_PWREx_GetVoltageRange                         Drivers\STM32F4xx_HAL_Driver\Src\stm32f4xx_hal_pwr_ex.o
HAL_PWR_ConfigPVD                                 Drivers\STM32F4xx_HAL_Driver\Src\stm32f4xx_hal_pwr.o
HAL_PWR_DeInit                                    Drivers\STM32F4xx_HAL_Driver\Src\stm32f4xx_hal_pwr.o
HAL_PWR_DisableBkUpAccess                         Drivers\STM32F4xx_HAL_Driver\Src\stm32f4xx_hal_pwr.o
HAL_PWR_DisablePVD                                Drivers\STM32F4xx_HAL_Driver\Src\stm32f4xx_hal_pwr.o
HAL_PWR_DisableSEVOnPend                          Drivers\STM32F4xx_HAL_Driver\Src\stm32f4xx_hal_pwr.o
HAL_PWR_DisableSleepOnExit                        Drivers\STM32F4xx_HAL_Driver\Src\stm32f4xx_hal_pwr.o
HAL_PWR_DisableWakeUpPin                          Drivers\STM32F4xx_HAL_Driver\Src\stm32f4xx_hal_pwr.o
HAL_PWR_EnableBkUpAccess                          Drivers\STM32F4xx_HAL_Driver\Src\stm32f4xx_hal_pwr.o
HAL_PWR_EnablePVD                                 Drivers\STM32F4xx_HAL_Driver\Src\stm32f4xx_hal_pwr.o
HAL_PWR_EnableSEVOnPend                           Drivers\STM32F4xx_HAL_Driver\Src\stm32f4xx_hal_pwr.o
HAL_PWR_EnableSleepOnExit                         Drivers\STM32F4xx_HAL_Driver\Src\stm32f4xx_hal_pwr.o
HAL_PWR_EnableWakeUpPin                           Drivers\STM32F4xx_HAL_Driver\Src\stm32f4xx_hal_pwr.o
HAL_PWR_EnterSLEEPMode                            Drivers\STM32F4xx_HAL_Driver\Src\stm32f4xx_hal_pwr.o
HAL_PWR_EnterSTANDBYMode                          Drivers\STM32F4xx_HAL_Driver\Src\stm32f4xx_hal_pwr.o
HAL_PWR_EnterSTOPMode                             Drivers\STM32F4xx_HAL_Driver\Src\stm32f4xx_hal_pwr.o
HAL_PWR_PVDCallback                               Drivers\STM32F4xx_HAL_Driver\Src\stm32f4xx_hal_pwr.o
HAL_PWR_PVD_IRQHandler                            Drivers\STM32F4xx_HAL_Driver\Src\stm32f4xx_hal_pwr.o
HAL_RCCEx_GetPeriphCLKConfig                      Drivers\STM32F4xx_HAL_Driver\Src\stm32f4xx_hal_rcc_ex.o
HAL_RCCEx_PeriphCLKConfig                         Drivers\STM32F4xx_HAL_Driver\Src\stm32f4xx_hal_rcc_ex.o
HAL_RCC_CSSCallback                               Drivers\STM32F4xx_HAL_Driver\Src\stm32f4xx_hal_rcc.o
HAL_RCC_ClockConfig                               Drivers\STM32F4xx_HAL_Driver\Src\stm32f4xx_hal_rcc.o
HAL_RCC_DeInit                                    Drivers\STM32F4xx_HAL_Driver\Src\stm32f4xx_hal_rcc_ex.o
HAL_RCC_DisableCSS                                Drivers\STM32F4xx_HAL_Driver\Src\stm32f4xx_hal_rcc.o
HAL_RCC_EnableCSS                                 Drivers\STM32F4xx_HAL_Driver\Src\stm32f4xx_hal_rcc.o
HAL_RCC_GetClockConfig                            Drivers\STM32F4xx_HAL_Driver\Src\stm32f4xx_hal_rcc.o
HAL_RCC_GetHCLKFreq                               Drivers\STM32F4xx_HAL_Driver\Src\stm32f4xx_hal_rcc.o
                                                  Src\main.o
HAL_RCC_GetOscConfig                              Drivers\STM32F4xx_HAL_Driver\Src\stm32f4xx_hal_rcc.o
HAL_RCC_GetPCLK1Freq                              Drivers\STM32F4xx_HAL_Driver\Src\stm32f4xx_hal_rcc.o
                                                  Drivers\STM32F4xx_HAL_Driver\Src\stm32f4xx_hal_uart.o
HAL_RCC_GetPCLK2Freq                              Drivers\STM32F4xx_HAL_Driver\Src\stm32f4xx_hal_rcc.o
                                                  Drivers\STM32F4xx_HAL_Driver\Src\stm32f4xx_hal_uart.o
HAL_RCC_GetSysClockFreq                           Drivers\STM32F4xx_HAL_Driver\Src\stm32f4xx_hal_rcc.o
HAL_RCC_MCOConfig                                 Drivers\STM32F4xx_HAL_Driver\Src\stm32f4xx_hal_rcc.o
HAL_RCC_NMI_IRQHandler                            Drivers\STM32F4xx_HAL_Driver\Src\stm32f4xx_hal_rcc.o
HAL_RCC_OscConfig                                 Drivers\STM32F4xx_HAL_Driver\Src\stm32f4xx_hal_rcc.o
                                                  Src\main.o
HAL_ResumeTick                                    Drivers\STM32F4xx_HAL_Driver\Src\stm32f4xx_hal.o
HAL_SYSTICK_CLKSourceConfig                       Drivers\STM32F4xx_HAL_Driver\Src\stm32f4xx_hal_cortex.o
                                                  Src\main.o
HAL_SYSTICK_Callback                              Drivers\STM32F4xx_HAL_Driver\Src\stm32f4xx_hal_cortex.o
HAL_SYSTICK_Config                                Drivers\STM32F4xx_HAL_Driver\Src\stm32f4xx_hal_cortex.o
                                                  Drivers\STM32F4xx_HAL_Driver\Src\stm32f4xx_hal.o
                                                  Src\main.o
HAL_SYSTICK_IRQHandler                            Drivers\STM32F4xx_HAL_Driver\Src\stm32f4xx_hal_cortex.o
HAL_SuspendTick                                   Drivers\STM32F4xx_HAL_Driver\Src\stm32f4xx_hal.o
HAL_TIMEx_BreakCallback                           Drivers\STM32F4xx_HAL_Driver\Src\stm32f4xx_hal_tim_ex.o
                                                  Drivers\STM32F4xx_HAL_Driver\Src\stm32f4xx_hal_tim.o
HAL_TIMEx_CommutationCallback                     Drivers\STM32F4xx_HAL_Driver\Src\stm32f4xx_hal_tim_ex.o
                                                  Drivers\STM32F4xx_HAL_Driver\Src\stm32f4xx_hal_tim.o
HAL_TIMEx_ConfigBreakDeadTime                     Drivers\STM32F4xx_HAL_Driver\Src\stm32f4xx_hal_tim_ex.o
HAL_TIMEx_ConfigCommutationEvent                  Drivers\STM32F4xx_HAL_Driver\Src\stm32f4xx_hal_tim_ex.o
HAL_TIMEx_ConfigCommutationEvent_DMA              Drivers\STM32F4xx_HAL_Driver\Src\stm32f4xx_hal_tim_ex.o
HAL_TIMEx_ConfigCommutationEvent_IT               Drivers\STM32F4xx_HAL_Driver\Src\stm32f4xx_hal_tim_ex.o
HAL_TIMEx_HallSensor_DeInit                       Drivers\STM32F4xx_HAL_Driver\Src\stm32f4xx_hal_tim_ex.o
HAL_TIMEx_HallSensor_GetState                     Drivers\STM32F4xx_HAL_Driver\Src\stm32f4xx_hal_tim_ex.o
HAL_TIMEx_HallSensor_Init                         Drivers\STM32F4xx_HAL_Driver\Src\stm32f4xx_hal_tim_ex.o
HAL_TIMEx_HallSensor_MspDeInit                    Drivers\STM32F4xx_HAL_Driver\Src\stm32f4xx_hal_tim_ex.o
HAL_TIMEx_HallSensor_MspInit                      Drivers\STM32F4xx_HAL_Driver\Src\stm32f4xx_hal_tim_ex.o
HAL_TIMEx_HallSensor_Start                        Drivers\STM32F4xx_HAL_Driver\Src\stm32f4xx_hal_tim_ex.o
HAL_TIMEx_HallSensor_Start_DMA                    Drivers\STM32F4xx_HAL_Driver\Src\stm32f4xx_hal_tim_ex.o
HAL_TIMEx_HallSensor_Start_IT                     Drivers\STM32F4xx_HAL_Driver\Src\stm32f4xx_hal_tim_ex.o
HAL_TIMEx_HallSensor_Stop                         Drivers\STM32F4xx_HAL_Driver\Src\stm32f4xx_hal_tim_ex.o
HAL_TIMEx_HallSensor_Stop_DMA                     Drivers\STM32F4xx_HAL_Driver\Src\stm32f4xx_hal_tim_ex.o
HAL_TIMEx_HallSensor_Stop_IT                      Drivers\STM32F4xx_HAL_Driver\Src\stm32f4xx_hal_tim_ex.o
HAL_TIMEx_MasterConfigSynchronization             Drivers\STM32F4xx_HAL_Driver\Src\stm32f4xx_hal_tim_ex.o
HAL_TIMEx_OCN_Start                               Drivers\STM32F4xx_HAL_Driver\Src\stm32f4xx_hal_tim_ex.o
HAL_TIMEx_OCN_Start_DMA                           Drivers\STM32F4xx_HAL_Driver\Src\stm32f4xx_hal_tim_ex.o
HAL_TIMEx_OCN_Start_IT                            Drivers\STM32F4xx_HAL_Driver\Src\stm32f4xx_hal_tim_ex.o
HAL_TIMEx_OCN_Stop                                Drivers\STM32F4xx_HAL_Driver\Src\stm32f4xx_hal_tim_ex.o
HAL_TIMEx_OCN_Stop_DMA                            Drivers\STM32F4xx_HAL_Driver\Src\stm32f4xx_hal_tim_ex.o
HAL_TIMEx_OCN_Stop_IT                             Drivers\STM32F4xx_HAL_Driver\Src\stm32f4xx_hal_tim_ex.o
HAL_TIMEx_OnePulseN_Start                         Drivers\STM32F4xx_HAL_Driver\Src\stm32f4xx_hal_tim_ex.o
HAL_TIMEx_OnePulseN_Start_IT                      Drivers\STM32F4xx_HAL_Driver\Src\stm32f4xx_hal_tim_ex.o
HAL_TIMEx_OnePulseN_Stop                          Drivers\STM32F4xx_HAL_Driver\Src\stm32f4xx_hal_tim_ex.o
HAL_TIMEx_OnePulseN_Stop_IT                       Drivers\STM32F4xx_HAL_Driver\Src\stm32f4xx_hal_tim_ex.o
HAL_TIMEx_PWMN_Start                              Drivers\STM32F4xx_HAL_Driver\Src\stm32f4xx_hal_tim_ex.o
HAL_TIMEx_PWMN_Start_DMA                          Drivers\STM32F4xx_HAL_Driver\Src\stm32f4xx_hal_tim_ex.o
HAL_TIMEx_PWMN_Start_IT                           Drivers\STM32F4xx_HAL_Driver\Src\stm32f4xx_hal_tim_ex.o
HAL_TIMEx_PWMN_Stop                               Drivers\STM32F4xx_HAL_Driver\Src\stm32f4xx_hal_tim_ex.o
HAL_TIMEx_PWMN_Stop_DMA                           Drivers\STM32F4xx_HAL_Driver\Src\stm32f4xx_hal_tim_ex.o
HAL_TIMEx_PWMN_Stop_IT                            Drivers\STM32F4xx_HAL_Driver\Src\stm32f4xx_hal_tim_ex.o
HAL_TIMEx_RemapConfig                             Drivers\STM32F4xx_HAL_Driver\Src\stm32f4xx_hal_tim_ex.o
HAL_TIM_Base_DeInit                               Drivers\STM32F4xx_HAL_Driver\Src\stm32f4xx_hal_tim.o
HAL_TIM_Base_GetState                             Drivers\STM32F4xx_HAL_Driver\Src\stm32f4xx_hal_tim.o
HAL_TIM_Base_Init                                 Drivers\STM32F4xx_HAL_Driver\Src\stm32f4xx_hal_tim.o
HAL_TIM_Base_MspDeInit                            Drivers\STM32F4xx_HAL_Driver\Src\stm32f4xx_hal_tim.o
HAL_TIM_Base_MspInit                              Drivers\STM32F4xx_HAL_Driver\Src\stm32f4xx_hal_tim.o
HAL_TIM_Base_Start                                Drivers\STM32F4xx_HAL_Driver\Src\stm32f4xx_hal_tim.o
HAL_TIM_Base_Start_DMA                            Drivers\STM32F4xx_HAL_Driver\Src\stm32f4xx_hal_tim.o
HAL_TIM_Base_Start_IT                             Drivers\STM32F4xx_HAL_Driver\Src\stm32f4xx_hal_tim.o
HAL_TIM_Base_Stop                                 Drivers\STM32F4xx_HAL_Driver\Src\stm32f4xx_hal_tim.o
HAL_TIM_Base_Stop_DMA                             Drivers\STM32F4xx_HAL_Driver\Src\stm32f4xx_hal_tim.o
HAL_TIM_Base_Stop_IT                              Drivers\STM32F4xx_HAL_Driver\Src\stm32f4xx_hal_tim.o
HAL_TIM_ConfigClockSource                         Drivers\STM32F4xx_HAL_Driver\Src\stm32f4xx_hal_tim.o
HAL_TIM_ConfigOCrefClear                          Drivers\STM32F4xx_HAL_Driver\Src\stm32f4xx_hal_tim.o
HAL_TIM_ConfigTI1Input                            Drivers\STM32F4xx_HAL_Driver\Src\stm32f4xx_hal_tim.o
HAL_TIM_DMABurst_ReadStart                        Drivers\STM32F4xx_HAL_Driver\Src\stm32f4xx_hal_tim.o
HAL_TIM_DMABurst_ReadStop                         Drivers\STM32F4xx_HAL_Driver\Src\stm32f4xx_hal_tim.o
HAL_TIM_DMABurst_WriteStart                       Drivers\STM32F4xx_HAL_Driver\Src\stm32f4xx_hal_tim.o
HAL_TIM_DMABurst_WriteStop                        Drivers\STM32F4xx_HAL_Driver\Src\stm32f4xx_hal_tim.o
HAL_TIM_Encoder_DeInit                            Drivers\STM32F4xx_HAL_Driver\Src\stm32f4xx_hal_tim.o
HAL_TIM_Encoder_GetState                          Drivers\STM32F4xx_HAL_Driver\Src\stm32f4xx_hal_tim.o
HAL_TIM_Encoder_Init                              Drivers\STM32F4xx_HAL_Driver\Src\stm32f4xx_hal_tim.o
HAL_TIM_Encoder_MspDeInit                         Drivers\STM32F4xx_HAL_Driver\Src\stm32f4xx_hal_tim.o
HAL_TIM_Encoder_MspInit                           Drivers\STM32F4xx_HAL_Driver\Src\stm32f4xx_hal_tim.o
HAL_TIM_Encoder_Start                             Drivers\STM32F4xx_HAL_Driver\Src\stm32f4xx_hal_tim.o
HAL_TIM_Encoder_Start_DMA                         Drivers\STM32F4xx_HAL_Driver\Src\stm32f4xx_hal_tim.o
HAL_TIM_Encoder_Start_IT                          Drivers\STM32F4xx_HAL_Driver\Src\stm32f4xx_hal_tim.o
HAL_TIM_Encoder_Stop                              Drivers\STM32F4xx_HAL_Driver\Src\stm32f4xx_hal_tim.o
HAL_TIM_Encoder_Stop_DMA                          Drivers\STM32F4xx_HAL_Driver\Src\stm32f4xx_hal_tim.o
HAL_TIM_Encoder_Stop_IT                           Drivers\STM32F4xx_HAL_Driver\Src\stm32f4xx_hal_tim.o
HAL_TIM_ErrorCallback                             Drivers\STM32F4xx_HAL_Driver\Src\stm32f4xx_hal_tim.o
HAL_TIM_GenerateEvent                             Drivers\STM32F4xx_HAL_Driver\Src\stm32f4xx_hal_tim.o
HAL_TIM_IC_CaptureCallback                        Drivers\STM32F4xx_HAL_Driver\Src\stm32f4xx_hal_tim.o
HAL_TIM_IC_ConfigChannel                          Drivers\STM32F4xx_HAL_Driver\Src\stm32f4xx_hal_tim.o
HAL_TIM_IC_DeInit                                 Drivers\STM32F4xx_HAL_Driver\Src\stm32f4xx_hal_tim.o
HAL_TIM_IC_GetState                               Drivers\STM32F4xx_HAL_Driver\Src\stm32f4xx_hal_tim.o
HAL_TIM_IC_Init                                   Drivers\STM32F4xx_HAL_Driver\Src\stm32f4xx_hal_tim.o
HAL_TIM_IC_MspDeInit                              Drivers\STM32F4xx_HAL_Driver\Src\stm32f4xx_hal_tim.o
HAL_TIM_IC_MspInit                                Drivers\STM32F4xx_HAL_Driver\Src\stm32f4xx_hal_tim.o
HAL_TIM_IC_Start                                  Drivers\STM32F4xx_HAL_Driver\Src\stm32f4xx_hal_tim.o
HAL_TIM_IC_Start_DMA                              Drivers\STM32F4xx_HAL_Driver\Src\stm32f4xx_hal_tim.o
HAL_TIM_IC_Start_IT                               Drivers\STM32F4xx_HAL_Driver\Src\stm32f4xx_hal_tim.o
HAL_TIM_IC_Stop                                   Drivers\STM32F4xx_HAL_Driver\Src\stm32f4xx_hal_tim.o
HAL_TIM_IC_Stop_DMA                               Drivers\STM32F4xx_HAL_Driver\Src\stm32f4xx_hal_tim.o
HAL_TIM_IC_Stop_IT                                Drivers\STM32F4xx_HAL_Driver\Src\stm32f4xx_hal_tim.o
HAL_TIM_IRQHandler                                Drivers\STM32F4xx_HAL_Driver\Src\stm32f4xx_hal_tim.o
HAL_TIM_OC_ConfigChannel                          Drivers\STM32F4xx_HAL_Driver\Src\stm32f4xx_hal_tim.o
HAL_TIM_OC_DeInit                                 Drivers\STM32F4xx_HAL_Driver\Src\stm32f4xx_hal_tim.o
HAL_TIM_OC_DelayElapsedCallback                   Drivers\STM32F4xx_HAL_Driver\Src\stm32f4xx_hal_tim.o
HAL_TIM_OC_GetState                               Drivers\STM32F4xx_HAL_Driver\Src\stm32f4xx_hal_tim.o
HAL_TIM_OC_Init                                   Drivers\STM32F4xx_HAL_Driver\Src\stm32f4xx_hal_tim.o
HAL_TIM_OC_MspDeInit                              Drivers\STM32F4xx_HAL_Driver\Src\stm32f4xx_hal_tim.o
HAL_TIM_OC_MspInit                                Drivers\STM32F4xx_HAL_Driver\Src\stm32f4xx_hal_tim.o
HAL_TIM_OC_Start                                  Drivers\STM32F4xx_HAL_Driver\Src\stm32f4xx_hal_tim.o
HAL_TIM_OC_Start_DMA                              Drivers\STM32F4xx_HAL_Driver\Src\stm32f4xx_hal_tim.o
HAL_TIM_OC_Start_IT                               Drivers\STM32F4xx_HAL_Driver\Src\stm32f4xx_hal_tim.o
HAL_TIM_OC_Stop                                   Drivers\STM32F4xx_HAL_Driver\Src\stm32f4xx_hal_tim.o
HAL_TIM_OC_Stop_DMA                               Drivers\STM32F4xx_HAL_Driver\Src\stm32f4xx_hal_tim.o
HAL_TIM_OC_Stop_IT                                Drivers\STM32F4xx_HAL_Driver\Src\stm32f4xx_hal_tim.o
HAL_TIM_OnePulse_ConfigChannel                    Drivers\STM32F4xx_HAL_Driver\Src\stm32f4xx_hal_tim.o
HAL_TIM_OnePulse_DeInit                           Drivers\STM32F4xx_HAL_Driver\Src\stm32f4xx_hal_tim.o
HAL_TIM_OnePulse_GetState                         Drivers\STM32F4xx_HAL_Driver\Src\stm32f4xx_hal_tim.o
HAL_TIM_OnePulse_Init                             Drivers\STM32F4xx_HAL_Driver\Src\stm32f4xx_hal_tim.o
HAL_TIM_OnePulse_MspDeInit                        Drivers\STM32F4xx_HAL_Driver\Src\stm32f4xx_hal_tim.o
HAL_TIM_OnePulse_MspInit                          Drivers\STM32F4xx_HAL_Driver\Src\stm32f4xx_hal_tim.o
HAL_TIM_OnePulse_Start                            Drivers\STM32F4xx_HAL_Driver\Src\stm32f4xx_hal_tim.o
HAL_TIM_OnePulse_Start_IT                         Drivers\STM32F4xx_HAL_Driver\Src\stm32f4xx_hal_tim.o
HAL_TIM_OnePulse_Stop                             Drivers\STM32F4xx_HAL_Driver\Src\stm32f4xx_hal_tim.o
HAL_TIM_OnePulse_Stop_IT                          Drivers\STM32F4xx_HAL_Driver\Src\stm32f4xx_hal_tim.o
HAL_TIM_PWM_ConfigChannel                         Drivers\STM32F4xx_HAL_Driver\Src\stm32f4xx_hal_tim.o
HAL_TIM_PWM_DeInit                                Drivers\STM32F4xx_HAL_Driver\Src\stm32f4xx_hal_tim.o
HAL_TIM_PWM_GetState                              Drivers\STM32F4xx_HAL_Driver\Src\stm32f4xx_hal_tim.o
HAL_TIM_PWM_Init                                  Drivers\STM32F4xx_HAL_Driver\Src\stm32f4xx_hal_tim.o
HAL_TIM_PWM_MspDeInit                             Drivers\STM32F4xx_HAL_Driver\Src\stm32f4xx_hal_tim.o
HAL_TIM_PWM_MspInit                               Drivers\STM32F4xx_HAL_Driver\Src\stm32f4xx_hal_tim.o
HAL_TIM_PWM_PulseFinishedCallback                 Drivers\STM32F4xx_HAL_Driver\Src\stm32f4xx_hal_tim.o
HAL_TIM_PWM_Start                                 Drivers\STM32F4xx_HAL_Driver\Src\stm32f4xx_hal_tim.o
HAL_TIM_PWM_Start_DMA                             Drivers\STM32F4xx_HAL_Driver\Src\stm32f4xx_hal_tim.o
HAL_TIM_PWM_Start_IT                              Drivers\STM32F4xx_HAL_Driver\Src\stm32f4xx_hal_tim.o
HAL_TIM_PWM_Stop                                  Drivers\STM32F4xx_HAL_Driver\Src\stm32f4xx_hal_tim.o
HAL_TIM_PWM_Stop_DMA                              Drivers\STM32F4xx_HAL_Driver\Src\stm32f4xx_hal_tim.o
HAL_TIM_PWM_Stop_IT                               Drivers\STM32F4xx_HAL_Driver\Src\stm32f4xx_hal_tim.o
HAL_TIM_PeriodElapsedCallback                     Drivers\STM32F4xx_HAL_Driver\Src\stm32f4xx_hal_tim.o
HAL_TIM_ReadCapturedValue                         Drivers\STM32F4xx_HAL_Driver\Src\stm32f4xx_hal_tim.o
HAL_TIM_SlaveConfigSynchronization                Drivers\STM32F4xx_HAL_Driver\Src\stm32f4xx_hal_tim.o
HAL_TIM_SlaveConfigSynchronization_IT             Drivers\STM32F4xx_HAL_Driver\Src\stm32f4xx_hal_tim.o
HAL_TIM_TriggerCallback                           Drivers\STM32F4xx_HAL_Driver\Src\stm32f4xx_hal_tim.o
HAL_UART_DMAPause                                 Drivers\STM32F4xx_HAL_Driver\Src\stm32f4xx_hal_uart.o
HAL_UART_DMAResume                                Drivers\STM32F4xx_HAL_Driver\Src\stm32f4xx_hal_uart.o
HAL_UART_DMAStop                                  Drivers\STM32F4xx_HAL_Driver\Src\stm32f4xx_hal_uart.o
HAL_UART_DeInit                                   Drivers\STM32F4xx_HAL_Driver\Src\stm32f4xx_hal_uart.o
HAL_UART_ErrorCallback                            Src\usart.o
HAL_UART_GetError                                 Drivers\STM32F4xx_HAL_Driver\Src\stm32f4xx_hal_uart.o
HAL_UART_GetState                                 Drivers\STM32F4xx_HAL_Driver\Src\stm32f4xx_hal_uart.o
HAL_UART_IRQHandler                               Drivers\STM32F4xx_HAL_Driver\Src\stm32f4xx_hal_uart.o
                                                  Src\usart.o
HAL_UART_Init                                     Drivers\STM32F4xx_HAL_Driver\Src\stm32f4xx_hal_uart.o
                                                  Src\usart.o
HAL_UART_MspDeInit                                Src\stm32f4xx_hal_msp.o
HAL_UART_MspInit                                  Src\usart.o
HAL_UART_Receive                                  Drivers\STM32F4xx_HAL_Driver\Src\stm32f4xx_hal_uart.o
HAL_UART_Receive_DMA                              Drivers\STM32F4xx_HAL_Driver\Src\stm32f4xx_hal_uart.o
HAL_UART_Receive_IT                               Drivers\STM32F4xx_HAL_Driver\Src\stm32f4xx_hal_uart.o
                                                  Src\usart.o
HAL_UART_RxCpltCallback                           Src\usart.o
HAL_UART_RxHalfCpltCallback                       Drivers\STM32F4xx_HAL_Driver\Src\stm32f4xx_hal_uart.o
HAL_UART_Transmit                                 Drivers\STM32F4xx_HAL_Driver\Src\stm32f4xx_hal_uart.o
HAL_UART_Transmit_DMA                             Drivers\STM32F4xx_HAL_Driver\Src\stm32f4xx_hal_uart.o
HAL_UART_Transmit_IT                              Drivers\STM32F4xx_HAL_Driver\Src\stm32f4xx_hal_uart.o
                                                  Src\usart.o
HAL_UART_TxCpltCallback                           Src\usart.o
HAL_UART_TxHalfCpltCallback                       Drivers\STM32F4xx_HAL_Driver\Src\stm32f4xx_hal_uart.o
HASH_RNG_IRQHandler                               Drivers\CMSIS\Device\ST\STM32F4xx\Source\Templates\gcc\startup_stm32f407xx.o
HOMEAUTMESSAGE_CompareMessage                     Src\homeautmessage.o
HOMEAUTMESSAGE_CreateAndSendHomeAutMessage        Src\homeautmessage.o
HOMEAUTMESSAGE_CreateMessage                      Src\homeautmessage.o
HOMEAUTMESSAGE_DefaultAddress_Length              Src\homeautmessage.o
HOMEAUTMESSAGE_DefaultDataType_Length             Src\homeautmessage.o
HOMEAUTMESSAGE_DefaultData_Length                 Src\homeautmessage.o
HOMEAUTMESSAGE_DefaultFunction_Length             Src\homeautmessage.o
HOMEAUTMESSAGE_DefaultHeader                      Src\homeautmessage.o
HOMEAUTMESSAGE_DefaultHeader_Length               Src\homeautmessage.o
HOMEAUTMESSAGE_DefaultMessageLength               Src\homeautmessage.o
HOMEAUTMESSAGE_DefaultSeparator_Length            Src\homeautmessage.o
HOMEAUTMESSAGE_DefaultSeperator                   Src\homeautmessage.o
HOMEAUTMESSAGE_MessageInformation                 Src\homeautmessage.o
HOMEAUTMESSAGE_Test                               Src\homeautmessage.o
HardFault_Handler                                 Drivers\CMSIS\Device\ST\STM32F4xx\Source\Templates\gcc\startup_stm32f407xx.o
HexCharToOctet                                    Src\string.o
I2C1_ER_IRQHandler                                Drivers\CMSIS\Device\ST\STM32F4xx\Source\Templates\gcc\startup_stm32f407xx.o
I2C1_EV_IRQHandler                                Drivers\CMSIS\Device\ST\STM32F4xx\Source\Templates\gcc\startup_stm32f407xx.o
I2C2_ER_IRQHandler                                Drivers\CMSIS\Device\ST\STM32F4xx\Source\Templates\gcc\startup_stm32f407xx.o
I2C2_EV_IRQHandler                                Drivers\CMSIS\Device\ST\STM32F4xx\Source\Templates\gcc\startup_stm32f407xx.o
I2C3_ER_IRQHandler                                Drivers\CMSIS\Device\ST\STM32F4xx\Source\Templates\gcc\startup_stm32f407xx.o
I2C3_EV_IRQHandler                                Drivers\CMSIS\Device\ST\STM32F4xx\Source\Templates\gcc\startup_stm32f407xx.o
IsDecimalChar                                     Src\string.o
IsHexChar                                         Src\string.o
MODULNAME_FunctionName                            Src\template.o
MODULNAME_OtherFunc                               Src\template.o
MONITOR_CheckCommand                              Src\monitor.o
                                                  Src\main.o
MONITOR_CommandActual                             Src\monitor.o
                                                  Src\usart.o
MONITOR_CommandActualEscape                       Src\monitor.o
                                                  Src\usart.o
MONITOR_CommandBackspace                          Src\monitor.o
MONITOR_CommandCursorPosition                     Src\monitor.o
                                                  Src\usart.o
MONITOR_CommandEnable                             Src\monitor.o
                                                  Src\usart.o
MONITOR_CommandEscapeCharValidation               Src\monitor.o
MONITOR_CommandEscapeEnd_flag                     Src\monitor.o
                                                  Src\usart.o
MONITOR_CommandEscapeStart_flag                   Src\monitor.o
                                                  Src\usart.o
MONITOR_CommandEscape_cnt                         Src\monitor.o
                                                  Src\usart.o
MONITOR_CommandEvent                              Src\monitor.o
                                                  Src\usart.o
MONITOR_CommandFind                               Src\monitor.o
MONITOR_CommandLength                             Src\monitor.o
                                                  Src\usart.o
MONITOR_CommandReadable                           Src\monitor.o
                                                  Src\usart.o
MONITOR_CommandReceivedBackspace                  Src\monitor.o
                                                  Src\usart.o
MONITOR_CommandReceivedLastChar                   Src\monitor.o
                                                  Src\usart.o
MONITOR_CommandReceivedNotLastChar                Src\monitor.o
                                                  Src\usart.o
MONITOR_CommandResendLine                         Src\monitor.o
MONITOR_CommandSendBackChar_Enable                Src\monitor.o
MONITOR_CommandSeparate                           Src\monitor.o
MONITOR_ConvertSmallLetter                        Src\monitor.o
MONITOR_EndCommand                                Src\monitor.o
MONITOR_Init                                      Src\monitor.o