Archive member included to satisfy reference by file (symbol)

c:/engineer/program/truestudio for arm 5.5.2/armtools/bin/../lib/gcc/arm-atollic-eabi/5.3.1/../../../../arm-atollic-eabi/lib/armv7e-m/fpu\libc.a(lib_a-init.o)
                              Drivers\CMSIS\Device\ST\STM32F4xx\Source\Templates\gcc\startup_stm32f407xx.o (__libc_init_array)
c:/engineer/program/truestudio for arm 5.5.2/armtools/bin/../lib/gcc/arm-atollic-eabi/5.3.1/../../../../arm-atollic-eabi/lib/armv7e-m/fpu\libc.a(lib_a-memcpy-stub.o)
                              Middlewares\Third_Party\FreeRTOS\Source\queue.o (memcpy)
c:/engineer/program/truestudio for arm 5.5.2/armtools/bin/../lib/gcc/arm-atollic-eabi/5.3.1/../../../../arm-atollic-eabi/lib/armv7e-m/fpu\libc.a(lib_a-memset.o)
                              Src\ESP8266.o (memset)
c:/engineer/program/truestudio for arm 5.5.2/armtools/bin/../lib/gcc/arm-atollic-eabi/5.3.1/armv7e-m/fpu\libgcc.a(_arm_addsubdf3.o)
                              Src\raspberrypi.o (__aeabi_f2d)
c:/engineer/program/truestudio for arm 5.5.2/armtools/bin/../lib/gcc/arm-atollic-eabi/5.3.1/armv7e-m/fpu\libgcc.a(_arm_truncdfsf2.o)
                              Src\usart.o (__aeabi_d2f)

Allocating common symbols
Common symbol       size              file

MONITOR_CommandEvent
                    0x1               Src\monitor.o
USART_RxBuffer      0x1               Src\usart.o
RaspberrypiUartHandle
                    0x40              Src\raspberrypi.o
MONITOR_CommandLength
                    0x1               Src\monitor.o
ESP8266_TransmitBuffer
                    0x29              Src\ESP8266.o
defaultTaskHandle   0x4               Src\main.o
ESP8266_ReceivedMessage_Queue
                    0x4               Src\ESP8266.o
MONITOR_CommandReadable
                    0x1               Src\monitor.o
Arg2Num             0x4               Src\command.o
MONITOR_CommandReceivedBackspace
                    0x1               Src\monitor.o
HomeAutDevices      0xa               Src\SysManager.o
USART_ReceivedChar  0x1               Src\usart.o
MONITOR_CommandReceivedNotLastChar
                    0x1               Src\monitor.o
uwTick              0x4               Drivers\STM32F4xx_HAL_Driver\Src\stm32f4xx_hal.o
xQueueRegistry      0x40              Middlewares\Third_Party\FreeRTOS\Source\queue.o
pFlash              0x20              Drivers\STM32F4xx_HAL_Driver\Src\stm32f4xx_hal_flash.o
ESP8266_Uart_ReceivedCharFlag
                    0x1               Src\ESP8266.o
MONITOR_CommandActual
                    0xff              Src\monitor.o
DEBUG_USART_Tx_Semaphore
                    0x4               Src\monitor.o
MONITOR_CommandCursorPosition
                    0x1               Src\monitor.o
HOMEAUTMESSAGE_MessageInformation
                    0xc               Src\homeautmessage.o
TimLedBlueHandle    0x3c              Src\led.o
ESP8266_UartHandle  0x40              Src\ESP8266.o
Arg3Num             0x4               Src\command.o
ESP8266_USART_Rx_Semaphore
                    0x4               Src\ESP8266.o
DeviceStatus        0x38              Src\SysManager.o
ESP8266_SendMessage_Queue
                    0x4               Src\ESP8266.o
USART_TxBuffer      0xff              Src\usart.o
ESP8266_MyIpAddressString
                    0x4               Src\ESP8266.o
Debug_UartHandle    0x40              Src\usart.o
MONITOR_RemoteControlBuffer
                    0x5               Src\monitor.o
SysManager_HomeAutMessage_Buffer
                    0x29              Src\SysManager.o
DEBUG_USART_Rx_Semaphore
                    0x4               Src\monitor.o
MONITOR_CommandActualEscape
                    0x3               Src\monitor.o
MONITOR_CommandEscapeEnd_flag
                    0x1               Src\monitor.o
ESP8266_ReceiveBuffer
                    0x46              Src\ESP8266.o
MONITOR_CommandReceivedLastChar
                    0x1               Src\monitor.o
TimLedGreenHandle   0x3c              Src\led.o
MONITOR_CommandEscape_cnt
                    0x1               Src\monitor.o
huart2              0x40              Src\main.o
USART_SendEnable_flag
                    0x1               Src\usart.o
MONITOR_CommandEscapeStart_flag
                    0x1               Src\monitor.o
USART_ReceiveEnable_flag
                    0x1               Src\usart.o

Discarded input sections

 .text          0x00000000        0x0 c:/engineer/program/truestudio for arm 5.5.2/armtools/bin/../lib/gcc/arm-atollic-eabi/5.3.1/armv7e-m/fpu/crti.o
 .data          0x00000000        0x0 c:/engineer/program/truestudio for arm 5.5.2/armtools/bin/../lib/gcc/arm-atollic-eabi/5.3.1/armv7e-m/fpu/crti.o
 .bss           0x00000000        0x0 c:/engineer/program/truestudio for arm 5.5.2/armtools/bin/../lib/gcc/arm-atollic-eabi/5.3.1/armv7e-m/fpu/crti.o
 .data          0x00000000        0x4 c:/engineer/program/truestudio for arm 5.5.2/armtools/bin/../lib/gcc/arm-atollic-eabi/5.3.1/armv7e-m/fpu/crtbegin.o
[...]
Memory Configuration

Name             Origin             Length             Attributes
FLASH            0x08000000         0x00100000         xr
RAM              0x20000000         0x00020000         xrw
CCMRAM           0x10000000         0x00010000         rw
*default*        0x00000000         0xffffffff

Linker script and memory map

LOAD c:/engineer/program/truestudio for arm 5.5.2/armtools/bin/../lib/gcc/arm-atollic-eabi/5.3.1/armv7e-m/fpu/crti.o
LOAD c:/engineer/program/truestudio for arm 5.5.2/armtools/bin/../lib/gcc/arm-atollic-eabi/5.3.1/armv7e-m/fpu/crtbegin.o
LOAD Src\usart.o
LOAD Src\template.o
LOAD Src\temperature.o
LOAD Src\string.o
LOAD Src\stm32f4xx_it.o
LOAD Src\stm32f4xx_hal_msp.o
LOAD Src\raspberrypi.o
LOAD Src\monitor.o
LOAD Src\main.o
LOAD Src\led.o
LOAD Src\it.o
LOAD Src\homeautmessage.o
LOAD Src\freertos.o
LOAD Src\flash.o
LOAD Src\command.o
LOAD Src\button.o
LOAD Src\adc.o
LOAD Src\SysManager.o
LOAD Src\IO.o
LOAD Src\ESP8266.o
LOAD Middlewares\Third_Party\FreeRTOS\Source\timers.o
LOAD Middlewares\Third_Party\FreeRTOS\Source\tasks.o
LOAD Middlewares\Third_Party\FreeRTOS\Source\queue.o
LOAD Middlewares\Third_Party\FreeRTOS\Source\portable\MemMang\heap_4.o
LOAD Middlewares\Third_Party\FreeRTOS\Source\portable\GCC\ARM_CM4F\port.o
LOAD Middlewares\Third_Party\FreeRTOS\Source\list.o
LOAD Middlewares\Third_Party\FreeRTOS\Source\event_groups.o
LOAD Middlewares\Third_Party\FreeRTOS\Source\croutine.o
LOAD Middlewares\Third_Party\FreeRTOS\Source\CMSIS_RTOS\cmsis_os.o
LOAD Drivers\STM32F4xx_HAL_Driver\Src\stm32f4xx_hal_uart.o
LOAD Drivers\STM32F4xx_HAL_Driver\Src\stm32f4xx_hal_tim_ex.o
LOAD Drivers\STM32F4xx_HAL_Driver\Src\stm32f4xx_hal_tim.o
LOAD Drivers\STM32F4xx_HAL_Driver\Src\stm32f4xx_hal_rcc_ex.o
LOAD Drivers\STM32F4xx_HAL_Driver\Src\stm32f4xx_hal_rcc.o
LOAD Drivers\STM32F4xx_HAL_Driver\Src\stm32f4xx_hal_pwr_ex.o
LOAD Drivers\STM32F4xx_HAL_Driver\Src\stm32f4xx_hal_pwr.o
LOAD Drivers\STM32F4xx_HAL_Driver\Src\stm32f4xx_hal_gpio.o
LOAD Drivers\STM32F4xx_HAL_Driver\Src\stm32f4xx_hal_flash_ramfunc.o
LOAD Drivers\STM32F4xx_HAL_Driver\Src\stm32f4xx_hal_flash_ex.o
LOAD Drivers\STM32F4xx_HAL_Driver\Src\stm32f4xx_hal_flash.o
LOAD Drivers\STM32F4xx_HAL_Driver\Src\stm32f4xx_hal_dma_ex.o
LOAD Drivers\STM32F4xx_HAL_Driver\Src\stm32f4xx_hal_dma.o
LOAD Drivers\STM32F4xx_HAL_Driver\Src\stm32f4xx_hal_cortex.o
LOAD Drivers\STM32F4xx_HAL_Driver\Src\stm32f4xx_hal.o
LOAD Drivers\CMSIS\Device\ST\STM32F4xx\Source\Templates\system_stm32f4xx.o
LOAD Drivers\CMSIS\Device\ST\STM32F4xx\Source\Templates\gcc\startup_stm32f407xx.o
START GROUP
LOAD c:/engineer/program/truestudio for arm 5.5.2/armtools/bin/../lib/gcc/arm-atollic-eabi/5.3.1/../../../../arm-atollic-eabi/lib/armv7e-m/fpu\libc.a
LOAD c:/engineer/program/truestudio for arm 5.5.2/armtools/bin/../lib/gcc/arm-atollic-eabi/5.3.1/../../../../arm-atollic-eabi/lib/armv7e-m/fpu\libm.a
END GROUP
                0x00000080                malloc_getpagesize_P = 0x80
START GROUP
LOAD c:/engineer/program/truestudio for arm 5.5.2/armtools/bin/../lib/gcc/arm-atollic-eabi/5.3.1/armv7e-m/fpu\libgcc.a
LOAD c:/engineer/program/truestudio for arm 5.5.2/armtools/bin/../lib/gcc/arm-atollic-eabi/5.3.1/../../../../arm-atollic-eabi/lib/armv7e-m/fpu\libc.a
END GROUP
START GROUP
LOAD c:/engineer/program/truestudio for arm 5.5.2/armtools/bin/../lib/gcc/arm-atollic-eabi/5.3.1/armv7e-m/fpu\libgcc.a
LOAD c:/engineer/program/truestudio for arm 5.5.2/armtools/bin/../lib/gcc/arm-atollic-eabi/5.3.1/../../../../arm-atollic-eabi/lib/armv7e-m/fpu\libc.a
LOAD c:/engineer/program/truestudio for arm 5.5.2/armtools/bin/../lib/gcc/arm-atollic-eabi/5.3.1/../../../../arm-atollic-eabi/lib/armv7e-m/fpu\libnosys.a
END GROUP
LOAD c:/engineer/program/truestudio for arm 5.5.2/armtools/bin/../lib/gcc/arm-atollic-eabi/5.3.1/armv7e-m/fpu/crtend.o
LOAD c:/engineer/program/truestudio for arm 5.5.2/armtools/bin/../lib/gcc/arm-atollic-eabi/5.3.1/armv7e-m/fpu/crtn.o
                0x20020000                _estack = 0x20020000
                0x00000200                _Min_Heap_Size = 0x200
                0x00000400                _Min_Stack_Size = 0x400

.isr_vector     0x08000000      0x188
                0x08000000                . = ALIGN (0x4)
 *(.isr_vector)
 .isr_vector    0x08000000      0x188 Drivers\CMSIS\Device\ST\STM32F4xx\Source\Templates\gcc\startup_stm32f407xx.o
                0x08000000                g_pfnVectors
                0x08000188                . = ALIGN (0x4)

.text           0x08000188     0x205c
                0x08000188                . = ALIGN (0x4)
 *(.text)
 .text          0x08000188       0x40 c:/engineer/program/truestudio for arm 5.5.2/armtools/bin/../lib/gcc/arm-atollic-eabi/5.3.1/armv7e-m/fpu/crtbegin.o
 *(.text*)
 .text.USART1_IRQHandler
                0x080001c8        0xc Src\usart.o
                0x080001c8                USART1_IRQHandler
 .text.USART2_IRQHandler
                0x080001d4        0xc Src\usart.o
                0x080001d4                USART2_IRQHandler
 .text.HAL_UART_TxCpltCallback
                0x080001e0       0x34 Src\usart.o
                0x080001e0                HAL_UART_TxCpltCallback
 .text.HAL_UART_RxCpltCallback
                0x08000214      0x1fc Src\usart.o
                0x08000214                HAL_UART_RxCpltCallback
 .text.HAL_UART_ErrorCallback
                0x08000410       0x98 Src\usart.o
                0x08000410                HAL_UART_ErrorCallback
 .text.SysTick_Handler
                0x080004a8        0xe Src\stm32f4xx_it.o
                0x080004a8                SysTick_Handler
 .text.HAL_MspInit
                0x080004b6       0x60 Src\stm32f4xx_hal_msp.o
                0x080004b6                HAL_MspInit
 .text.StartDefaultTask
                0x08000516        0xa Src\main.o
                0x08000516                StartDefaultTask
 .text.SystemClock_Config
                0x08000520       0xac Src\main.o
                0x08000520                SystemClock_Config
 .text.startup.main
                0x080005cc      0x224 Src\main.o
                0x080005cc                main
 .text.Error_Handler
                0x080007f0        0x2 Src\main.o
                0x080007f0                Error_Handler
 .text.EXTI0_IRQHandler
                0x080007f2        0x6 Src\it.o
                0x080007f2                EXTI0_IRQHandler
 .text.EXTI9_5_IRQHandler
                0x080007f8       0x4c Src\it.o
                0x080007f8                EXTI9_5_IRQHandler
 .text.HAL_GPIO_EXTI_Callback
                0x08000844       0x70 Src\it.o
                0x08000844                HAL_GPIO_EXTI_Callback
 .text.prvResetNextTaskUnblockTime
                0x080008b4       0x24 Middlewares\Third_Party\FreeRTOS\Source\tasks.o
 .text.prvAddCurrentTaskToDelayedList
                0x080008d8       0x50 Middlewares\Third_Party\FreeRTOS\Source\tasks.o
 .text.xTaskGenericCreate.part.5
                0x08000928      0x1c4 Middlewares\Third_Party\FreeRTOS\Source\tasks.o
 .text.xTaskGenericCreate
                0x08000aec       0x3c Middlewares\Third_Party\FreeRTOS\Source\tasks.o
                0x08000aec                xTaskGenericCreate
 .text.vTaskStartScheduler
                0x08000b28       0x70 Middlewares\Third_Party\FreeRTOS\Source\tasks.o
                0x08000b28                vTaskStartScheduler
 .text.vTaskSuspendAll
                0x08000b98       0x10 Middlewares\Third_Party\FreeRTOS\Source\tasks.o
                0x08000b98                vTaskSuspendAll
 .text.xTaskIncrementTick
                0x08000ba8      0x130 Middlewares\Third_Party\FreeRTOS\Source\tasks.o
                0x08000ba8                xTaskIncrementTick
 .text.xTaskResumeAll
                0x08000cd8       0xec Middlewares\Third_Party\FreeRTOS\Source\tasks.o
                0x08000cd8                xTaskResumeAll
 .text.vTaskDelay
                0x08000dc4       0x7c Middlewares\Third_Party\FreeRTOS\Source\tasks.o
                0x08000dc4                vTaskDelay
 .text.prvIdleTask
                0x08000e40       0x78 Middlewares\Third_Party\FreeRTOS\Source\tasks.o
 .text.vTaskSwitchContext
                0x08000eb8       0x74 Middlewares\Third_Party\FreeRTOS\Source\tasks.o
                0x08000eb8                vTaskSwitchContext
 .text.xTaskRemoveFromEventList
                0x08000f2c       0x84 Middlewares\Third_Party\FreeRTOS\Source\tasks.o
                0x08000f2c                xTaskRemoveFromEventList
 .text.xTaskGetSchedulerState
                0x08000fb0       0x20 Middlewares\Third_Party\FreeRTOS\Source\tasks.o
                0x08000fb0                xTaskGetSchedulerState
 .text.xQueueGiveFromISR
                0x08000fd0       0xa0 Middlewares\Third_Party\FreeRTOS\Source\queue.o
                0x08000fd0                xQueueGiveFromISR
 .text.unlikely.prvInsertBlockIntoFreeList
                0x08001070       0x48 Middlewares\Third_Party\FreeRTOS\Source\portable\MemMang\heap_4.o
 .text.pvPortMalloc
                0x080010b8      0x124 Middlewares\Third_Party\FreeRTOS\Source\portable\MemMang\heap_4.o
                0x080010b8                pvPortMalloc
 .text.vPortFree
                0x080011dc       0x70 Middlewares\Third_Party\FreeRTOS\Source\portable\MemMang\heap_4.o
                0x080011dc                vPortFree
 .text.prvTaskExitError
                0x0800124c       0x30 Middlewares\Third_Party\FreeRTOS\Source\portable\GCC\ARM_CM4F\port.o
 .text.prvPortStartFirstTask
                0x0800127c       0x20 Middlewares\Third_Party\FreeRTOS\Source\portable\GCC\ARM_CM4F\port.o
 .text.vPortEnableVFP
                0x0800129c       0x14 Middlewares\Third_Party\FreeRTOS\Source\portable\GCC\ARM_CM4F\port.o
 .text.pxPortInitialiseStack
                0x080012b0       0x24 Middlewares\Third_Party\FreeRTOS\Source\portable\GCC\ARM_CM4F\port.o
                0x080012b0                pxPortInitialiseStack
 .text.SVC_Handler
                0x080012d4       0x20 Middlewares\Third_Party\FreeRTOS\Source\portable\GCC\ARM_CM4F\port.o
                0x080012d4                SVC_Handler
 .text.vPortEnterCritical
                0x080012f4       0x44 Middlewares\Third_Party\FreeRTOS\Source\portable\GCC\ARM_CM4F\port.o
                0x080012f4                vPortEnterCritical
 .text.vPortExitCritical
                0x08001338       0x28 Middlewares\Third_Party\FreeRTOS\Source\portable\GCC\ARM_CM4F\port.o
                0x08001338                vPortExitCritical
 .text.PendSV_Handler
                0x08001360       0x60 Middlewares\Third_Party\FreeRTOS\Source\portable\GCC\ARM_CM4F\port.o
                0x08001360                PendSV_Handler
 .text.xPortSysTickHandler
                0x080013c0       0x30 Middlewares\Third_Party\FreeRTOS\Source\portable\GCC\ARM_CM4F\port.o
                0x080013c0                xPortSysTickHandler
 .text.vPortSetupTimerInterrupt
                0x080013f0       0x28 Middlewares\Third_Party\FreeRTOS\Source\portable\GCC\ARM_CM4F\port.o
                0x080013f0                vPortSetupTimerInterrupt
 .text.xPortStartScheduler
                0x08001418       0xec Middlewares\Third_Party\FreeRTOS\Source\portable\GCC\ARM_CM4F\port.o
                0x08001418                xPortStartScheduler
 .text.vPortValidateInterruptPriority
                0x08001504       0x5c Middlewares\Third_Party\FreeRTOS\Source\portable\GCC\ARM_CM4F\port.o
                0x08001504                vPortValidateInterruptPriority
 .text.vListInitialise
                0x08001560       0x16 Middlewares\Third_Party\FreeRTOS\Source\list.o
                0x08001560                vListInitialise
 .text.vListInitialiseItem
                0x08001576        0x6 Middlewares\Third_Party\FreeRTOS\Source\list.o
                0x08001576                vListInitialiseItem
 .text.vListInsertEnd
                0x0800157c       0x18 Middlewares\Third_Party\FreeRTOS\Source\list.o
                0x0800157c                vListInsertEnd
 .text.vListInsert
                0x08001594       0x30 Middlewares\Third_Party\FreeRTOS\Source\list.o
                0x08001594                vListInsert
 .text.uxListRemove
                0x080015c4       0x20 Middlewares\Third_Party\FreeRTOS\Source\list.o
                0x080015c4                uxListRemove
 .text.osKernelStart
                0x080015e4        0xa Middlewares\Third_Party\FreeRTOS\Source\CMSIS_RTOS\cmsis_os.o
                0x080015e4                osKernelStart
 .text.osThreadCreate
                0x080015ee       0x38 Middlewares\Third_Party\FreeRTOS\Source\CMSIS_RTOS\cmsis_os.o
                0x080015ee                osThreadCreate
 .text.osDelay  0x08001626       0x10 Middlewares\Third_Party\FreeRTOS\Source\CMSIS_RTOS\cmsis_os.o
                0x08001626                osDelay
 .text.osSystickHandler
                0x08001636       0x14 Middlewares\Third_Party\FreeRTOS\Source\CMSIS_RTOS\cmsis_os.o
                0x08001636                osSystickHandler
 .text.UART_EndRxTransfer
                0x0800164a       0x1a Drivers\STM32F4xx_HAL_Driver\Src\stm32f4xx_hal_uart.o
 .text.HAL_UART_Transmit_IT
                0x08001664       0x3e Drivers\STM32F4xx_HAL_Driver\Src\stm32f4xx_hal_uart.o
                0x08001664                HAL_UART_Transmit_IT
 .text.HAL_UART_Receive_IT
                0x080016a2       0x46 Drivers\STM32F4xx_HAL_Driver\Src\stm32f4xx_hal_uart.o
                0x080016a2                HAL_UART_Receive_IT
 .text.UART_Receive_IT
                0x080016e8       0x78 Drivers\STM32F4xx_HAL_Driver\Src\stm32f4xx_hal_uart.o
 .text.HAL_UART_IRQHandler
                0x08001760      0x140 Drivers\STM32F4xx_HAL_Driver\Src\stm32f4xx_hal_uart.o
                0x08001760                HAL_UART_IRQHandler
 .text.UART_DMAAbortOnError
                0x080018a0       0x10 Drivers\STM32F4xx_HAL_Driver\Src\stm32f4xx_hal_uart.o
 .text.HAL_RCC_OscConfig
                0x080018b0      0x2d0 Drivers\STM32F4xx_HAL_Driver\Src\stm32f4xx_hal_rcc.o
                0x080018b0                HAL_RCC_OscConfig
 .text.HAL_RCC_GetSysClockFreq
                0x08001b80       0x7c Drivers\STM32F4xx_HAL_Driver\Src\stm32f4xx_hal_rcc.o
                0x08001b80                HAL_RCC_GetSysClockFreq
 .text.HAL_RCC_ClockConfig
                0x08001bfc      0x168 Drivers\STM32F4xx_HAL_Driver\Src\stm32f4xx_hal_rcc.o
                0x08001bfc                HAL_RCC_ClockConfig
 .text.HAL_RCC_GetHCLKFreq
                0x08001d64        0xc Drivers\STM32F4xx_HAL_Driver\Src\stm32f4xx_hal_rcc.o
                0x08001d64                HAL_RCC_GetHCLKFreq
 .text.HAL_GPIO_Init
                0x08001d70      0x1c0 Drivers\STM32F4xx_HAL_Driver\Src\stm32f4xx_hal_gpio.o
                0x08001d70                HAL_GPIO_Init
 .text.HAL_GPIO_ReadPin
                0x08001f30        0xc Drivers\STM32F4xx_HAL_Driver\Src\stm32f4xx_hal_gpio.o
                0x08001f30                HAL_GPIO_ReadPin
 .text.HAL_GPIO_WritePin
                0x08001f3c        0x8 Drivers\STM32F4xx_HAL_Driver\Src\stm32f4xx_hal_gpio.o
                0x08001f3c                HAL_GPIO_WritePin
 .text.HAL_GPIO_TogglePin
                0x08001f44        0x8 Drivers\STM32F4xx_HAL_Driver\Src\stm32f4xx_hal_gpio.o
                0x08001f44                HAL_GPIO_TogglePin
 .text.HAL_GPIO_EXTI_IRQHandler
                0x08001f4c       0x18 Drivers\STM32F4xx_HAL_Driver\Src\stm32f4xx_hal_gpio.o
                0x08001f4c                HAL_GPIO_EXTI_IRQHandler
 .text.HAL_DMA_Abort_IT
                0x08001f64       0x24 Drivers\STM32F4xx_HAL_Driver\Src\stm32f4xx_hal_dma.o
                0x08001f64                HAL_DMA_Abort_IT
 .text.HAL_NVIC_SetPriorityGrouping
                0x08001f88       0x24 Drivers\STM32F4xx_HAL_Driver\Src\stm32f4xx_hal_cortex.o
                0x08001f88                HAL_NVIC_SetPriorityGrouping
 .text.HAL_NVIC_SetPriority
                0x08001fac       0x68 Drivers\STM32F4xx_HAL_Driver\Src\stm32f4xx_hal_cortex.o
                0x08001fac                HAL_NVIC_SetPriority
 .text.HAL_SYSTICK_Config
                0x08002014       0x2c Drivers\STM32F4xx_HAL_Driver\Src\stm32f4xx_hal_cortex.o
                0x08002014                HAL_SYSTICK_Config
 .text.HAL_SYSTICK_CLKSourceConfig
                0x08002040       0x18 Drivers\STM32F4xx_HAL_Driver\Src\stm32f4xx_hal_cortex.o
                0x08002040                HAL_SYSTICK_CLKSourceConfig
 .text.HAL_InitTick
                0x08002058       0x28 Drivers\STM32F4xx_HAL_Driver\Src\stm32f4xx_hal.o
                0x08002058                HAL_InitTick
 .text.HAL_Init
                0x08002080       0x34 Drivers\STM32F4xx_HAL_Driver\Src\stm32f4xx_hal.o
                0x08002080                HAL_Init
 .text.HAL_IncTick
                0x080020b4       0x10 Drivers\STM32F4xx_HAL_Driver\Src\stm32f4xx_hal.o
                0x080020b4                HAL_IncTick
 .text.HAL_GetTick
                0x080020c4        0xc Drivers\STM32F4xx_HAL_Driver\Src\stm32f4xx_hal.o
                0x080020c4                HAL_GetTick
 .text.SystemInit
                0x080020d0       0x4c Drivers\CMSIS\Device\ST\STM32F4xx\Source\Templates\system_stm32f4xx.o
                0x080020d0                SystemInit
 .text.Reset_Handler
                0x0800211c       0x50 Drivers\CMSIS\Device\ST\STM32F4xx\Source\Templates\gcc\startup_stm32f407xx.o
                0x0800211c                Reset_Handler
 .text.Default_Handler
                0x0800216c        0x2 Drivers\CMSIS\Device\ST\STM32F4xx\Source\Templates\gcc\startup_stm32f407xx.o
                0x0800216c                RTC_Alarm_IRQHandler
                0x0800216c                HASH_RNG_IRQHandler
                0x0800216c                EXTI2_IRQHandler
                0x0800216c                TIM8_CC_IRQHandler
                0x0800216c                DebugMon_Handler
                0x0800216c                TIM1_CC_IRQHandler
                0x0800216c                DMA2_Stream5_IRQHandler
                0x0800216c                HardFault_Handler
                0x0800216c                DMA1_Stream5_IRQHandler
                0x0800216c                PVD_IRQHandler
                0x0800216c                SDIO_IRQHandler
                0x0800216c                TAMP_STAMP_IRQHandler
                0x0800216c                NMI_Handler
                0x0800216c                CAN2_RX1_IRQHandler
                0x0800216c                EXTI3_IRQHandler
                0x0800216c                TIM8_TRG_COM_TIM14_IRQHandler
                0x0800216c                TIM1_UP_TIM10_IRQHandler
                0x0800216c                TIM8_UP_TIM13_IRQHandler
                0x0800216c                I2C3_ER_IRQHandler
                0x0800216c                I2C2_EV_IRQHandler
                0x0800216c                DMA1_Stream2_IRQHandler
                0x0800216c                CAN1_RX0_IRQHandler
                0x0800216c                FPU_IRQHandler
                0x0800216c                OTG_HS_WKUP_IRQHandler
                0x0800216c                UsageFault_Handler
                0x0800216c                CAN2_SCE_IRQHandler
                0x0800216c                DMA2_Stream2_IRQHandler
                0x0800216c                SPI1_IRQHandler
                0x0800216c                TIM6_DAC_IRQHandler
                0x0800216c                TIM1_BRK_TIM9_IRQHandler
                0x0800216c                DCMI_IRQHandler
                0x0800216c                CAN2_RX0_IRQHandler
                0x0800216c                DMA2_Stream3_IRQHandler
                0x0800216c                USART6_IRQHandler
                0x0800216c                USART3_IRQHandler
                0x0800216c                CAN1_RX1_IRQHandler
                0x0800216c                UART5_IRQHandler
                0x0800216c                DMA2_Stream0_IRQHandler
                0x0800216c                TIM4_IRQHandler
                0x0800216c                I2C1_EV_IRQHandler
                0x0800216c                DMA1_Stream6_IRQHandler
                0x0800216c                DMA1_Stream1_IRQHandler
                0x0800216c                UART4_IRQHandler
                0x0800216c                TIM3_IRQHandler
                0x0800216c                RCC_IRQHandler
                0x0800216c                TIM8_BRK_TIM12_IRQHandler
                0x0800216c                Default_Handler
                0x0800216c                EXTI15_10_IRQHandler
                0x0800216c                ADC_IRQHandler
                0x0800216c                DMA1_Stream7_IRQHandler
                0x0800216c                TIM7_IRQHandler
                0x0800216c                CAN2_TX_IRQHandler
                0x0800216c                TIM5_IRQHandler
                0x0800216c                DMA2_Stream7_IRQHandler
                0x0800216c                I2C3_EV_IRQHandler
                0x0800216c                RTC_WKUP_IRQHandler
                0x0800216c                ETH_WKUP_IRQHandler
                0x0800216c                SPI2_IRQHandler
                0x0800216c                OTG_HS_EP1_IN_IRQHandler
                0x0800216c                MemManage_Handler
                0x0800216c                DMA1_Stream0_IRQHandler
                0x0800216c                CAN1_TX_IRQHandler
                0x0800216c                EXTI4_IRQHandler
                0x0800216c                FSMC_IRQHandler
                0x0800216c                ETH_IRQHandler
                0x0800216c                OTG_HS_EP1_OUT_IRQHandler
                0x0800216c                WWDG_IRQHandler
                0x0800216c                TIM2_IRQHandler
                0x0800216c                OTG_FS_WKUP_IRQHandler
                0x0800216c                TIM1_TRG_COM_TIM11_IRQHandler
                0x0800216c                OTG_HS_IRQHandler
                0x0800216c                EXTI1_IRQHandler
                0x0800216c                I2C2_ER_IRQHandler
                0x0800216c                DMA2_Stream1_IRQHandler
                0x0800216c                CAN1_SCE_IRQHandler
                0x0800216c                FLASH_IRQHandler
                0x0800216c                DMA2_Stream4_IRQHandler
                0x0800216c                BusFault_Handler
                0x0800216c                OTG_FS_IRQHandler
                0x0800216c                SPI3_IRQHandler
                0x0800216c                DMA1_Stream4_IRQHandler
                0x0800216c                I2C1_ER_IRQHandler
                0x0800216c                DMA2_Stream6_IRQHandler
                0x0800216c                DMA1_Stream3_IRQHandler
 *fill*         0x0800216e        0x2 
 .text.__libc_init_array
                0x08002170       0x4c c:/engineer/program/truestudio for arm 5.5.2/armtools/bin/../lib/gcc/arm-atollic-eabi/5.3.1/../../../../arm-atollic-eabi/lib/armv7e-m/fpu\libc.a(lib_a-init.o)
                0x08002170                __libc_init_array
 .text.memset   0x080021bc       0x10 c:/engineer/program/truestudio for arm 5.5.2/armtools/bin/../lib/gcc/arm-atollic-eabi/5.3.1/../../../../arm-atollic-eabi/lib/armv7e-m/fpu\libc.a(lib_a-memset.o)
                0x080021bc                memset
 *(.glue_7)
 .glue_7        0x080021cc        0x0 linker stubs
 *(.glue_7t)
 .glue_7t       0x080021cc        0x0 linker stubs
 *(.eh_frame)
 .eh_frame      0x080021cc        0x0 c:/engineer/program/truestudio for arm 5.5.2/armtools/bin/../lib/gcc/arm-atollic-eabi/5.3.1/armv7e-m/fpu/crtbegin.o
 *(.init)
 .init          0x080021cc        0x4 c:/engineer/program/truestudio for arm 5.5.2/armtools/bin/../lib/gcc/arm-atollic-eabi/5.3.1/armv7e-m/fpu/crti.o
                0x080021cc                _init
 .init          0x080021d0        0x8 c:/engineer/program/truestudio for arm 5.5.2/armtools/bin/../lib/gcc/arm-atollic-eabi/5.3.1/armv7e-m/fpu/crtn.o
 *(.fini)
 .fini          0x080021d8        0x4 c:/engineer/program/truestudio for arm 5.5.2/armtools/bin/../lib/gcc/arm-atollic-eabi/5.3.1/armv7e-m/fpu/crti.o
                0x080021d8                _fini
 .fini          0x080021dc        0x8 c:/engineer/program/truestudio for arm 5.5.2/armtools/bin/../lib/gcc/arm-atollic-eabi/5.3.1/armv7e-m/fpu/crtn.o
                0x080021e4                . = ALIGN (0x4)
                0x080021e4                _etext = .

.vfp11_veneer   0x080021e4        0x0
 .vfp11_veneer  0x080021e4        0x0 linker stubs

.v4_bx          0x080021e4        0x0
 .v4_bx         0x080021e4        0x0 linker stubs

.iplt           0x080021e4        0x0
 .iplt          0x080021e4        0x0 c:/engineer/program/truestudio for arm 5.5.2/armtools/bin/../lib/gcc/arm-atollic-eabi/5.3.1/armv7e-m/fpu/crtbegin.o

.rodata         0x080021e4       0x38
                0x080021e4                . = ALIGN (0x4)
 *(.rodata)
 .rodata        0x080021e4       0x14 Src\main.o
 *(.rodata*)
 .rodata.str1.1
                0x080021f8        0x2 Src\usart.o
 .rodata.str1.1
                0x080021fa        0xc Src\main.o
 .rodata.str1.1
                0x08002206        0x5 Middlewares\Third_Party\FreeRTOS\Source\tasks.o
 .rodata.APBAHBPrescTable
                0x0800220b       0x10 Drivers\STM32F4xx_HAL_Driver\Src\stm32f4xx_hal_rcc.o
                0x0800220b                APBAHBPrescTable
                0x0800221c                . = ALIGN (0x4)
 *fill*         0x0800221b        0x1 

.rel.dyn        0x0800221c        0x0
 .rel.iplt      0x0800221c        0x0 c:/engineer/program/truestudio for arm 5.5.2/armtools/bin/../lib/gcc/arm-atollic-eabi/5.3.1/armv7e-m/fpu/crtbegin.o

.ARM.extab
 *(.ARM.extab* .gnu.linkonce.armextab.*)

.ARM            0x0800221c        0x0
                0x0800221c                __exidx_start = .
 *(.ARM.exidx*)
                0x0800221c                __exidx_end = .

.preinit_array  0x0800221c        0x0
                0x0800221c                PROVIDE (__preinit_array_start, .)
 *(.preinit_array*)
                0x0800221c                PROVIDE (__preinit_array_end, .)

.init_array     0x0800221c        0x4
                0x0800221c                PROVIDE (__init_array_start, .)
 *(SORT(.init_array.*))
 *(.init_array*)
 .init_array    0x0800221c        0x4 c:/engineer/program/truestudio for arm 5.5.2/armtools/bin/../lib/gcc/arm-atollic-eabi/5.3.1/armv7e-m/fpu/crtbegin.o
                0x08002220                PROVIDE (__init_array_end, .)

.fini_array     0x08002220        0x4
                [!provide]                PROVIDE (__fini_array_start, .)
 *(SORT(.fini_array.*))
 *(.fini_array*)
 .fini_array    0x08002220        0x4 c:/engineer/program/truestudio for arm 5.5.2/armtools/bin/../lib/gcc/arm-atollic-eabi/5.3.1/armv7e-m/fpu/crtbegin.o
                [!provide]                PROVIDE (__fini_array_end, .)
                0x08002224                _sidata = LOADADDR (.data)

.data           0x20000000        0xc load address 0x08002224
                0x20000000                . = ALIGN (0x4)
                0x20000000                _sdata = .
 *(.data)
 *(.data*)
 .data.ESP8266_Receive_Mode_FixLength
                0x20000000        0x1 Src\ESP8266.o
                0x20000000                ESP8266_Receive_Mode_FixLength
 *fill*         0x20000001        0x3 
 .data.uxCriticalNesting
                0x20000004        0x4 Middlewares\Third_Party\FreeRTOS\Source\portable\GCC\ARM_CM4F\port.o
 .data.SystemCoreClock
                0x20000008        0x4 Drivers\CMSIS\Device\ST\STM32F4xx\Source\Templates\system_stm32f4xx.o
                0x20000008                SystemCoreClock
                0x2000000c                . = ALIGN (0x4)
                0x2000000c                _edata = .
                0x08002230                _siccmram = LOADADDR (.ccmram)

.igot.plt       0x2000000c        0x0 load address 0x08002230
 .igot.plt      0x2000000c        0x0 c:/engineer/program/truestudio for arm 5.5.2/armtools/bin/../lib/gcc/arm-atollic-eabi/5.3.1/armv7e-m/fpu/crtbegin.o

.ccmram         0x10000000        0x0 load address 0x08002230
                0x10000000                . = ALIGN (0x4)
                0x10000000                _sccmram = .
 *(.ccmram)
 *(.ccmram*)
                0x10000000                . = ALIGN (0x4)
                0x10000000                _eccmram = .
                0x10000000                . = ALIGN (0x4)

.bss            0x2000000c     0x40dc
                0x2000000c                _sbss = .
                0x2000000c                __bss_start__ = _sbss
 *(.bss)
 .bss           0x2000000c       0x1c c:/engineer/program/truestudio for arm 5.5.2/armtools/bin/../lib/gcc/arm-atollic-eabi/5.3.1/armv7e-m/fpu/crtbegin.o
 *(.bss*)
 .bss.MONITOR_CommandEnable
                0x20000028        0x1 Src\monitor.o
                0x20000028                MONITOR_CommandEnable
 .bss.MONITOR_RemoteControl
                0x20000029        0x1 Src\monitor.o
                0x20000029                MONITOR_RemoteControl
 .bss.BUTTON_Clicked
                0x2000002a        0x1 Src\button.o
                0x2000002a                BUTTON_Clicked
 .bss.ESP8266_ReceiveBuffer_Cnt
                0x2000002b        0x1 Src\ESP8266.o
                0x2000002b                ESP8266_ReceiveBuffer_Cnt
 .bss.xNumOfOverflows
                0x2000002c        0x4 Middlewares\Third_Party\FreeRTOS\Source\tasks.o
 .bss.pxDelayedTaskList
                0x20000030        0x4 Middlewares\Third_Party\FreeRTOS\Source\tasks.o
 .bss.xSchedulerRunning
                0x20000034        0x4 Middlewares\Third_Party\FreeRTOS\Source\tasks.o
 .bss.uxTasksDeleted
                0x20000038        0x4 Middlewares\Third_Party\FreeRTOS\Source\tasks.o
 .bss.xTasksWaitingTermination
                0x2000003c       0x14 Middlewares\Third_Party\FreeRTOS\Source\tasks.o
 .bss.xSuspendedTaskList
                0x20000050       0x14 Middlewares\Third_Party\FreeRTOS\Source\tasks.o
 .bss.uxPendedTicks
                0x20000064        0x4 Middlewares\Third_Party\FreeRTOS\Source\tasks.o
 .bss.pxReadyTasksLists
                0x20000068       0x8c Middlewares\Third_Party\FreeRTOS\Source\tasks.o
 .bss.uxSchedulerSuspended
                0x200000f4        0x4 Middlewares\Third_Party\FreeRTOS\Source\tasks.o
 .bss.pxCurrentTCB
                0x200000f8        0x4 Middlewares\Third_Party\FreeRTOS\Source\tasks.o
                0x200000f8                pxCurrentTCB
 .bss.xNextTaskUnblockTime
                0x200000fc        0x4 Middlewares\Third_Party\FreeRTOS\Source\tasks.o
 .bss.xTickCount
                0x20000100        0x4 Middlewares\Third_Party\FreeRTOS\Source\tasks.o
 .bss.pxOverflowDelayedTaskList
                0x20000104        0x4 Middlewares\Third_Party\FreeRTOS\Source\tasks.o
 .bss.xPendingReadyList
                0x20000108       0x14 Middlewares\Third_Party\FreeRTOS\Source\tasks.o
 .bss.uxTaskNumber
                0x2000011c        0x4 Middlewares\Third_Party\FreeRTOS\Source\tasks.o
 .bss.xDelayedTaskList1
                0x20000120       0x14 Middlewares\Third_Party\FreeRTOS\Source\tasks.o
 .bss.xDelayedTaskList2
                0x20000134       0x14 Middlewares\Third_Party\FreeRTOS\Source\tasks.o
 .bss.uxCurrentNumberOfTasks
                0x20000148        0x4 Middlewares\Third_Party\FreeRTOS\Source\tasks.o
 .bss.uxTopReadyPriority
                0x2000014c        0x4 Middlewares\Third_Party\FreeRTOS\Source\tasks.o
 .bss.xYieldPending
                0x20000150        0x4 Middlewares\Third_Party\FreeRTOS\Source\tasks.o
 .bss.xFreeBytesRemaining
                0x20000154        0x4 Middlewares\Third_Party\FreeRTOS\Source\portable\MemMang\heap_4.o
 .bss.pxEnd     0x20000158        0x4 Middlewares\Third_Party\FreeRTOS\Source\portable\MemMang\heap_4.o
 .bss.xStart    0x2000015c        0x8 Middlewares\Third_Party\FreeRTOS\Source\portable\MemMang\heap_4.o
 .bss.ucHeap    0x20000164     0x3c00 Middlewares\Third_Party\FreeRTOS\Source\portable\MemMang\heap_4.o
 .bss.xBlockAllocatedBit
                0x20003d64        0x4 Middlewares\Third_Party\FreeRTOS\Source\portable\MemMang\heap_4.o
 .bss.xMinimumEverFreeBytesRemaining
                0x20003d68        0x4 Middlewares\Third_Party\FreeRTOS\Source\portable\MemMang\heap_4.o
 .bss.ucMaxSysCallPriority
                0x20003d6c        0x1 Middlewares\Third_Party\FreeRTOS\Source\portable\GCC\ARM_CM4F\port.o
 *fill*         0x20003d6d        0x3 
 .bss.ulMaxPRIGROUPValue
                0x20003d70        0x4 Middlewares\Third_Party\FreeRTOS\Source\portable\GCC\ARM_CM4F\port.o
 *(COMMON)
 COMMON         0x20003d74      0x146 Src\usart.o
                0x20003d74                USART_RxBuffer
                0x20003d75                USART_ReceivedChar
                0x20003d76                USART_TxBuffer
                0x20003e78                Debug_UartHandle
                0x20003eb8                USART_SendEnable_flag
                0x20003eb9                USART_ReceiveEnable_flag
 *fill*         0x20003eba        0x2 
 COMMON         0x20003ebc      0x11b Src\monitor.o
                0x20003ebc                MONITOR_CommandEvent
                0x20003ebd                MONITOR_CommandLength
                0x20003ebe                MONITOR_CommandReadable
                0x20003ebf                MONITOR_CommandReceivedBackspace
                0x20003ec0                MONITOR_CommandReceivedNotLastChar
                0x20003ec1                MONITOR_CommandActual
                0x20003fc0                DEBUG_USART_Tx_Semaphore
                0x20003fc4                MONITOR_CommandCursorPosition
                0x20003fc5                MONITOR_RemoteControlBuffer
                0x20003fcc                DEBUG_USART_Rx_Semaphore
                0x20003fd0                MONITOR_CommandActualEscape
                0x20003fd3                MONITOR_CommandEscapeEnd_flag
                0x20003fd4                MONITOR_CommandReceivedLastChar
                0x20003fd5                MONITOR_CommandEscape_cnt
                0x20003fd6                MONITOR_CommandEscapeStart_flag
 *fill*         0x20003fd7        0x1 
 COMMON         0x20003fd8       0x44 Src\main.o
                0x20003fd8                defaultTaskHandle
                0x20003fdc                huart2
 COMMON         0x2000401c       0xc6 Src\ESP8266.o
                0x2000401c                ESP8266_TransmitBuffer
                0x20004048                ESP8266_ReceivedMessage_Queue
                0x2000404c                ESP8266_Uart_ReceivedCharFlag
                0x20004050                ESP8266_UartHandle
                0x20004090                ESP8266_USART_Rx_Semaphore
                0x20004094                ESP8266_SendMessage_Queue
                0x20004098                ESP8266_MyIpAddressString
                0x2000409c                ESP8266_ReceiveBuffer
 *fill*         0x200040e2        0x2 
 COMMON         0x200040e4        0x4 Drivers\STM32F4xx_HAL_Driver\Src\stm32f4xx_hal.o
                0x200040e4                uwTick
                0x200040e8                . = ALIGN (0x4)
                0x200040e8                _ebss = .
                0x200040e8                __bss_end__ = _ebss

._user_heap_stack
                0x200040e8      0x600
                0x200040e8                . = ALIGN (0x4)
                [!provide]                PROVIDE (end, .)
                [!provide]                PROVIDE (_end, .)
                0x200042e8                . = (. + _Min_Heap_Size)
 *fill*         0x200040e8      0x200 
                0x200046e8                . = (. + _Min_Stack_Size)
 *fill*         0x200042e8      0x400 
                0x200046e8                . = ALIGN (0x4)

/DISCARD/
 libc.a(*)
 libm.a(*)
 libgcc.a(*)

.ARM.attributes
                0x00000000       0x30
 *(.ARM.attributes)
 .ARM.attributes
                0x00000000       0x22 c:/engineer/program/truestudio for arm 5.5.2/armtools/bin/../lib/gcc/arm-atollic-eabi/5.3.1/armv7e-m/fpu/crti.o
 .ARM.attributes
                0x00000022       0x34 c:/engineer/program/truestudio for arm 5.5.2/armtools/bin/../lib/gcc/arm-atollic-eabi/5.3.1/armv7e-m/fpu/crtbegin.o
 .ARM.attributes
                0x00000056       0x39 Src\usart.o
 .ARM.attributes
                0x0000008f       0x39 Src\stm32f4xx_it.o
 .ARM.attributes
                0x000000c8       0x39 Src\stm32f4xx_hal_msp.o
 .ARM.attributes
                0x00000101       0x39 Src\monitor.o
 .ARM.attributes
                0x0000013a       0x39 Src\main.o
 .ARM.attributes
                0x00000173       0x39 Src\it.o
 .ARM.attributes
                0x000001ac       0x39 Src\button.o
 .ARM.attributes
                0x000001e5       0x39 Src\ESP8266.o
 .ARM.attributes
                0x0000021e       0x39 Middlewares\Third_Party\FreeRTOS\Source\tasks.o
 .ARM.attributes
                0x00000257       0x39 Middlewares\Third_Party\FreeRTOS\Source\queue.o
 .ARM.attributes
                0x00000290       0x39 Middlewares\Third_Party\FreeRTOS\Source\portable\MemMang\heap_4.o
 .ARM.attributes
                0x000002c9       0x39 Middlewares\Third_Party\FreeRTOS\Source\portable\GCC\ARM_CM4F\port.o
 .ARM.attributes
                0x00000302       0x39 Middlewares\Third_Party\FreeRTOS\Source\list.o
 .ARM.attributes
                0x0000033b       0x39 Middlewares\Third_Party\FreeRTOS\Source\CMSIS_RTOS\cmsis_os.o
 .ARM.attributes
                0x00000374       0x39 Drivers\STM32F4xx_HAL_Driver\Src\stm32f4xx_hal_uart.o
 .ARM.attributes
                0x000003ad       0x39 Drivers\STM32F4xx_HAL_Driver\Src\stm32f4xx_hal_rcc.o
 .ARM.attributes
                0x000003e6       0x39 Drivers\STM32F4xx_HAL_Driver\Src\stm32f4xx_hal_gpio.o
 .ARM.attributes
                0x0000041f       0x39 Drivers\STM32F4xx_HAL_Driver\Src\stm32f4xx_hal_dma.o
 .ARM.attributes
                0x00000458       0x39 Drivers\STM32F4xx_HAL_Driver\Src\stm32f4xx_hal_cortex.o
 .ARM.attributes
                0x00000491       0x39 Drivers\STM32F4xx_HAL_Driver\Src\stm32f4xx_hal.o
 .ARM.attributes
                0x000004ca       0x39 Drivers\CMSIS\Device\ST\STM32F4xx\Source\Templates\system_stm32f4xx.o
 .ARM.attributes
                0x00000503       0x21 Drivers\CMSIS\Device\ST\STM32F4xx\Source\Templates\gcc\startup_stm32f407xx.o
 .ARM.attributes
                0x00000524       0x34 c:/engineer/program/truestudio for arm 5.5.2/armtools/bin/../lib/gcc/arm-atollic-eabi/5.3.1/../../../../arm-atollic-eabi/lib/armv7e-m/fpu\libc.a(lib_a-init.o)
 .ARM.attributes
                0x00000558       0x34 c:/engineer/program/truestudio for arm 5.5.2/armtools/bin/../lib/gcc/arm-atollic-eabi/5.3.1/../../../../arm-atollic-eabi/lib/armv7e-m/fpu\libc.a(lib_a-memset.o)
 .ARM.attributes
                0x0000058c       0x22 c:/engineer/program/truestudio for arm 5.5.2/armtools/bin/../lib/gcc/arm-atollic-eabi/5.3.1/armv7e-m/fpu/crtn.o
OUTPUT(STM32F407DiscoHomeAut.elf elf32-littlearm)

.debug_info     0x00000000    0x11f15
 .debug_info    0x00000000     0x14ef Src\usart.o
 .debug_info    0x000014ef       0xe7 Src\stm32f4xx_it.o
 .debug_info    0x000015d6      0xaf7 Src\stm32f4xx_hal_msp.o
 .debug_info    0x000020cd      0xb91 Src\monitor.o
 .debug_info    0x00002c5e     0x11b3 Src\main.o
 .debug_info    0x00003e11      0x34f Src\it.o
 .debug_info    0x00004160      0x6f1 Src\button.o
 .debug_info    0x00004851     0x2398 Src\ESP8266.o
 .debug_info    0x00006be9     0x2741 Middlewares\Third_Party\FreeRTOS\Source\tasks.o
 .debug_info    0x0000932a     0x1700 Middlewares\Third_Party\FreeRTOS\Source\queue.o
 .debug_info    0x0000aa2a      0x486 Middlewares\Third_Party\FreeRTOS\Source\portable\MemMang\heap_4.o
 .debug_info    0x0000aeb0      0x557 Middlewares\Third_Party\FreeRTOS\Source\portable\GCC\ARM_CM4F\port.o
 .debug_info    0x0000b407      0x2a1 Middlewares\Third_Party\FreeRTOS\Source\list.o
 .debug_info    0x0000b6a8     0x1b16 Middlewares\Third_Party\FreeRTOS\Source\CMSIS_RTOS\cmsis_os.o
 .debug_info    0x0000d1be     0x128c Drivers\STM32F4xx_HAL_Driver\Src\stm32f4xx_hal_uart.o
 .debug_info    0x0000e44a      0xc93 Drivers\STM32F4xx_HAL_Driver\Src\stm32f4xx_hal_rcc.o
 .debug_info    0x0000f0dd      0x72d Drivers\STM32F4xx_HAL_Driver\Src\stm32f4xx_hal_gpio.o
 .debug_info    0x0000f80a      0xa28 Drivers\STM32F4xx_HAL_Driver\Src\stm32f4xx_hal_dma.o
 .debug_info    0x00010232      0xe7b Drivers\STM32F4xx_HAL_Driver\Src\stm32f4xx_hal_cortex.o
 .debug_info    0x000110ad      0x8dc Drivers\STM32F4xx_HAL_Driver\Src\stm32f4xx_hal.o
 .debug_info    0x00011989      0x4d6 Drivers\CMSIS\Device\ST\STM32F4xx\Source\Templates\system_stm32f4xx.o
 .debug_info    0x00011e5f       0xb6 Drivers\CMSIS\Device\ST\STM32F4xx\Source\Templates\gcc\startup_stm32f407xx.o

.debug_abbrev   0x00000000     0x30d8
 .debug_abbrev  0x00000000      0x35e Src\usart.o
 .debug_abbrev  0x0000035e       0xa4 Src\stm32f4xx_it.o
 .debug_abbrev  0x00000402      0x177 Src\stm32f4xx_hal_msp.o
 .debug_abbrev  0x00000579      0x257 Src\monitor.o
 .debug_abbrev  0x000007d0      0x288 Src\main.o
 .debug_abbrev  0x00000a58      0x13f Src\it.o
 .debug_abbrev  0x00000b97      0x16e Src\button.o
 .debug_abbrev  0x00000d05      0x321 Src\ESP8266.o
 .debug_abbrev  0x00001026      0x3a7 Middlewares\Third_Party\FreeRTOS\Source\tasks.o
 .debug_abbrev  0x000013cd      0x30d Middlewares\Third_Party\FreeRTOS\Source\queue.o
 .debug_abbrev  0x000016da      0x230 Middlewares\Third_Party\FreeRTOS\Source\portable\MemMang\heap_4.o
 .debug_abbrev  0x0000190a      0x21b Middlewares\Third_Party\FreeRTOS\Source\portable\GCC\ARM_CM4F\port.o
 .debug_abbrev  0x00001b25       0xdc Middlewares\Third_Party\FreeRTOS\Source\list.o
 .debug_abbrev  0x00001c01      0x3a2 Middlewares\Third_Party\FreeRTOS\Source\CMSIS_RTOS\cmsis_os.o
 .debug_abbrev  0x00001fa3      0x2ec Drivers\STM32F4xx_HAL_Driver\Src\stm32f4xx_hal_uart.o
 .debug_abbrev  0x0000228f      0x31e Drivers\STM32F4xx_HAL_Driver\Src\stm32f4xx_hal_rcc.o
 .debug_abbrev  0x000025ad      0x1c8 Drivers\STM32F4xx_HAL_Driver\Src\stm32f4xx_hal_gpio.o
 .debug_abbrev  0x00002775      0x2dd Drivers\STM32F4xx_HAL_Driver\Src\stm32f4xx_hal_dma.o
 .debug_abbrev  0x00002a52      0x32f Drivers\STM32F4xx_HAL_Driver\Src\stm32f4xx_hal_cortex.o
 .debug_abbrev  0x00002d81      0x244 Drivers\STM32F4xx_HAL_Driver\Src\stm32f4xx_hal.o
 .debug_abbrev  0x00002fc5      0x101 Drivers\CMSIS\Device\ST\STM32F4xx\Source\Templates\system_stm32f4xx.o
 .debug_abbrev  0x000030c6       0x12 Drivers\CMSIS\Device\ST\STM32F4xx\Source\Templates\gcc\startup_stm32f407xx.o

.debug_loc      0x00000000     0x67cd
 .debug_loc     0x00000000      0x35d Src\usart.o
 .debug_loc     0x0000035d       0x2c Src\stm32f4xx_hal_msp.o
 .debug_loc     0x00000389      0x341 Src\monitor.o
 .debug_loc     0x000006ca       0x21 Src\main.o
 .debug_loc     0x000006eb       0x6c Src\it.o
 .debug_loc     0x00000757      0x2f6 Src\ESP8266.o
 .debug_loc     0x00000a4d     0x17c5 Middlewares\Third_Party\FreeRTOS\Source\tasks.o
 .debug_loc     0x00002212      0xa46 Middlewares\Third_Party\FreeRTOS\Source\queue.o
 .debug_loc     0x00002c58      0x3a7 Middlewares\Third_Party\FreeRTOS\Source\portable\MemMang\heap_4.o
 .debug_loc     0x00002fff       0xae Middlewares\Third_Party\FreeRTOS\Source\portable\GCC\ARM_CM4F\port.o
 .debug_loc     0x000030ad       0x94 Middlewares\Third_Party\FreeRTOS\Source\list.o
 .debug_loc     0x00003141      0xf7e Middlewares\Third_Party\FreeRTOS\Source\CMSIS_RTOS\cmsis_os.o
 .debug_loc     0x000040bf     0x1194 Drivers\STM32F4xx_HAL_Driver\Src\stm32f4xx_hal_uart.o
 .debug_loc     0x00005253      0x49b Drivers\STM32F4xx_HAL_Driver\Src\stm32f4xx_hal_rcc.o
 .debug_loc     0x000056ee      0x374 Drivers\STM32F4xx_HAL_Driver\Src\stm32f4xx_hal_gpio.o
 .debug_loc     0x00005a62      0x757 Drivers\STM32F4xx_HAL_Driver\Src\stm32f4xx_hal_dma.o
 .debug_loc     0x000061b9      0x4ab Drivers\STM32F4xx_HAL_Driver\Src\stm32f4xx_hal_cortex.o
 .debug_loc     0x00006664       0x92 Drivers\STM32F4xx_HAL_Driver\Src\stm32f4xx_hal.o
 .debug_loc     0x000066f6       0xd7 Drivers\CMSIS\Device\ST\STM32F4xx\Source\Templates\system_stm32f4xx.o

.debug_aranges  0x00000000      0xb68
 .debug_aranges
                0x00000000       0x80 Src\usart.o
 .debug_aranges
                0x00000080       0x20 Src\stm32f4xx_it.o
 .debug_aranges
                0x000000a0       0x28 Src\stm32f4xx_hal_msp.o
 .debug_aranges
                0x000000c8       0x78 Src\monitor.o
 .debug_aranges
                0x00000140       0x38 Src\main.o
 .debug_aranges
                0x00000178       0x30 Src\it.o
 .debug_aranges
                0x000001a8       0x20 Src\button.o
 .debug_aranges
                0x000001c8       0xa8 Src\ESP8266.o
 .debug_aranges
                0x00000270      0x190 Middlewares\Third_Party\FreeRTOS\Source\tasks.o
 .debug_aranges
                0x00000400       0xd0 Middlewares\Third_Party\FreeRTOS\Source\queue.o
 .debug_aranges
                0x000004d0       0x48 Middlewares\Third_Party\FreeRTOS\Source\portable\MemMang\heap_4.o
 .debug_aranges
                0x00000518       0x80 Middlewares\Third_Party\FreeRTOS\Source\portable\GCC\ARM_CM4F\port.o
 .debug_aranges
                0x00000598       0x40 Middlewares\Third_Party\FreeRTOS\Source\list.o
 .debug_aranges
                0x000005d8      0x178 Middlewares\Third_Party\FreeRTOS\Source\CMSIS_RTOS\cmsis_os.o
 .debug_aranges
                0x00000750      0x120 Drivers\STM32F4xx_HAL_Driver\Src\stm32f4xx_hal_uart.o
 .debug_aranges
                0x00000870       0x80 Drivers\STM32F4xx_HAL_Driver\Src\stm32f4xx_hal_rcc.o
 .debug_aranges
                0x000008f0       0x58 Drivers\STM32F4xx_HAL_Driver\Src\stm32f4xx_hal_gpio.o
 .debug_aranges
                0x00000948       0x80 Drivers\STM32F4xx_HAL_Driver\Src\stm32f4xx_hal_dma.o
 .debug_aranges
                0x000009c8       0x98 Drivers\STM32F4xx_HAL_Driver\Src\stm32f4xx_hal_cortex.o
 .debug_aranges
                0x00000a60       0xb8 Drivers\STM32F4xx_HAL_Driver\Src\stm32f4xx_hal.o
 .debug_aranges
                0x00000b18       0x28 Drivers\CMSIS\Device\ST\STM32F4xx\Source\Templates\system_stm32f4xx.o
 .debug_aranges
                0x00000b40       0x28 Drivers\CMSIS\Device\ST\STM32F4xx\Source\Templates\gcc\startup_stm32f407xx.o

.debug_ranges   0x00000000      0xe80
 .debug_ranges  0x00000000       0xd0 Src\usart.o
 .debug_ranges  0x000000d0       0x10 Src\stm32f4xx_it.o
 .debug_ranges  0x000000e0       0x18 Src\stm32f4xx_hal_msp.o
 .debug_ranges  0x000000f8       0x68 Src\monitor.o
 .debug_ranges  0x00000160       0xa0 Src\main.o
 .debug_ranges  0x00000200       0x20 Src\it.o
 .debug_ranges  0x00000220       0x48 Src\button.o
 .debug_ranges  0x00000268      0x118 Src\ESP8266.o
 .debug_ranges  0x00000380      0x218 Middlewares\Third_Party\FreeRTOS\Source\tasks.o
 .debug_ranges  0x00000598       0xf0 Middlewares\Third_Party\FreeRTOS\Source\queue.o
 .debug_ranges  0x00000688       0x38 Middlewares\Third_Party\FreeRTOS\Source\portable\MemMang\heap_4.o
 .debug_ranges  0x000006c0       0x70 Middlewares\Third_Party\FreeRTOS\Source\portable\GCC\ARM_CM4F\port.o
 .debug_ranges  0x00000730       0x30 Middlewares\Third_Party\FreeRTOS\Source\list.o
 .debug_ranges  0x00000760      0x168 Middlewares\Third_Party\FreeRTOS\Source\CMSIS_RTOS\cmsis_os.o
 .debug_ranges  0x000008c8      0x128 Drivers\STM32F4xx_HAL_Driver\Src\stm32f4xx_hal_uart.o
 .debug_ranges  0x000009f0      0x150 Drivers\STM32F4xx_HAL_Driver\Src\stm32f4xx_hal_rcc.o
 .debug_ranges  0x00000b40       0x70 Drivers\STM32F4xx_HAL_Driver\Src\stm32f4xx_hal_gpio.o
 .debug_ranges  0x00000bb0       0xa8 Drivers\STM32F4xx_HAL_Driver\Src\stm32f4xx_hal_dma.o
 .debug_ranges  0x00000c58      0x148 Drivers\STM32F4xx_HAL_Driver\Src\stm32f4xx_hal_cortex.o
 .debug_ranges  0x00000da0       0xa8 Drivers\STM32F4xx_HAL_Driver\Src\stm32f4xx_hal.o
 .debug_ranges  0x00000e48       0x18 Drivers\CMSIS\Device\ST\STM32F4xx\Source\Templates\system_stm32f4xx.o
 .debug_ranges  0x00000e60       0x20 Drivers\CMSIS\Device\ST\STM32F4xx\Source\Templates\gcc\startup_stm32f407xx.o

.debug_line     0x00000000     0x5ff5
 .debug_line    0x00000000      0x59c Src\usart.o
 .debug_line    0x0000059c      0x1b5 Src\stm32f4xx_it.o
 .debug_line    0x00000751      0x237 Src\stm32f4xx_hal_msp.o
 .debug_line    0x00000988      0x3bf Src\monitor.o
 .debug_line    0x00000d47      0x3d6 Src\main.o
 .debug_line    0x0000111d      0x1f3 Src\it.o
 .debug_line    0x00001310      0x1ec Src\button.o
 .debug_line    0x000014fc      0x624 Src\ESP8266.o
 .debug_line    0x00001b20      0xb69 Middlewares\Third_Party\FreeRTOS\Source\tasks.o
 .debug_line    0x00002689      0x757 Middlewares\Third_Party\FreeRTOS\Source\queue.o
 .debug_line    0x00002de0      0x351 Middlewares\Third_Party\FreeRTOS\Source\portable\MemMang\heap_4.o
 .debug_line    0x00003131      0x329 Middlewares\Third_Party\FreeRTOS\Source\portable\GCC\ARM_CM4F\port.o
 .debug_line    0x0000345a      0x233 Middlewares\Third_Party\FreeRTOS\Source\list.o
 .debug_line    0x0000368d      0x79a Middlewares\Third_Party\FreeRTOS\Source\CMSIS_RTOS\cmsis_os.o
 .debug_line    0x00003e27      0x9a4 Drivers\STM32F4xx_HAL_Driver\Src\stm32f4xx_hal_uart.o
 .debug_line    0x000047cb      0x558 Drivers\STM32F4xx_HAL_Driver\Src\stm32f4xx_hal_rcc.o
 .debug_line    0x00004d23      0x3b4 Drivers\STM32F4xx_HAL_Driver\Src\stm32f4xx_hal_gpio.o
 .debug_line    0x000050d7      0x523 Drivers\STM32F4xx_HAL_Driver\Src\stm32f4xx_hal_dma.o
 .debug_line    0x000055fa      0x3dc Drivers\STM32F4xx_HAL_Driver\Src\stm32f4xx_hal_cortex.o
 .debug_line    0x000059d6      0x395 Drivers\STM32F4xx_HAL_Driver\Src\stm32f4xx_hal.o
 .debug_line    0x00005d6b      0x1dc Drivers\CMSIS\Device\ST\STM32F4xx\Source\Templates\system_stm32f4xx.o
 .debug_line    0x00005f47       0xae Drivers\CMSIS\Device\ST\STM32F4xx\Source\Templates\gcc\startup_stm32f407xx.o

.debug_str      0x00000000     0x4737
 .debug_str     0x00000000     0x118a Src\usart.o
                               0x1242 (size before relaxing)
 .debug_str     0x0000118a       0x43 Src\stm32f4xx_it.o
                                0x1fc (size before relaxing)
 .debug_str     0x000011cd       0x67 Src\stm32f4xx_hal_msp.o
                                0xc7d (size before relaxing)
 .debug_str     0x00001234      0x241 Src\monitor.o
                                0x694 (size before relaxing)
 .debug_str     0x00001475      0x348 Src\main.o
                                0xfef (size before relaxing)
 .debug_str     0x000017bd       0xfd Src\it.o
                                0x32d (size before relaxing)
 .debug_str     0x000018ba       0x2f Src\button.o
                                0x8a9 (size before relaxing)
 .debug_str     0x000018e9      0x516 Src\ESP8266.o
                                0xe1b (size before relaxing)
 .debug_str     0x00001dff      0xd2c Middlewares\Third_Party\FreeRTOS\Source\tasks.o
                                0xfca (size before relaxing)
 .debug_str     0x00002b2b      0x3c3 Middlewares\Third_Party\FreeRTOS\Source\queue.o
                                0x90a (size before relaxing)
 .debug_str     0x00002eee      0x1ec Middlewares\Third_Party\FreeRTOS\Source\portable\MemMang\heap_4.o
                                0x408 (size before relaxing)
 .debug_str     0x000030da      0x19c Middlewares\Third_Party\FreeRTOS\Source\portable\GCC\ARM_CM4F\port.o
                                0x4a9 (size before relaxing)
 .debug_str     0x00003276       0x68 Middlewares\Third_Party\FreeRTOS\Source\list.o
                                0x31f (size before relaxing)
 .debug_str     0x000032de      0x617 Middlewares\Third_Party\FreeRTOS\Source\CMSIS_RTOS\cmsis_os.o
                                0xce6 (size before relaxing)
 .debug_str     0x000038f5      0x37b Drivers\STM32F4xx_HAL_Driver\Src\stm32f4xx_hal_uart.o
                                0xa44 (size before relaxing)
 .debug_str     0x00003c70      0x17f Drivers\STM32F4xx_HAL_Driver\Src\stm32f4xx_hal_rcc.o
                                0x6ed (size before relaxing)
 .debug_str     0x00003def       0xcb Drivers\STM32F4xx_HAL_Driver\Src\stm32f4xx_hal_gpio.o
                                0x521 (size before relaxing)
 .debug_str     0x00003eba      0x2de Drivers\STM32F4xx_HAL_Driver\Src\stm32f4xx_hal_dma.o
                                0x7b7 (size before relaxing)
 .debug_str     0x00004198      0x36b Drivers\STM32F4xx_HAL_Driver\Src\stm32f4xx_hal_cortex.o
                                0xc19 (size before relaxing)
 .debug_str     0x00004503      0x1c0 Drivers\STM32F4xx_HAL_Driver\Src\stm32f4xx_hal.o
                                0xab9 (size before relaxing)
 .debug_str     0x000046c3       0x74 Drivers\CMSIS\Device\ST\STM32F4xx\Source\Templates\system_stm32f4xx.o
                                0x3d2 (size before relaxing)

.comment        0x00000000       0x7e
 .comment       0x00000000       0x7e Src\usart.o
                                 0x7f (size before relaxing)
 .comment       0x0000007e       0x7f Src\stm32f4xx_it.o
 .comment       0x0000007e       0x7f Src\stm32f4xx_hal_msp.o
 .comment       0x0000007e       0x7f Src\monitor.o
 .comment       0x0000007e       0x7f Src\main.o
 .comment       0x0000007e       0x7f Src\it.o
 .comment       0x0000007e       0x7f Src\button.o
 .comment       0x0000007e       0x7f Src\ESP8266.o
 .comment       0x0000007e       0x7f Middlewares\Third_Party\FreeRTOS\Source\tasks.o
 .comment       0x0000007e       0x7f Middlewares\Third_Party\FreeRTOS\Source\queue.o
 .comment       0x0000007e       0x7f Middlewares\Third_Party\FreeRTOS\Source\portable\MemMang\heap_4.o
 .comment       0x0000007e       0x7f Middlewares\Third_Party\FreeRTOS\Source\portable\GCC\ARM_CM4F\port.o
 .comment       0x0000007e       0x7f Middlewares\Third_Party\FreeRTOS\Source\list.o
 .comment       0x0000007e       0x7f Middlewares\Third_Party\FreeRTOS\Source\CMSIS_RTOS\cmsis_os.o
 .comment       0x0000007e       0x7f Drivers\STM32F4xx_HAL_Driver\Src\stm32f4xx_hal_uart.o
 .comment       0x0000007e       0x7f Drivers\STM32F4xx_HAL_Driver\Src\stm32f4xx_hal_rcc.o
 .comment       0x0000007e       0x7f Drivers\STM32F4xx_HAL_Driver\Src\stm32f4xx_hal_gpio.o
 .comment       0x0000007e       0x7f Drivers\STM32F4xx_HAL_Driver\Src\stm32f4xx_hal_dma.o
 .comment       0x0000007e       0x7f Drivers\STM32F4xx_HAL_Driver\Src\stm32f4xx_hal_cortex.o
 .comment       0x0000007e       0x7f Drivers\STM32F4xx_HAL_Driver\Src\stm32f4xx_hal.o
 .comment       0x0000007e       0x7f Drivers\CMSIS\Device\ST\STM32F4xx\Source\Templates\system_stm32f4xx.o

.debug_frame    0x00000000     0x1e64
 .debug_frame   0x00000000      0x1ac Src\usart.o
 .debug_frame   0x000001ac       0x2c Src\stm32f4xx_it.o
 .debug_frame   0x000001d8       0x3c Src\stm32f4xx_hal_msp.o
 .debug_frame   0x00000214      0x140 Src\monitor.o
 .debug_frame   0x00000354       0x84 Src\main.o
 .debug_frame   0x000003d8       0x58 Src\it.o
 .debug_frame   0x00000430       0x34 Src\button.o
 .debug_frame   0x00000464      0x1e4 Src\ESP8266.o
 .debug_frame   0x00000648      0x558 Middlewares\Third_Party\FreeRTOS\Source\tasks.o
 .debug_frame   0x00000ba0      0x270 Middlewares\Third_Party\FreeRTOS\Source\queue.o
 .debug_frame   0x00000e10       0x98 Middlewares\Third_Party\FreeRTOS\Source\portable\MemMang\heap_4.o
 .debug_frame   0x00000ea8       0xf0 Middlewares\Third_Party\FreeRTOS\Source\portable\GCC\ARM_CM4F\port.o
 .debug_frame   0x00000f98       0x6c Middlewares\Third_Party\FreeRTOS\Source\list.o
 .debug_frame   0x00001004      0x460 Middlewares\Third_Party\FreeRTOS\Source\CMSIS_RTOS\cmsis_os.o
 .debug_frame   0x00001464      0x374 Drivers\STM32F4xx_HAL_Driver\Src\stm32f4xx_hal_uart.o
 .debug_frame   0x000017d8      0x138 Drivers\STM32F4xx_HAL_Driver\Src\stm32f4xx_hal_rcc.o
 .debug_frame   0x00001910       0xd4 Drivers\STM32F4xx_HAL_Driver\Src\stm32f4xx_hal_gpio.o
 .debug_frame   0x000019e4      0x150 Drivers\STM32F4xx_HAL_Driver\Src\stm32f4xx_hal_dma.o
 .debug_frame   0x00001b34      0x130 Drivers\STM32F4xx_HAL_Driver\Src\stm32f4xx_hal_cortex.o
 .debug_frame   0x00001c64      0x184 Drivers\STM32F4xx_HAL_Driver\Src\stm32f4xx_hal.o
 .debug_frame   0x00001de8       0x30 Drivers\CMSIS\Device\ST\STM32F4xx\Source\Templates\system_stm32f4xx.o
 .debug_frame   0x00001e18       0x2c c:/engineer/program/truestudio for arm 5.5.2/armtools/bin/../lib/gcc/arm-atollic-eabi/5.3.1/../../../../arm-atollic-eabi/lib/armv7e-m/fpu\libc.a(lib_a-init.o)
 .debug_frame   0x00001e44       0x20 c:/engineer/program/truestudio for arm 5.5.2/armtools/bin/../lib/gcc/arm-atollic-eabi/5.3.1/../../../../arm-atollic-eabi/lib/armv7e-m/fpu\libc.a(lib_a-memset.o)

Cross Reference Table

Symbol                                            File
ADC_IRQHandler                                    Drivers\CMSIS\Device\ST\STM32F4xx\Source\Templates\gcc\startup_stm32f407xx.o
AHBPrescTable                                     Drivers\CMSIS\Device\ST\STM32F4xx\Source\Templates\system_stm32f4xx.o
APBAHBPrescTable                                  Drivers\STM32F4xx_HAL_Driver\Src\stm32f4xx_hal_rcc.o
Arg2Num                                           Src\command.o
Arg3Num                                           Src\command.o
BUTTON_Clicked                                    Src\button.o
                                                  Src\SysManager.o
                                                  Src\it.o
BUTTON_Init                                       Src\button.o
BusFault_Handler                                  Drivers\CMSIS\Device\ST\STM32F4xx\Source\Templates\gcc\startup_stm32f407xx.o
ByteToHexaString                                  Src\string.o
CAN1_RX0_IRQHandler                               Drivers\CMSIS\Device\ST\STM32F4xx\Source\Templates\gcc\startup_stm32f407xx.o
CAN1_RX1_IRQHandler                               Drivers\CMSIS\Device\ST\STM32F4xx\Source\Templates\gcc\startup_stm32f407xx.o
CAN1_SCE_IRQHandler                               Drivers\CMSIS\Device\ST\STM32F4xx\Source\Templates\gcc\startup_stm32f407xx.o
CAN1_TX_IRQHandler                                Drivers\CMSIS\Device\ST\STM32F4xx\Source\Templates\gcc\startup_stm32f407xx.o
CAN2_RX0_IRQHandler                               Drivers\CMSIS\Device\ST\STM32F4xx\Source\Templates\gcc\startup_stm32f407xx.o
CAN2_RX1_IRQHandler                               Drivers\CMSIS\Device\ST\STM32F4xx\Source\Templates\gcc\startup_stm32f407xx.o
CAN2_SCE_IRQHandler                               Drivers\CMSIS\Device\ST\STM32F4xx\Source\Templates\gcc\startup_stm32f407xx.o
CAN2_TX_IRQHandler                                Drivers\CMSIS\Device\ST\STM32F4xx\Source\Templates\gcc\startup_stm32f407xx.o
COMMAND_GetCommandNum                             Src\command.o
                                                  Src\monitor.o
CommandFunction_cls                               Src\command.o
CommandFunction_flashdel                          Src\command.o
CommandFunction_flashread                         Src\command.o
CommandFunction_flashwrite                        Src\command.o
CommandFunction_go                                Src\command.o
CommandFunction_help                              Src\command.o
CommandFunction_led                               Src\command.o
CommandFunction_raspberrypi                       Src\command.o
CommandFunction_reset                             Src\command.o
CommandFunction_temp                              Src\command.o
CommandFunction_test                              Src\command.o
CommandList                                       Src\command.o
                                                  Src\monitor.o
DCMI_IRQHandler                                   Drivers\CMSIS\Device\ST\STM32F4xx\Source\Templates\gcc\startup_stm32f407xx.o
DEBUG_USART_Rx_Semaphore                          Src\monitor.o
                                                  Src\usart.o
DEBUG_USART_Tx_Semaphore                          Src\monitor.o
                                                  Src\usart.o
DMA1_Stream0_IRQHandler                           Drivers\CMSIS\Device\ST\STM32F4xx\Source\Templates\gcc\startup_stm32f407xx.o
DMA1_Stream1_IRQHandler                           Drivers\CMSIS\Device\ST\STM32F4xx\Source\Templates\gcc\startup_stm32f407xx.o
DMA1_Stream2_IRQHandler                           Drivers\CMSIS\Device\ST\STM32F4xx\Source\Templates\gcc\startup_stm32f407xx.o
DMA1_Stream3_IRQHandler                           Drivers\CMSIS\Device\ST\STM32F4xx\Source\Templates\gcc\startup_stm32f407xx.o
DMA1_Stream4_IRQHandler                           Drivers\CMSIS\Device\ST\STM32F4xx\Source\Templates\gcc\startup_stm32f407xx.o
DMA1_Stream5_IRQHandler                           Drivers\CMSIS\Device\ST\STM32F4xx\Source\Templates\gcc\startup_stm32f407xx.o
DMA1_Stream6_IRQHandler                           Drivers\CMSIS\Device\ST\STM32F4xx\Source\Templates\gcc\startup_stm32f407xx.o
DMA1_Stream7_IRQHandler                           Drivers\CMSIS\Device\ST\STM32F4xx\Source\Templates\gcc\startup_stm32f407xx.o
DMA2_Stream0_IRQHandler                           Drivers\CMSIS\Device\ST\STM32F4xx\Source\Templates\gcc\startup_stm32f407xx.o
DMA2_Stream1_IRQHandler                           Drivers\CMSIS\Device\ST\STM32F4xx\Source\Templates\gcc\startup_stm32f407xx.o
DMA2_Stream2_IRQHandler                           Drivers\CMSIS\Device\ST\STM32F4xx\Source\Templates\gcc\startup_stm32f407xx.o
DMA2_Stream3_IRQHandler                           Drivers\CMSIS\Device\ST\STM32F4xx\Source\Templates\gcc\startup_stm32f407xx.o
DMA2_Stream4_IRQHandler                           Drivers\CMSIS\Device\ST\STM32F4xx\Source\Templates\gcc\startup_stm32f407xx.o
DMA2_Stream5_IRQHandler                           Drivers\CMSIS\Device\ST\STM32F4xx\Source\Templates\gcc\startup_stm32f407xx.o
DMA2_Stream6_IRQHandler                           Drivers\CMSIS\Device\ST\STM32F4xx\Source\Templates\gcc\startup_stm32f407xx.o
DMA2_Stream7_IRQHandler                           Drivers\CMSIS\Device\ST\STM32F4xx\Source\Templates\gcc\startup_stm32f407xx.o
DataTypeParity_List                               Src\homeautmessage.o
DebugMon_Handler                                  Drivers\CMSIS\Device\ST\STM32F4xx\Source\Templates\gcc\startup_stm32f407xx.o
Debug_UartHandle                                  Src\usart.o
DecimalCharToNum                                  Src\string.o
DecimalToHexaString                               Src\string.o
                                                  Src\homeautmessage.o
                                                  Src\usart.o
Default_Handler                                   Drivers\CMSIS\Device\ST\STM32F4xx\Source\Templates\gcc\startup_stm32f407xx.o
DeviceStatus                                      Src\SysManager.o
ESP8266_BufferReset                               Src\ESP8266.o
ESP8266_Config                                    Src\ESP8266.o
ESP8266_ConnectToWifiNetwork                      Src\ESP8266.o
ESP8266_ConnectionStatus                          Src\ESP8266.o
                                                  Src\SysManager.o
ESP8266_DebugEnableFlag                           Src\ESP8266.o
ESP8266_FindServer                                Src\ESP8266.o
ESP8266_ImServer                                  Src\ESP8266.o
ESP8266_Init                                      Src\ESP8266.o
ESP8266_MyIpAddressDecimal                        Src\ESP8266.o
                                                  Src\SysManager.o
ESP8266_MyIpAddressString                         Src\ESP8266.o
ESP8266_ReceiveBuffer                             Src\ESP8266.o
                                                  Src\usart.o
ESP8266_ReceiveBuffer_Cnt                         Src\ESP8266.o
                                                  Src\usart.o
ESP8266_ReceiveFixTcpMessage                      Src\ESP8266.o
ESP8266_ReceiveString                             Src\ESP8266.o
ESP8266_ReceiveUnknownTcpMessage                  Src\ESP8266.o
ESP8266_Receive_Mode_FixLength                    Src\ESP8266.o
                                                  Src\usart.o
ESP8266_ReceivedMessage_Queue                     Src\ESP8266.o
                                                  Src\SysManager.o
ESP8266_SendMessageToQueue                        Src\ESP8266.o
                                                  Src\homeautmessage.o
ESP8266_SendMessage_Queue                         Src\ESP8266.o
ESP8266_SendString                                Src\ESP8266.o
ESP8266_SendTcpMessage                            Src\ESP8266.o
ESP8266_StartServer                               Src\ESP8266.o
ESP8266_StartServerBlocking                       Src\ESP8266.o
ESP8266_Task                                      Src\ESP8266.o
ESP8266_TcpConnectionStatus                       Src\ESP8266.o
ESP8266_Test                                      Src\ESP8266.o
ESP8266_TransmitBuffer                            Src\ESP8266.o
ESP8266_USART_Rx_Semaphore                        Src\ESP8266.o
                                                  Src\usart.o
ESP8266_UartHandle                                Src\ESP8266.o
                                                  Src\usart.o
ESP8266_Uart_ReceivedCharFlag                     Src\ESP8266.o
ESP8266_WaitAnswer                                Src\ESP8266.o
ESP8266_WaitMessageAndCheckSendingQueue           Src\ESP8266.o
ETH_IRQHandler                                    Drivers\CMSIS\Device\ST\STM32F4xx\Source\Templates\gcc\startup_stm32f407xx.o
ETH_WKUP_IRQHandler                               Drivers\CMSIS\Device\ST\STM32F4xx\Source\Templates\gcc\startup_stm32f407xx.o
EXTI0_IRQHandler                                  Src\it.o
EXTI15_10_IRQHandler                              Drivers\CMSIS\Device\ST\STM32F4xx\Source\Templates\gcc\startup_stm32f407xx.o
EXTI1_IRQHandler                                  Drivers\CMSIS\Device\ST\STM32F4xx\Source\Templates\gcc\startup_stm32f407xx.o
EXTI2_IRQHandler                                  Drivers\CMSIS\Device\ST\STM32F4xx\Source\Templates\gcc\startup_stm32f407xx.o
EXTI3_IRQHandler                                  Drivers\CMSIS\Device\ST\STM32F4xx\Source\Templates\gcc\startup_stm32f407xx.o
EXTI4_IRQHandler                                  Drivers\CMSIS\Device\ST\STM32F4xx\Source\Templates\gcc\startup_stm32f407xx.o
EXTI9_5_IRQHandler                                Src\it.o
Error_Handler                                     Src\main.o
                                                  Src\ESP8266.o
                                                  Src\raspberrypi.o
                                                  Src\usart.o
FLASH_Erase_Sector                                Drivers\STM32F4xx_HAL_Driver\Src\stm32f4xx_hal_flash_ex.o
                                                  Drivers\STM32F4xx_HAL_Driver\Src\stm32f4xx_hal_flash.o
FLASH_FlushCaches                                 Drivers\STM32F4xx_HAL_Driver\Src\stm32f4xx_hal_flash_ex.o
                                                  Drivers\STM32F4xx_HAL_Driver\Src\stm32f4xx_hal_flash.o
FLASH_IRQHandler                                  Drivers\CMSIS\Device\ST\STM32F4xx\Source\Templates\gcc\startup_stm32f407xx.o
FLASH_WaitForLastOperation                        Drivers\STM32F4xx_HAL_Driver\Src\stm32f4xx_hal_flash.o
                                                  Drivers\STM32F4xx_HAL_Driver\Src\stm32f4xx_hal_flash_ex.o
FPU_IRQHandler                                    Drivers\CMSIS\Device\ST\STM32F4xx\Source\Templates\gcc\startup_stm32f407xx.o
FSMC_IRQHandler                                   Drivers\CMSIS\Device\ST\STM32F4xx\Source\Templates\gcc\startup_stm32f407xx.o
FloatToString                                     Src\string.o
                                                  Src\usart.o
FunctionTypeParity_List                           Src\homeautmessage.o
GLOBAL_IO_Sensor_Motion_Move                      Src\IO.o
GLOBAL_IO_Sensor_Sound_Impact_Sound               Src\IO.o
HAL_DBGMCU_DisableDBGSleepMode                    Drivers\STM32F4xx_HAL_Driver\Src\stm32f4xx_hal.o
HAL_DBGMCU_DisableDBGStandbyMode                  Drivers\STM32F4xx_HAL_Driver\Src\stm32f4xx_hal.o
HAL_DBGMCU_DisableDBGStopMode                     Drivers\STM32F4xx_HAL_Driver\Src\stm32f4xx_hal.o
HAL_DBGMCU_EnableDBGSleepMode                     Drivers\STM32F4xx_HAL_Driver\Src\stm32f4xx_hal.o
HAL_DBGMCU_EnableDBGStandbyMode                   Drivers\STM32F4xx_HAL_Driver\Src\stm32f4xx_hal.o
HAL_DBGMCU_EnableDBGStopMode                      Drivers\STM32F4xx_HAL_Driver\Src\stm32f4xx_hal.o
HAL_DMAEx_ChangeMemory                            Drivers\STM32F4xx_HAL_Driver\Src\stm32f4xx_hal_dma_ex.o
HAL_DMAEx_MultiBufferStart                        Drivers\STM32F4xx_HAL_Driver\Src\stm32f4xx_hal_dma_ex.o
HAL_DMAEx_MultiBufferStart_IT                     Drivers\STM32F4xx_HAL_Driver\Src\stm32f4xx_hal_dma_ex.o
HAL_DMA_Abort                                     Drivers\STM32F4xx_HAL_Driver\Src\stm32f4xx_hal_dma.o
                                                  Drivers\STM32F4xx_HAL_Driver\Src\stm32f4xx_hal_tim.o
                                                  Drivers\STM32F4xx_HAL_Driver\Src\stm32f4xx_hal_uart.o
HAL_DMA_Abort_IT                                  Drivers\STM32F4xx_HAL_Driver\Src\stm32f4xx_hal_dma.o
                                                  Drivers\STM32F4xx_HAL_Driver\Src\stm32f4xx_hal_uart.o
HAL_DMA_DeInit                                    Drivers\STM32F4xx_HAL_Driver\Src\stm32f4xx_hal_dma.o
HAL_DMA_GetError                                  Drivers\STM32F4xx_HAL_Driver\Src\stm32f4xx_hal_dma.o
HAL_DMA_GetState                                  Drivers\STM32F4xx_HAL_Driver\Src\stm32f4xx_hal_dma.o
HAL_DMA_IRQHandler                                Drivers\STM32F4xx_HAL_Driver\Src\stm32f4xx_hal_dma.o
HAL_DMA_Init                                      Drivers\STM32F4xx_HAL_Driver\Src\stm32f4xx_hal_dma.o
HAL_DMA_PollForTransfer                           Drivers\STM32F4xx_HAL_Driver\Src\stm32f4xx_hal_dma.o
HAL_DMA_RegisterCallback                          Drivers\STM32F4xx_HAL_Driver\Src\stm32f4xx_hal_dma.o
HAL_DMA_Start                                     Drivers\STM32F4xx_HAL_Driver\Src\stm32f4xx_hal_dma.o
HAL_DMA_Start_IT                                  Drivers\STM32F4xx_HAL_Driver\Src\stm32f4xx_hal_dma.o
                                                  Drivers\STM32F4xx_HAL_Driver\Src\stm32f4xx_hal_tim.o
                                                  Drivers\STM32F4xx_HAL_Driver\Src\stm32f4xx_hal_tim_ex.o
                                                  Drivers\STM32F4xx_HAL_Driver\Src\stm32f4xx_hal_uart.o
HAL_DMA_UnRegisterCallback                        Drivers\STM32F4xx_HAL_Driver\Src\stm32f4xx_hal_dma.o
HAL_DeInit                                        Drivers\STM32F4xx_HAL_Driver\Src\stm32f4xx_hal.o
HAL_Delay                                         Drivers\STM32F4xx_HAL_Driver\Src\stm32f4xx_hal.o
                                                  Src\ESP8266.o
                                                  Src\usart.o
HAL_DisableCompensationCell                       Drivers\STM32F4xx_HAL_Driver\Src\stm32f4xx_hal.o
HAL_EnableCompensationCell                        Drivers\STM32F4xx_HAL_Driver\Src\stm32f4xx_hal.o
HAL_FLASHEx_Erase                                 Drivers\STM32F4xx_HAL_Driver\Src\stm32f4xx_hal_flash_ex.o
HAL_FLASHEx_Erase_IT                              Drivers\STM32F4xx_HAL_Driver\Src\stm32f4xx_hal_flash_ex.o
HAL_FLASHEx_OBGetConfig                           Drivers\STM32F4xx_HAL_Driver\Src\stm32f4xx_hal_flash_ex.o
HAL_FLASHEx_OBProgram                             Drivers\STM32F4xx_HAL_Driver\Src\stm32f4xx_hal_flash_ex.o
HAL_FLASH_EndOfOperationCallback                  Drivers\STM32F4xx_HAL_Driver\Src\stm32f4xx_hal_flash.o
HAL_FLASH_GetError                                Drivers\STM32F4xx_HAL_Driver\Src\stm32f4xx_hal_flash.o
HAL_FLASH_IRQHandler                              Drivers\STM32F4xx_HAL_Driver\Src\stm32f4xx_hal_flash.o
HAL_FLASH_Lock                                    Drivers\STM32F4xx_HAL_Driver\Src\stm32f4xx_hal_flash.o
HAL_FLASH_OB_Launch                               Drivers\STM32F4xx_HAL_Driver\Src\stm32f4xx_hal_flash.o
HAL_FLASH_OB_Lock                                 Drivers\STM32F4xx_HAL_Driver\Src\stm32f4xx_hal_flash.o
HAL_FLASH_OB_Unlock                               Drivers\STM32F4xx_HAL_Driver\Src\stm32f4xx_hal_flash.o
HAL_FLASH_OperationErrorCallback                  Drivers\STM32F4xx_HAL_Driver\Src\stm32f4xx_hal_flash.o
HAL_FLASH_Program                                 Drivers\STM32F4xx_HAL_Driver\Src\stm32f4xx_hal_flash.o
HAL_FLASH_Program_IT                              Drivers\STM32F4xx_HAL_Driver\Src\stm32f4xx_hal_flash.o
HAL_FLASH_Unlock                                  Drivers\STM32F4xx_HAL_Driver\Src\stm32f4xx_hal_flash.o
HAL_GPIO_DeInit                                   Drivers\STM32F4xx_HAL_Driver\Src\stm32f4xx_hal_gpio.o
                                                  Src\stm32f4xx_hal_msp.o
HAL_GPIO_EXTI_Callback                            Src\it.o
HAL_GPIO_EXTI_IRQHandler                          Drivers\STM32F4xx_HAL_Driver\Src\stm32f4xx_hal_gpio.o
                                                  Src\it.o
HAL_GPIO_Init                                     Drivers\STM32F4xx_HAL_Driver\Src\stm32f4xx_hal_gpio.o
                                                  Drivers\STM32F4xx_HAL_Driver\Src\stm32f4xx_hal_rcc.o
                                                  Src\ESP8266.o
                                                  Src\IO.o
                                                  Src\button.o
                                                  Src\led.o
                                                  Src\main.o
                                                  Src\raspberrypi.o
                                                  Src\usart.o
HAL_GPIO_LockPin                                  Drivers\STM32F4xx_HAL_Driver\Src\stm32f4xx_hal_gpio.o
HAL_GPIO_ReadPin                                  Drivers\STM32F4xx_HAL_Driver\Src\stm32f4xx_hal_gpio.o
                                                  Src\command.o
                                                  Src\it.o
HAL_GPIO_TogglePin                                Drivers\STM32F4xx_HAL_Driver\Src\stm32f4xx_hal_gpio.o
                                                  Src\SysManager.o
                                                  Src\command.o
                                                  Src\it.o
HAL_GPIO_WritePin                                 Drivers\STM32F4xx_HAL_Driver\Src\stm32f4xx_hal_gpio.o
                                                  Src\ESP8266.o
                                                  Src\IO.o
                                                  Src\command.o
                                                  Src\homeautmessage.o
                                                  Src\led.o
                                                  Src\main.o
HAL_GetDEVID                                      Drivers\STM32F4xx_HAL_Driver\Src\stm32f4xx_hal.o
HAL_GetHalVersion                                 Drivers\STM32F4xx_HAL_Driver\Src\stm32f4xx_hal.o
HAL_GetREVID                                      Drivers\STM32F4xx_HAL_Driver\Src\stm32f4xx_hal.o
HAL_GetTick                                       Drivers\STM32F4xx_HAL_Driver\Src\stm32f4xx_hal.o
                                                  Drivers\STM32F4xx_HAL_Driver\Src\stm32f4xx_hal_dma.o
                                                  Drivers\STM32F4xx_HAL_Driver\Src\stm32f4xx_hal_flash.o
                                                  Drivers\STM32F4xx_HAL_Driver\Src\stm32f4xx_hal_pwr_ex.o
                                                  Drivers\STM32F4xx_HAL_Driver\Src\stm32f4xx_hal_rcc.o
                                                  Drivers\STM32F4xx_HAL_Driver\Src\stm32f4xx_hal_rcc_ex.o
                                                  Drivers\STM32F4xx_HAL_Driver\Src\stm32f4xx_hal_uart.o
HAL_HalfDuplex_EnableReceiver                     Drivers\STM32F4xx_HAL_Driver\Src\stm32f4xx_hal_uart.o
HAL_HalfDuplex_EnableTransmitter                  Drivers\STM32F4xx_HAL_Driver\Src\stm32f4xx_hal_uart.o
HAL_HalfDuplex_Init                               Drivers\STM32F4xx_HAL_Driver\Src\stm32f4xx_hal_uart.o
HAL_IncTick                                       Drivers\STM32F4xx_HAL_Driver\Src\stm32f4xx_hal.o
                                                  Src\stm32f4xx_it.o
HAL_Init                                          Drivers\STM32F4xx_HAL_Driver\Src\stm32f4xx_hal.o
                                                  Src\main.o
HAL_InitTick                                      Drivers\STM32F4xx_HAL_Driver\Src\stm32f4xx_hal.o
                                                  Drivers\STM32F4xx_HAL_Driver\Src\stm32f4xx_hal_rcc.o
HAL_LIN_Init                                      Drivers\STM32F4xx_HAL_Driver\Src\stm32f4xx_hal_uart.o
HAL_LIN_SendBreak                                 Drivers\STM32F4xx_HAL_Driver\Src\stm32f4xx_hal_uart.o
HAL_MPU_ConfigRegion                              Drivers\STM32F4xx_HAL_Driver\Src\stm32f4xx_hal_cortex.o
HAL_MspDeInit                                     Drivers\STM32F4xx_HAL_Driver\Src\stm32f4xx_hal.o
HAL_MspInit                                       Src\stm32f4xx_hal_msp.o
HAL_MultiProcessor_EnterMuteMode                  Drivers\STM32F4xx_HAL_Driver\Src\stm32f4xx_hal_uart.o
HAL_MultiProcessor_ExitMuteMode                   Drivers\STM32F4xx_HAL_Driver\Src\stm32f4xx_hal_uart.o
HAL_MultiProcessor_Init                           Drivers\STM32F4xx_HAL_Driver\Src\stm32f4xx_hal_uart.o
HAL_NVIC_ClearPendingIRQ                          Drivers\STM32F4xx_HAL_Driver\Src\stm32f4xx_hal_cortex.o
HAL_NVIC_DisableIRQ                               Drivers\STM32F4xx_HAL_Driver\Src\stm32f4xx_hal_cortex.o
HAL_NVIC_EnableIRQ                                Drivers\STM32F4xx_HAL_Driver\Src\stm32f4xx_hal_cortex.o
                                                  Src\button.o
                                                  Src\raspberrypi.o
                                                  Src\usart.o
HAL_NVIC_GetActive                                Drivers\STM32F4xx_HAL_Driver\Src\stm32f4xx_hal_cortex.o
HAL_NVIC_GetPendingIRQ                            Drivers\STM32F4xx_HAL_Driver\Src\stm32f4xx_hal_cortex.o
HAL_NVIC_GetPriority                              Drivers\STM32F4xx_HAL_Driver\Src\stm32f4xx_hal_cortex.o
HAL_NVIC_GetPriorityGrouping                      Drivers\STM32F4xx_HAL_Driver\Src\stm32f4xx_hal_cortex.o
HAL_NVIC_SetPendingIRQ                            Drivers\STM32F4xx_HAL_Driver\Src\stm32f4xx_hal_cortex.o
HAL_NVIC_SetPriority                              Drivers\STM32F4xx_HAL_Driver\Src\stm32f4xx_hal_cortex.o
                                                  Drivers\STM32F4xx_HAL_Driver\Src\stm32f4xx_hal.o
                                                  Src\button.o
                                                  Src\main.o
                                                  Src\raspberrypi.o
                                                  Src\stm32f4xx_hal_msp.o
                                                  Src\usart.o
HAL_NVIC_SetPriorityGrouping                      Drivers\STM32F4xx_HAL_Driver\Src\stm32f4xx_hal_cortex.o
                                                  Drivers\STM32F4xx_HAL_Driver\Src\stm32f4xx_hal.o
                                                  Src\stm32f4xx_hal_msp.o
HAL_NVIC_SystemReset                              Drivers\STM32F4xx_HAL_Driver\Src\stm32f4xx_hal_cortex.o
HAL_PWREx_ControlVoltageScaling                   Drivers\STM32F4xx_HAL_Driver\Src\stm32f4xx_hal_pwr_ex.o
HAL_PWREx_DisableBkUpReg                          Drivers\STM32F4xx_HAL_Driver\Src\stm32f4xx_hal_pwr_ex.o
HAL_PWREx_DisableFlashPowerDown                   Drivers\STM32F4xx_HAL_Driver\Src\stm32f4xx_hal_pwr_ex.o
HAL_PWREx_EnableBkUpReg                           Drivers\STM32F4xx_HAL_Driver\Src\stm32f4xx_hal_pwr_ex.o
HAL_PWREx_EnableFlashPowerDown                    Drivers\STM32F4xx_HAL_Driver\Src\stm32f4xx_hal_pwr_ex.o
HAL_PWREx_GetVoltageRange                         Drivers\STM32F4xx_HAL_Driver\Src\stm32f4xx_hal_pwr_ex.o
HAL_PWR_ConfigPVD                                 Drivers\STM32F4xx_HAL_Driver\Src\stm32f4xx_hal_pwr.o
HAL_PWR_DeInit                                    Drivers\STM32F4xx_HAL_Driver\Src\stm32f4xx_hal_pwr.o
HAL_PWR_DisableBkUpAccess                         Drivers\STM32F4xx_HAL_Driver\Src\stm32f4xx_hal_pwr.o
HAL_PWR_DisablePVD                                Drivers\STM32F4xx_HAL_Driver\Src\stm32f4xx_hal_pwr.o
HAL_PWR_DisableSEVOnPend                          Drivers\STM32F4xx_HAL_Driver\Src\stm32f4xx_hal_pwr.o
HAL_PWR_DisableSleepOnExit                        Drivers\STM32F4xx_HAL_Driver\Src\stm32f4xx_hal_pwr.o
HAL_PWR_DisableWakeUpPin                          Drivers\STM32F4xx_HAL_Driver\Src\stm32f4xx_hal_pwr.o
HAL_PWR_EnableBkUpAccess                          Drivers\STM32F4xx_HAL_Driver\Src\stm32f4xx_hal_pwr.o
HAL_PWR_EnablePVD                                 Drivers\STM32F4xx_HAL_Driver\Src\stm32f4xx_hal_pwr.o
HAL_PWR_EnableSEVOnPend                           Drivers\STM32F4xx_HAL_Driver\Src\stm32f4xx_hal_pwr.o
HAL_PWR_EnableSleepOnExit                         Drivers\STM32F4xx_HAL_Driver\Src\stm32f4xx_hal_pwr.o
HAL_PWR_EnableWakeUpPin                           Drivers\STM32F4xx_HAL_Driver\Src\stm32f4xx_hal_pwr.o
HAL_PWR_EnterSLEEPMode                            Drivers\STM32F4xx_HAL_Driver\Src\stm32f4xx_hal_pwr.o
HAL_PWR_EnterSTANDBYMode                          Drivers\STM32F4xx_HAL_Driver\Src\stm32f4xx_hal_pwr.o
HAL_PWR_EnterSTOPMode                             Drivers\STM32F4xx_HAL_Driver\Src\stm32f4xx_hal_pwr.o
HAL_PWR_PVDCallback                               Drivers\STM32F4xx_HAL_Driver\Src\stm32f4xx_hal_pwr.o
HAL_PWR_PVD_IRQHandler                            Drivers\STM32F4xx_HAL_Driver\Src\stm32f4xx_hal_pwr.o
HAL_RCCEx_GetPeriphCLKConfig                      Drivers\STM32F4xx_HAL_Driver\Src\stm32f4xx_hal_rcc_ex.o
HAL_RCCEx_PeriphCLKConfig                         Drivers\STM32F4xx_HAL_Driver\Src\stm32f4xx_hal_rcc_ex.o
HAL_RCC_CSSCallback                               Drivers\STM32F4xx_HAL_Driver\Src\stm32f4xx_hal_rcc.o
HAL_RCC_ClockConfig                               Drivers\STM32F4xx_HAL_Driver\Src\stm32f4xx_hal_rcc.o
                                                  Src\main.o
HAL_RCC_DeInit                                    Drivers\STM32F4xx_HAL_Driver\Src\stm32f4xx_hal_rcc_ex.o
HAL_RCC_DisableCSS                                Drivers\STM32F4xx_HAL_Driver\Src\stm32f4xx_hal_rcc.o
HAL_RCC_EnableCSS                                 Drivers\STM32F4xx_HAL_Driver\Src\stm32f4xx_hal_rcc.o
HAL_RCC_GetClockConfig                            Drivers\STM32F4xx_HAL_Driver\Src\stm32f4xx_hal_rcc.o
HAL_RCC_GetHCLKFreq                               Drivers\STM32F4xx_HAL_Driver\Src\stm32f4xx_hal_rcc.o
                                                  Src\main.o
HAL_RCC_GetOscConfig                              Drivers\STM32F4xx_HAL_Driver\Src\stm32f4xx_hal_rcc.o
HAL_RCC_GetPCLK1Freq                              Drivers\STM32F4xx_HAL_Driver\Src\stm32f4xx_hal_rcc.o
                                                  Drivers\STM32F4xx_HAL_Driver\Src\stm32f4xx_hal_uart.o
HAL_RCC_GetPCLK2Freq                              Drivers\STM32F4xx_HAL_Driver\Src\stm32f4xx_hal_rcc.o
                                                  Drivers\STM32F4xx_HAL_Driver\Src\stm32f4xx_hal_uart.o
HAL_RCC_GetSysClockFreq                           Drivers\STM32F4xx_HAL_Driver\Src\stm32f4xx_hal_rcc.o
HAL_RCC_MCOConfig                                 Drivers\STM32F4xx_HAL_Driver\Src\stm32f4xx_hal_rcc.o
HAL_RCC_NMI_IRQHandler                            Drivers\STM32F4xx_HAL_Driver\Src\stm32f4xx_hal_rcc.o
HAL_RCC_OscConfig                                 Drivers\STM32F4xx_HAL_Driver\Src\stm32f4xx_hal_rcc.o
                                                  Src\main.o
HAL_ResumeTick                                    Drivers\STM32F4xx_HAL_Driver\Src\stm32f4xx_hal.o
HAL_SYSTICK_CLKSourceConfig                       Drivers\STM32F4xx_HAL_Driver\Src\stm32f4xx_hal_cortex.o
                                                  Src\main.o
HAL_SYSTICK_Callback                              Drivers\STM32F4xx_HAL_Driver\Src\stm32f4xx_hal_cortex.o
HAL_SYSTICK_Config                                Drivers\STM32F4xx_HAL_Driver\Src\stm32f4xx_hal_cortex.o
                                                  Drivers\STM32F4xx_HAL_Driver\Src\stm32f4xx_hal.o
                                                  Src\main.o
HAL_SYSTICK_IRQHandler                            Drivers\STM32F4xx_HAL_Driver\Src\stm32f4xx_hal_cortex.o
HAL_SuspendTick                                   Drivers\STM32F4xx_HAL_Driver\Src\stm32f4xx_hal.o
HAL_TIMEx_BreakCallback                           Drivers\STM32F4xx_HAL_Driver\Src\stm32f4xx_hal_tim_ex.o
                                                  Drivers\STM32F4xx_HAL_Driver\Src\stm32f4xx_hal_tim.o
HAL_TIMEx_CommutationCallback                     Drivers\STM32F4xx_HAL_Driver\Src\stm32f4xx_hal_tim_ex.o
                                                  Drivers\STM32F4xx_HAL_Driver\Src\stm32f4xx_hal_tim.o
HAL_TIMEx_ConfigBreakDeadTime                     Drivers\STM32F4xx_HAL_Driver\Src\stm32f4xx_hal_tim_ex.o
HAL_TIMEx_ConfigCommutationEvent                  Drivers\STM32F4xx_HAL_Driver\Src\stm32f4xx_hal_tim_ex.o
HAL_TIMEx_ConfigCommutationEvent_DMA              Drivers\STM32F4xx_HAL_Driver\Src\stm32f4xx_hal_tim_ex.o
HAL_TIMEx_ConfigCommutationEvent_IT               Drivers\STM32F4xx_HAL_Driver\Src\stm32f4xx_hal_tim_ex.o
HAL_TIMEx_HallSensor_DeInit                       Drivers\STM32F4xx_HAL_Driver\Src\stm32f4xx_hal_tim_ex.o
HAL_TIMEx_HallSensor_GetState                     Drivers\STM32F4xx_HAL_Driver\Src\stm32f4xx_hal_tim_ex.o
HAL_TIMEx_HallSensor_Init                         Drivers\STM32F4xx_HAL_Driver\Src\stm32f4xx_hal_tim_ex.o
HAL_TIMEx_HallSensor_MspDeInit                    Drivers\STM32F4xx_HAL_Driver\Src\stm32f4xx_hal_tim_ex.o
HAL_TIMEx_HallSensor_MspInit                      Drivers\STM32F4xx_HAL_Driver\Src\stm32f4xx_hal_tim_ex.o
HAL_TIMEx_HallSensor_Start                        Drivers\STM32F4xx_HAL_Driver\Src\stm32f4xx_hal_tim_ex.o
HAL_TIMEx_HallSensor_Start_DMA                    Drivers\STM32F4xx_HAL_Driver\Src\stm32f4xx_hal_tim_ex.o
HAL_TIMEx_HallSensor_Start_IT                     Drivers\STM32F4xx_HAL_Driver\Src\stm32f4xx_hal_tim_ex.o
HAL_TIMEx_HallSensor_Stop                         Drivers\STM32F4xx_HAL_Driver\Src\stm32f4xx_hal_tim_ex.o
HAL_TIMEx_HallSensor_Stop_DMA                     Drivers\STM32F4xx_HAL_Driver\Src\stm32f4xx_hal_tim_ex.o
HAL_TIMEx_HallSensor_Stop_IT                      Drivers\STM32F4xx_HAL_Driver\Src\stm32f4xx_hal_tim_ex.o
HAL_TIMEx_MasterConfigSynchronization             Drivers\STM32F4xx_HAL_Driver\Src\stm32f4xx_hal_tim_ex.o
HAL_TIMEx_OCN_Start                               Drivers\STM32F4xx_HAL_Driver\Src\stm32f4xx_hal_tim_ex.o
HAL_TIMEx_OCN_Start_DMA                           Drivers\STM32F4xx_HAL_Driver\Src\stm32f4xx_hal_tim_ex.o
HAL_TIMEx_OCN_Start_IT                            Drivers\STM32F4xx_HAL_Driver\Src\stm32f4xx_hal_tim_ex.o
HAL_TIMEx_OCN_Stop                                Drivers\STM32F4xx_HAL_Driver\Src\stm32f4xx_hal_tim_ex.o
HAL_TIMEx_OCN_Stop_DMA                            Drivers\STM32F4xx_HAL_Driver\Src\stm32f4xx_hal_tim_ex.o
HAL_TIMEx_OCN_Stop_IT                             Drivers\STM32F4xx_HAL_Driver\Src\stm32f4xx_hal_tim_ex.o
HAL_TIMEx_OnePulseN_Start                         Drivers\STM32F4xx_HAL_Driver\Src\stm32f4xx_hal_tim_ex.o
HAL_TIMEx_OnePulseN_Start_IT                      Drivers\STM32F4xx_HAL_Driver\Src\stm32f4xx_hal_tim_ex.o
HAL_TIMEx_OnePulseN_Stop                          Drivers\STM32F4xx_HAL_Driver\Src\stm32f4xx_hal_tim_ex.o
HAL_TIMEx_OnePulseN_Stop_IT                       Drivers\STM32F4xx_HAL_Driver\Src\stm32f4xx_hal_tim_ex.o
HAL_TIMEx_PWMN_Start                              Drivers\STM32F4xx_HAL_Driver\Src\stm32f4xx_hal_tim_ex.o
HAL_TIMEx_PWMN_Start_DMA                          Drivers\STM32F4xx_HAL_Driver\Src\stm32f4xx_hal_tim_ex.o
HAL_TIMEx_PWMN_Start_IT                           Drivers\STM32F4xx_HAL_Driver\Src\stm32f4xx_hal_tim_ex.o
HAL_TIMEx_PWMN_Stop                               Drivers\STM32F4xx_HAL_Driver\Src\stm32f4xx_hal_tim_ex.o
HAL_TIMEx_PWMN_Stop_DMA                           Drivers\STM32F4xx_HAL_Driver\Src\stm32f4xx_hal_tim_ex.o
HAL_TIMEx_PWMN_Stop_IT                            Drivers\STM32F4xx_HAL_Driver\Src\stm32f4xx_hal_tim_ex.o
HAL_TIMEx_RemapConfig                             Drivers\STM32F4xx_HAL_Driver\Src\stm32f4xx_hal_tim_ex.o
HAL_TIM_Base_DeInit                               Drivers\STM32F4xx_HAL_Driver\Src\stm32f4xx_hal_tim.o
HAL_TIM_Base_GetState                             Drivers\STM32F4xx_HAL_Driver\Src\stm32f4xx_hal_tim.o
HAL_TIM_Base_Init                                 Drivers\STM32F4xx_HAL_Driver\Src\stm32f4xx_hal_tim.o
HAL_TIM_Base_MspDeInit                            Drivers\STM32F4xx_HAL_Driver\Src\stm32f4xx_hal_tim.o
HAL_TIM_Base_MspInit                              Drivers\STM32F4xx_HAL_Driver\Src\stm32f4xx_hal_tim.o
HAL_TIM_Base_Start                                Drivers\STM32F4xx_HAL_Driver\Src\stm32f4xx_hal_tim.o
HAL_TIM_Base_Start_DMA                            Drivers\STM32F4xx_HAL_Driver\Src\stm32f4xx_hal_tim.o
HAL_TIM_Base_Start_IT                             Drivers\STM32F4xx_HAL_Driver\Src\stm32f4xx_hal_tim.o
HAL_TIM_Base_Stop                                 Drivers\STM32F4xx_HAL_Driver\Src\stm32f4xx_hal_tim.o
HAL_TIM_Base_Stop_DMA                             Drivers\STM32F4xx_HAL_Driver\Src\stm32f4xx_hal_tim.o
HAL_TIM_Base_Stop_IT                              Drivers\STM32F4xx_HAL_Driver\Src\stm32f4xx_hal_tim.o
HAL_TIM_ConfigClockSource                         Drivers\STM32F4xx_HAL_Driver\Src\stm32f4xx_hal_tim.o
HAL_TIM_ConfigOCrefClear                          Drivers\STM32F4xx_HAL_Driver\Src\stm32f4xx_hal_tim.o
HAL_TIM_ConfigTI1Input                            Drivers\STM32F4xx_HAL_Driver\Src\stm32f4xx_hal_tim.o
HAL_TIM_DMABurst_ReadStart                        Drivers\STM32F4xx_HAL_Driver\Src\stm32f4xx_hal_tim.o
HAL_TIM_DMABurst_ReadStop                         Drivers\STM32F4xx_HAL_Driver\Src\stm32f4xx_hal_tim.o
HAL_TIM_DMABurst_WriteStart                       Drivers\STM32F4xx_HAL_Driver\Src\stm32f4xx_hal_tim.o
HAL_TIM_DMABurst_WriteStop                        Drivers\STM32F4xx_HAL_Driver\Src\stm32f4xx_hal_tim.o
HAL_TIM_Encoder_DeInit                            Drivers\STM32F4xx_HAL_Driver\Src\stm32f4xx_hal_tim.o
HAL_TIM_Encoder_GetState                          Drivers\STM32F4xx_HAL_Driver\Src\stm32f4xx_hal_tim.o
HAL_TIM_Encoder_Init                              Drivers\STM32F4xx_HAL_Driver\Src\stm32f4xx_hal_tim.o
HAL_TIM_Encoder_MspDeInit                         Drivers\STM32F4xx_HAL_Driver\Src\stm32f4xx_hal_tim.o
HAL_TIM_Encoder_MspInit                           Drivers\STM32F4xx_HAL_Driver\Src\stm32f4xx_hal_tim.o
HAL_TIM_Encoder_Start                             Drivers\STM32F4xx_HAL_Driver\Src\stm32f4xx_hal_tim.o
HAL_TIM_Encoder_Start_DMA                         Drivers\STM32F4xx_HAL_Driver\Src\stm32f4xx_hal_tim.o
HAL_TIM_Encoder_Start_IT                          Drivers\STM32F4xx_HAL_Driver\Src\stm32f4xx_hal_tim.o
HAL_TIM_Encoder_Stop                              Drivers\STM32F4xx_HAL_Driver\Src\stm32f4xx_hal_tim.o
HAL_TIM_Encoder_Stop_DMA                          Drivers\STM32F4xx_HAL_Driver\Src\stm32f4xx_hal_tim.o
HAL_TIM_Encoder_Stop_IT                           Drivers\STM32F4xx_HAL_Driver\Src\stm32f4xx_hal_tim.o
HAL_TIM_ErrorCallback                             Drivers\STM32F4xx_HAL_Driver\Src\stm32f4xx_hal_tim.o
HAL_TIM_GenerateEvent                             Drivers\STM32F4xx_HAL_Driver\Src\stm32f4xx_hal_tim.o
HAL_TIM_IC_CaptureCallback                        Drivers\STM32F4xx_HAL_Driver\Src\stm32f4xx_hal_tim.o
HAL_TIM_IC_ConfigChannel                          Drivers\STM32F4xx_HAL_Driver\Src\stm32f4xx_hal_tim.o
HAL_TIM_IC_DeInit                                 Drivers\STM32F4xx_HAL_Driver\Src\stm32f4xx_hal_tim.o
HAL_TIM_IC_GetState                               Drivers\STM32F4xx_HAL_Driver\Src\stm32f4xx_hal_tim.o
HAL_TIM_IC_Init                                   Drivers\STM32F4xx_HAL_Driver\Src\stm32f4xx_hal_tim.o
HAL_TIM_IC_MspDeInit                              Drivers\STM32F4xx_HAL_Driver\Src\stm32f4xx_hal_tim.o
HAL_TIM_IC_MspInit                                Drivers\STM32F4xx_HAL_Driver\Src\stm32f4xx_hal_tim.o
HAL_TIM_IC_Start                                  Drivers\STM32F4xx_HAL_Driver\Src\stm32f4xx_hal_tim.o
HAL_TIM_IC_Start_DMA                              Drivers\STM32F4xx_HAL_Driver\Src\stm32f4xx_hal_tim.o
HAL_TIM_IC_Start_IT                               Drivers\STM32F4xx_HAL_Driver\Src\stm32f4xx_hal_tim.o
HAL_TIM_IC_Stop                                   Drivers\STM32F4xx_HAL_Driver\Src\stm32f4xx_hal_tim.o
HAL_TIM_IC_Stop_DMA                               Drivers\STM32F4xx_HAL_Driver\Src\stm32f4xx_hal_tim.o
HAL_TIM_IC_Stop_IT                                Drivers\STM32F4xx_HAL_Driver\Src\stm32f4xx_hal_tim.o
HAL_TIM_IRQHandler                                Drivers\STM32F4xx_HAL_Driver\Src\stm32f4xx_hal_tim.o
HAL_TIM_OC_ConfigChannel                          Drivers\STM32F4xx_HAL_Driver\Src\stm32f4xx_hal_tim.o
HAL_TIM_OC_DeInit                                 Drivers\STM32F4xx_HAL_Driver\Src\stm32f4xx_hal_tim.o
HAL_TIM_OC_DelayElapsedCallback                   Drivers\STM32F4xx_HAL_Driver\Src\stm32f4xx_hal_tim.o
HAL_TIM_OC_GetState                               Drivers\STM32F4xx_HAL_Driver\Src\stm32f4xx_hal_tim.o
HAL_TIM_OC_Init                                   Drivers\STM32F4xx_HAL_Driver\Src\stm32f4xx_hal_tim.o
HAL_TIM_OC_MspDeInit                              Drivers\STM32F4xx_HAL_Driver\Src\stm32f4xx_hal_tim.o
HAL_TIM_OC_MspInit                                Drivers\STM32F4xx_HAL_Driver\Src\stm32f4xx_hal_tim.o
HAL_TIM_OC_Start                                  Drivers\STM32F4xx_HAL_Driver\Src\stm32f4xx_hal_tim.o
HAL_TIM_OC_Start_DMA                              Drivers\STM32F4xx_HAL_Driver\Src\stm32f4xx_hal_tim.o
HAL_TIM_OC_Start_IT                               Drivers\STM32F4xx_HAL_Driver\Src\stm32f4xx_hal_tim.o
HAL_TIM_OC_Stop                                   Drivers\STM32F4xx_HAL_Driver\Src\stm32f4xx_hal_tim.o
HAL_TIM_OC_Stop_DMA                               Drivers\STM32F4xx_HAL_Driver\Src\stm32f4xx_hal_tim.o
HAL_TIM_OC_Stop_IT                                Drivers\STM32F4xx_HAL_Driver\Src\stm32f4xx_hal_tim.o